Blender 4.5.9 LTS (hash 8bf95cbd38d1 built 2026-04-21 01:31:15)
Read blend: "/home/user/Doubao/chats/38444574205007618/holo-lab/generator/projects/messi-demo/card.blend"
Fra:1 Mem:24.98M (Peak 24.98M) | Time:00:00.00 | Mem:0.00M, Peak:0.00M | Scene, ViewLayer | Synchronizing object | 柔光主灯
Fra:1 Mem:24.98M (Peak 24.98M) | Time:00:00.00 | Mem:0.00M, Peak:0.00M | Scene, ViewLayer | Synchronizing object | 内圈 · 古金细边
Fra:1 Mem:24.98M (Peak 24.98M) | Time:00:00.00 | Mem:0.00M, Peak:0.00M | Scene, ViewLayer | Synchronizing object | 正面均匀补光
Fra:1 Mem:24.98M (Peak 24.98M) | Time:00:00.00 | Mem:0.00M, Peak:0.00M | Scene, ViewLayer | Synchronizing object | 顶部金光
Fra:1 Mem:24.98M (Peak 24.98M) | Time:00:00.00 | Mem:0.00M, Peak:0.00M | Scene, ViewLayer | Synchronizing object | 主体平面 · 完整视差合成
Fra:1 Mem:25.00M (Peak 25.00M) | Time:00:00.00 | Mem:0.00M, Peak:0.00M | Scene, ViewLayer | Synchronizing object | 外圈 · 全息压边
Fra:1 Mem:25.02M (Peak 25.02M) | Time:00:00.00 | Mem:0.00M, Peak:0.00M | Scene, ViewLayer | Synchronizing object | 文字平面 · Alpha PNG
Fra:1 Mem:25.03M (Peak 25.03M) | Time:00:00.00 | Mem:0.00M, Peak:0.00M | Scene, ViewLayer | Initializing
Fra:1 Mem:25.01M (Peak 25.03M) | Time:00:00.00 | Mem:0.00M, Peak:0.00M | Scene, ViewLayer | Updating Images | Loading text.png
Fra:1 Mem:25.01M (Peak 25.03M) | Time:00:00.00 | Mem:0.00M, Peak:0.00M | Scene, ViewLayer | Updating Images | Loading subject.png
Fra:1 Mem:67.21M (Peak 88.30M) | Time:00:00.14 | Mem:21.09M, Peak:21.09M | Scene, ViewLayer | Updating Images | Loading background.png
Fra:1 Mem:88.30M (Peak 109.41M) | Time:00:00.20 | Mem:42.19M, Peak:42.19M | Scene, ViewLayer | Updating Images | Loading lineart.png
Fra:1 Mem:130.50M (Peak 151.60M) | Time:00:00.29 | Mem:63.28M, Peak:63.28M | Scene, ViewLayer | Updating Images | Loading background.png
Fra:1 Mem:129.51M (Peak 151.60M) | Time:00:00.42 | Mem:105.47M, Peak:105.47M | Scene, ViewLayer | Waiting for render to start
Fra:1 Mem:129.51M (Peak 151.60M) | Time:00:00.42 | Mem:105.47M, Peak:105.47M | Scene, ViewLayer | Updating Scene
Fra:1 Mem:129.51M (Peak 151.60M) | Time:00:00.42 | Mem:105.47M, Peak:105.47M | Scene, ViewLayer | Updating Shaders
Fra:1 Mem:129.51M (Peak 151.60M) | Time:00:00.42 | Mem:105.47M, Peak:105.47M | Scene, ViewLayer | Loading render kernels (may take a few minutes the first time)
Fra:1 Mem:129.63M (Peak 151.60M) | Time:00:00.42 | Mem:105.50M, Peak:105.50M | Scene, ViewLayer | Updating Procedurals
Fra:1 Mem:129.63M (Peak 151.60M) | Time:00:00.42 | Mem:105.50M, Peak:105.50M | Scene, ViewLayer | Updating Background
Fra:1 Mem:129.63M (Peak 151.60M) | Time:00:00.42 | Mem:105.50M, Peak:105.50M | Scene, ViewLayer | Updating Camera
Fra:1 Mem:129.63M (Peak 151.60M) | Time:00:00.42 | Mem:105.50M, Peak:105.50M | Scene, ViewLayer | Updating Meshes Flags
Fra:1 Mem:129.63M (Peak 151.60M) | Time:00:00.42 | Mem:105.50M, Peak:105.50M | Scene, ViewLayer | Updating Objects
Fra:1 Mem:129.63M (Peak 151.60M) | Time:00:00.42 | Mem:105.50M, Peak:105.50M | Scene, ViewLayer | Updating Objects | Copying Transformations to device
Fra:1 Mem:129.63M (Peak 151.60M) | Time:00:00.42 | Mem:105.51M, Peak:105.51M | Scene, ViewLayer | Updating Particle Systems
Fra:1 Mem:129.63M (Peak 151.60M) | Time:00:00.42 | Mem:105.51M, Peak:105.51M | Scene, ViewLayer | Updating Particle Systems | Copying Particles to device
Fra:1 Mem:129.63M (Peak 151.60M) | Time:00:00.42 | Mem:105.51M, Peak:105.51M | Scene, ViewLayer | Updating Meshes
Fra:1 Mem:129.63M (Peak 151.60M) | Time:00:00.42 | Mem:105.51M, Peak:105.51M | Scene, ViewLayer | Updating Objects | Applying Static Transformations
Fra:1 Mem:129.63M (Peak 151.60M) | Time:00:00.42 | Mem:105.51M, Peak:105.51M | Scene, ViewLayer | Updating Mesh | Computing attributes
Fra:1 Mem:129.65M (Peak 151.60M) | Time:00:00.42 | Mem:105.51M, Peak:105.51M | Scene, ViewLayer | Updating Mesh | Copying Attributes to device
Fra:1 Mem:129.65M (Peak 151.60M) | Time:00:00.42 | Mem:105.52M, Peak:105.52M | Scene, ViewLayer | Updating Scene BVH | Building
Fra:1 Mem:129.65M (Peak 151.60M) | Time:00:00.42 | Mem:105.52M, Peak:105.52M | Scene, ViewLayer | Updating Scene BVH | Building BVH
Fra:1 Mem:129.65M (Peak 151.60M) | Time:00:00.42 | Mem:105.53M, Peak:105.53M | Scene, ViewLayer | Updating Scene BVH | Building BVH 0%
Fra:1 Mem:129.65M (Peak 151.60M) | Time:00:00.42 | Mem:105.56M, Peak:105.57M | Scene, ViewLayer | Updating Scene BVH | Copying BVH to device
Fra:1 Mem:129.65M (Peak 151.60M) | Time:00:00.42 | Mem:105.56M, Peak:105.57M | Scene, ViewLayer | Updating Mesh | Computing normals
Fra:1 Mem:129.66M (Peak 151.60M) | Time:00:00.42 | Mem:105.56M, Peak:105.57M | Scene, ViewLayer | Updating Mesh | Copying Mesh to device
Fra:1 Mem:129.66M (Peak 151.60M) | Time:00:00.42 | Mem:105.57M, Peak:105.57M | Scene, ViewLayer | Updating Objects Flags
Fra:1 Mem:129.66M (Peak 151.60M) | Time:00:00.42 | Mem:105.57M, Peak:105.57M | Scene, ViewLayer | Updating Primitive Offsets
Fra:1 Mem:129.66M (Peak 151.60M) | Time:00:00.42 | Mem:105.57M, Peak:105.57M | Scene, ViewLayer | Updating Images
Fra:1 Mem:129.66M (Peak 151.60M) | Time:00:00.42 | Mem:105.57M, Peak:105.57M | Scene, ViewLayer | Updating Camera Volume
Fra:1 Mem:129.66M (Peak 151.60M) | Time:00:00.42 | Mem:105.57M, Peak:105.57M | Scene, ViewLayer | Updating Lookup Tables
Fra:1 Mem:129.66M (Peak 151.60M) | Time:00:00.42 | Mem:105.65M, Peak:105.65M | Scene, ViewLayer | Updating Lights
Fra:1 Mem:129.66M (Peak 151.60M) | Time:00:00.42 | Mem:105.65M, Peak:105.65M | Scene, ViewLayer | Updating Lights | Computing tree
Fra:1 Mem:129.67M (Peak 151.60M) | Time:00:00.42 | Mem:105.66M, Peak:105.66M | Scene, ViewLayer | Updating Integrator
Fra:1 Mem:129.67M (Peak 151.60M) | Time:00:00.42 | Mem:105.66M, Peak:105.66M | Scene, ViewLayer | Updating Film
Fra:1 Mem:129.68M (Peak 151.60M) | Time:00:00.42 | Mem:105.58M, Peak:105.66M | Scene, ViewLayer | Updating Lookup Tables
Fra:1 Mem:129.68M (Peak 151.60M) | Time:00:00.42 | Mem:105.67M, Peak:105.67M | Scene, ViewLayer | Updating Baking
Fra:1 Mem:129.68M (Peak 151.60M) | Time:00:00.42 | Mem:105.67M, Peak:105.67M | Scene, ViewLayer | Updating Device | Writing constant memory
Fra:1 Mem:129.68M (Peak 151.60M) | Time:00:00.42 | Mem:105.67M, Peak:105.67M | Scene, ViewLayer | Sample 0/16
Fra:1 Mem:135.88M (Peak 151.60M) | Time:00:00.77 | Remaining:00:05.15 | Mem:111.86M, Peak:111.86M | Scene, ViewLayer | Sample 1/16
Fra:1 Mem:138.63M (Peak 151.60M) | Time:00:05.89 | Mem:111.86M, Peak:111.86M | Scene, ViewLayer | Sample 16/16
Fra:1 Mem:138.63M (Peak 151.60M) | Time:00:05.89 | Mem:111.86M, Peak:111.86M | Scene, ViewLayer | Finished
Fra:1 Mem:26.71M (Peak 151.60M) | Time:00:05.90 | Compositing
Saved: 'work/preview-frames/messi/frame_0001.png'
Time: 00:06.07 (Saving: 00:00.12)

Fra:2 Mem:27.00M (Peak 27.00M) | Time:00:00.00 | Mem:0.00M, Peak:0.00M | Scene, ViewLayer | Synchronizing object | 柔光主灯
Fra:2 Mem:27.00M (Peak 27.00M) | Time:00:00.00 | Mem:0.00M, Peak:0.00M | Scene, ViewLayer | Synchronizing object | 内圈 · 古金细边
Fra:2 Mem:27.00M (Peak 27.00M) | Time:00:00.00 | Mem:0.00M, Peak:0.00M | Scene, ViewLayer | Synchronizing object | 正面均匀补光
Fra:2 Mem:27.00M (Peak 27.00M) | Time:00:00.00 | Mem:0.00M, Peak:0.00M | Scene, ViewLayer | Synchronizing object | 顶部金光
Fra:2 Mem:27.01M (Peak 27.01M) | Time:00:00.00 | Mem:0.00M, Peak:0.00M | Scene, ViewLayer | Synchronizing object | 主体平面 · 完整视差合成
Fra:2 Mem:27.01M (Peak 27.01M) | Time:00:00.00 | Mem:0.00M, Peak:0.00M | Scene, ViewLayer | Synchronizing object | 外圈 · 全息压边
Fra:2 Mem:27.02M (Peak 27.02M) | Time:00:00.00 | Mem:0.00M, Peak:0.00M | Scene, ViewLayer | Synchronizing object | 文字平面 · Alpha PNG
Fra:2 Mem:27.03M (Peak 27.03M) | Time:00:00.00 | Mem:0.00M, Peak:0.00M | Scene, ViewLayer | Initializing
Fra:2 Mem:27.01M (Peak 27.03M) | Time:00:00.00 | Mem:0.00M, Peak:0.00M | Scene, ViewLayer | Updating Images | Loading text.png
Fra:2 Mem:27.01M (Peak 27.03M) | Time:00:00.00 | Mem:0.00M, Peak:0.00M | Scene, ViewLayer | Updating Images | Loading subject.png
Fra:2 Mem:69.21M (Peak 90.30M) | Time:00:00.08 | Mem:21.09M, Peak:21.09M | Scene, ViewLayer | Updating Images | Loading lineart.png
Fra:2 Mem:111.41M (Peak 132.51M) | Time:00:00.13 | Mem:42.19M, Peak:42.19M | Scene, ViewLayer | Updating Images | Loading background.png
Fra:2 Mem:131.52M (Peak 153.60M) | Time:00:00.27 | Mem:105.47M, Peak:105.47M | Scene, ViewLayer | Waiting for render to start
Fra:2 Mem:131.52M (Peak 153.60M) | Time:00:00.27 | Mem:105.47M, Peak:105.47M | Scene, ViewLayer | Updating Scene
Fra:2 Mem:131.52M (Peak 153.60M) | Time:00:00.27 | Mem:105.47M, Peak:105.47M | Scene, ViewLayer | Updating Shaders
Fra:2 Mem:131.52M (Peak 153.60M) | Time:00:00.27 | Mem:105.47M, Peak:105.47M | Scene, ViewLayer | Loading render kernels (may take a few minutes the first time)
Fra:2 Mem:131.63M (Peak 153.60M) | Time:00:00.27 | Mem:105.50M, Peak:105.50M | Scene, ViewLayer | Updating Procedurals
Fra:2 Mem:131.63M (Peak 153.60M) | Time:00:00.27 | Mem:105.50M, Peak:105.50M | Scene, ViewLayer | Updating Background
Fra:2 Mem:131.63M (Peak 153.60M) | Time:00:00.27 | Mem:105.50M, Peak:105.50M | Scene, ViewLayer | Updating Camera
Fra:2 Mem:131.63M (Peak 153.60M) | Time:00:00.27 | Mem:105.50M, Peak:105.50M | Scene, ViewLayer | Updating Meshes Flags
Fra:2 Mem:131.63M (Peak 153.60M) | Time:00:00.27 | Mem:105.50M, Peak:105.50M | Scene, ViewLayer | Updating Objects
Fra:2 Mem:131.63M (Peak 153.60M) | Time:00:00.27 | Mem:105.50M, Peak:105.50M | Scene, ViewLayer | Updating Objects | Copying Transformations to device
Fra:2 Mem:131.63M (Peak 153.60M) | Time:00:00.27 | Mem:105.51M, Peak:105.51M | Scene, ViewLayer | Updating Particle Systems
Fra:2 Mem:131.63M (Peak 153.60M) | Time:00:00.27 | Mem:105.51M, Peak:105.51M | Scene, ViewLayer | Updating Particle Systems | Copying Particles to device
Fra:2 Mem:131.63M (Peak 153.60M) | Time:00:00.27 | Mem:105.51M, Peak:105.51M | Scene, ViewLayer | Updating Meshes
Fra:2 Mem:131.63M (Peak 153.60M) | Time:00:00.27 | Mem:105.51M, Peak:105.51M | Scene, ViewLayer | Updating Objects | Applying Static Transformations
Fra:2 Mem:131.63M (Peak 153.60M) | Time:00:00.27 | Mem:105.51M, Peak:105.51M | Scene, ViewLayer | Updating Mesh | Computing attributes
Fra:2 Mem:131.65M (Peak 153.60M) | Time:00:00.27 | Mem:105.51M, Peak:105.51M | Scene, ViewLayer | Updating Mesh | Copying Attributes to device
Fra:2 Mem:131.65M (Peak 153.60M) | Time:00:00.27 | Mem:105.52M, Peak:105.52M | Scene, ViewLayer | Updating Scene BVH | Building
Fra:2 Mem:131.65M (Peak 153.60M) | Time:00:00.27 | Mem:105.52M, Peak:105.52M | Scene, ViewLayer | Updating Scene BVH | Building BVH
Fra:2 Mem:131.65M (Peak 153.60M) | Time:00:00.27 | Mem:105.53M, Peak:105.53M | Scene, ViewLayer | Updating Scene BVH | Building BVH 0%
Fra:2 Mem:131.65M (Peak 153.60M) | Time:00:00.27 | Mem:105.56M, Peak:105.57M | Scene, ViewLayer | Updating Scene BVH | Copying BVH to device
Fra:2 Mem:131.65M (Peak 153.60M) | Time:00:00.27 | Mem:105.56M, Peak:105.57M | Scene, ViewLayer | Updating Mesh | Computing normals
Fra:2 Mem:131.66M (Peak 153.60M) | Time:00:00.27 | Mem:105.56M, Peak:105.57M | Scene, ViewLayer | Updating Mesh | Copying Mesh to device
Fra:2 Mem:131.66M (Peak 153.60M) | Time:00:00.27 | Mem:105.57M, Peak:105.57M | Scene, ViewLayer | Updating Objects Flags
Fra:2 Mem:131.66M (Peak 153.60M) | Time:00:00.27 | Mem:105.57M, Peak:105.57M | Scene, ViewLayer | Updating Primitive Offsets
Fra:2 Mem:131.66M (Peak 153.60M) | Time:00:00.27 | Mem:105.57M, Peak:105.57M | Scene, ViewLayer | Updating Images
Fra:2 Mem:131.66M (Peak 153.60M) | Time:00:00.27 | Mem:105.57M, Peak:105.57M | Scene, ViewLayer | Updating Camera Volume
Fra:2 Mem:131.66M (Peak 153.60M) | Time:00:00.27 | Mem:105.57M, Peak:105.57M | Scene, ViewLayer | Updating Lookup Tables
Fra:2 Mem:131.66M (Peak 153.60M) | Time:00:00.27 | Mem:105.65M, Peak:105.65M | Scene, ViewLayer | Updating Lights
Fra:2 Mem:131.66M (Peak 153.60M) | Time:00:00.27 | Mem:105.65M, Peak:105.65M | Scene, ViewLayer | Updating Lights | Computing tree
Fra:2 Mem:131.67M (Peak 153.60M) | Time:00:00.27 | Mem:105.66M, Peak:105.66M | Scene, ViewLayer | Updating Integrator
Fra:2 Mem:131.67M (Peak 153.60M) | Time:00:00.27 | Mem:105.66M, Peak:105.66M | Scene, ViewLayer | Updating Film
Fra:2 Mem:131.68M (Peak 153.60M) | Time:00:00.27 | Mem:105.58M, Peak:105.66M | Scene, ViewLayer | Updating Lookup Tables
Fra:2 Mem:131.68M (Peak 153.60M) | Time:00:00.27 | Mem:105.67M, Peak:105.67M | Scene, ViewLayer | Updating Baking
Fra:2 Mem:131.68M (Peak 153.60M) | Time:00:00.27 | Mem:105.67M, Peak:105.67M | Scene, ViewLayer | Updating Device | Writing constant memory
Fra:2 Mem:131.68M (Peak 153.60M) | Time:00:00.27 | Mem:105.67M, Peak:105.67M | Scene, ViewLayer | Sample 0/16
Fra:2 Mem:137.88M (Peak 153.60M) | Time:00:00.61 | Remaining:00:05.14 | Mem:111.86M, Peak:111.86M | Scene, ViewLayer | Sample 1/16
Fra:2 Mem:140.63M (Peak 153.60M) | Time:00:05.63 | Mem:111.86M, Peak:111.86M | Scene, ViewLayer | Sample 16/16
Fra:2 Mem:140.63M (Peak 153.60M) | Time:00:05.63 | Mem:111.86M, Peak:111.86M | Scene, ViewLayer | Finished
Fra:2 Mem:28.71M (Peak 153.60M) | Time:00:05.64 | Compositing
Saved: 'work/preview-frames/messi/frame_0002.png'
Time: 00:05.72 (Saving: 00:00.03)

Fra:3 Mem:27.00M (Peak 27.00M) | Time:00:00.00 | Mem:0.00M, Peak:0.00M | Scene, ViewLayer | Synchronizing object | 柔光主灯
Fra:3 Mem:27.00M (Peak 27.00M) | Time:00:00.00 | Mem:0.00M, Peak:0.00M | Scene, ViewLayer | Synchronizing object | 内圈 · 古金细边
Fra:3 Mem:27.00M (Peak 27.00M) | Time:00:00.00 | Mem:0.00M, Peak:0.00M | Scene, ViewLayer | Synchronizing object | 正面均匀补光
Fra:3 Mem:27.00M (Peak 27.00M) | Time:00:00.00 | Mem:0.00M, Peak:0.00M | Scene, ViewLayer | Synchronizing object | 顶部金光
Fra:3 Mem:27.01M (Peak 27.01M) | Time:00:00.00 | Mem:0.00M, Peak:0.00M | Scene, ViewLayer | Synchronizing object | 主体平面 · 完整视差合成
Fra:3 Mem:27.01M (Peak 27.01M) | Time:00:00.00 | Mem:0.00M, Peak:0.00M | Scene, ViewLayer | Synchronizing object | 外圈 · 全息压边
Fra:3 Mem:27.02M (Peak 27.02M) | Time:00:00.00 | Mem:0.00M, Peak:0.00M | Scene, ViewLayer | Synchronizing object | 文字平面 · Alpha PNG
Fra:3 Mem:27.03M (Peak 27.03M) | Time:00:00.00 | Mem:0.00M, Peak:0.00M | Scene, ViewLayer | Initializing
Fra:3 Mem:27.01M (Peak 27.03M) | Time:00:00.00 | Mem:0.00M, Peak:0.00M | Scene, ViewLayer | Updating Images | Loading text.png
Fra:3 Mem:27.01M (Peak 27.03M) | Time:00:00.00 | Mem:0.00M, Peak:0.00M | Scene, ViewLayer | Updating Images | Loading subject.png
Fra:3 Mem:69.21M (Peak 90.30M) | Time:00:00.09 | Mem:21.09M, Peak:21.09M | Scene, ViewLayer | Updating Images | Loading lineart.png
Fra:3 Mem:111.41M (Peak 132.51M) | Time:00:00.14 | Mem:42.19M, Peak:42.19M | Scene, ViewLayer | Updating Images | Loading background.png
Fra:3 Mem:131.52M (Peak 153.60M) | Time:00:00.27 | Mem:105.47M, Peak:105.47M | Scene, ViewLayer | Waiting for render to start
Fra:3 Mem:131.52M (Peak 153.60M) | Time:00:00.27 | Mem:105.47M, Peak:105.47M | Scene, ViewLayer | Updating Scene
Fra:3 Mem:131.52M (Peak 153.60M) | Time:00:00.27 | Mem:105.47M, Peak:105.47M | Scene, ViewLayer | Updating Shaders
Fra:3 Mem:131.52M (Peak 153.60M) | Time:00:00.27 | Mem:105.47M, Peak:105.47M | Scene, ViewLayer | Loading render kernels (may take a few minutes the first time)
Fra:3 Mem:131.63M (Peak 153.60M) | Time:00:00.27 | Mem:105.50M, Peak:105.50M | Scene, ViewLayer | Updating Procedurals
Fra:3 Mem:131.63M (Peak 153.60M) | Time:00:00.27 | Mem:105.50M, Peak:105.50M | Scene, ViewLayer | Updating Background
Fra:3 Mem:131.63M (Peak 153.60M) | Time:00:00.27 | Mem:105.50M, Peak:105.50M | Scene, ViewLayer | Updating Camera
Fra:3 Mem:131.63M (Peak 153.60M) | Time:00:00.27 | Mem:105.50M, Peak:105.50M | Scene, ViewLayer | Updating Meshes Flags
Fra:3 Mem:131.63M (Peak 153.60M) | Time:00:00.27 | Mem:105.50M, Peak:105.50M | Scene, ViewLayer | Updating Objects
Fra:3 Mem:131.63M (Peak 153.60M) | Time:00:00.27 | Mem:105.50M, Peak:105.50M | Scene, ViewLayer | Updating Objects | Copying Transformations to device
Fra:3 Mem:131.63M (Peak 153.60M) | Time:00:00.27 | Mem:105.51M, Peak:105.51M | Scene, ViewLayer | Updating Particle Systems
Fra:3 Mem:131.63M (Peak 153.60M) | Time:00:00.27 | Mem:105.51M, Peak:105.51M | Scene, ViewLayer | Updating Particle Systems | Copying Particles to device
Fra:3 Mem:131.63M (Peak 153.60M) | Time:00:00.27 | Mem:105.51M, Peak:105.51M | Scene, ViewLayer | Updating Meshes
Fra:3 Mem:131.63M (Peak 153.60M) | Time:00:00.27 | Mem:105.51M, Peak:105.51M | Scene, ViewLayer | Updating Objects | Applying Static Transformations
Fra:3 Mem:131.63M (Peak 153.60M) | Time:00:00.27 | Mem:105.51M, Peak:105.51M | Scene, ViewLayer | Updating Mesh | Computing attributes
Fra:3 Mem:131.65M (Peak 153.60M) | Time:00:00.27 | Mem:105.51M, Peak:105.51M | Scene, ViewLayer | Updating Mesh | Copying Attributes to device
Fra:3 Mem:131.65M (Peak 153.60M) | Time:00:00.27 | Mem:105.52M, Peak:105.52M | Scene, ViewLayer | Updating Scene BVH | Building
Fra:3 Mem:131.65M (Peak 153.60M) | Time:00:00.27 | Mem:105.52M, Peak:105.52M | Scene, ViewLayer | Updating Scene BVH | Building BVH
Fra:3 Mem:131.65M (Peak 153.60M) | Time:00:00.27 | Mem:105.53M, Peak:105.53M | Scene, ViewLayer | Updating Scene BVH | Building BVH 0%
Fra:3 Mem:131.65M (Peak 153.60M) | Time:00:00.27 | Mem:105.56M, Peak:105.57M | Scene, ViewLayer | Updating Scene BVH | Copying BVH to device
Fra:3 Mem:131.65M (Peak 153.60M) | Time:00:00.27 | Mem:105.56M, Peak:105.57M | Scene, ViewLayer | Updating Mesh | Computing normals
Fra:3 Mem:131.66M (Peak 153.60M) | Time:00:00.27 | Mem:105.56M, Peak:105.57M | Scene, ViewLayer | Updating Mesh | Copying Mesh to device
Fra:3 Mem:131.66M (Peak 153.60M) | Time:00:00.27 | Mem:105.57M, Peak:105.57M | Scene, ViewLayer | Updating Objects Flags
Fra:3 Mem:131.66M (Peak 153.60M) | Time:00:00.27 | Mem:105.57M, Peak:105.57M | Scene, ViewLayer | Updating Primitive Offsets
Fra:3 Mem:131.66M (Peak 153.60M) | Time:00:00.27 | Mem:105.57M, Peak:105.57M | Scene, ViewLayer | Updating Images
Fra:3 Mem:131.66M (Peak 153.60M) | Time:00:00.27 | Mem:105.57M, Peak:105.57M | Scene, ViewLayer | Updating Camera Volume
Fra:3 Mem:131.66M (Peak 153.60M) | Time:00:00.27 | Mem:105.57M, Peak:105.57M | Scene, ViewLayer | Updating Lookup Tables
Fra:3 Mem:131.66M (Peak 153.60M) | Time:00:00.27 | Mem:105.65M, Peak:105.65M | Scene, ViewLayer | Updating Lights
Fra:3 Mem:131.66M (Peak 153.60M) | Time:00:00.27 | Mem:105.65M, Peak:105.65M | Scene, ViewLayer | Updating Lights | Computing tree
Fra:3 Mem:131.67M (Peak 153.60M) | Time:00:00.27 | Mem:105.66M, Peak:105.66M | Scene, ViewLayer | Updating Integrator
Fra:3 Mem:131.67M (Peak 153.60M) | Time:00:00.27 | Mem:105.66M, Peak:105.66M | Scene, ViewLayer | Updating Film
Fra:3 Mem:131.68M (Peak 153.60M) | Time:00:00.27 | Mem:105.58M, Peak:105.66M | Scene, ViewLayer | Updating Lookup Tables
Fra:3 Mem:131.68M (Peak 153.60M) | Time:00:00.27 | Mem:105.67M, Peak:105.67M | Scene, ViewLayer | Updating Baking
Fra:3 Mem:131.68M (Peak 153.60M) | Time:00:00.27 | Mem:105.67M, Peak:105.67M | Scene, ViewLayer | Updating Device | Writing constant memory
Fra:3 Mem:131.68M (Peak 153.60M) | Time:00:00.27 | Mem:105.67M, Peak:105.67M | Scene, ViewLayer | Sample 0/16
Fra:3 Mem:137.88M (Peak 153.60M) | Time:00:00.63 | Remaining:00:05.35 | Mem:111.86M, Peak:111.86M | Scene, ViewLayer | Sample 1/16
Fra:3 Mem:140.63M (Peak 153.60M) | Time:00:05.66 | Mem:111.86M, Peak:111.86M | Scene, ViewLayer | Sample 16/16
Fra:3 Mem:140.63M (Peak 153.60M) | Time:00:05.66 | Mem:111.86M, Peak:111.86M | Scene, ViewLayer | Finished
Fra:3 Mem:28.71M (Peak 153.60M) | Time:00:05.66 | Compositing
Saved: 'work/preview-frames/messi/frame_0003.png'
Time: 00:05.75 (Saving: 00:00.03)

Fra:4 Mem:27.00M (Peak 27.00M) | Time:00:00.00 | Mem:0.00M, Peak:0.00M | Scene, ViewLayer | Synchronizing object | 柔光主灯
Fra:4 Mem:27.00M (Peak 27.00M) | Time:00:00.00 | Mem:0.00M, Peak:0.00M | Scene, ViewLayer | Synchronizing object | 内圈 · 古金细边
Fra:4 Mem:27.00M (Peak 27.00M) | Time:00:00.00 | Mem:0.00M, Peak:0.00M | Scene, ViewLayer | Synchronizing object | 正面均匀补光
Fra:4 Mem:27.00M (Peak 27.00M) | Time:00:00.00 | Mem:0.00M, Peak:0.00M | Scene, ViewLayer | Synchronizing object | 顶部金光
Fra:4 Mem:27.01M (Peak 27.01M) | Time:00:00.00 | Mem:0.00M, Peak:0.00M | Scene, ViewLayer | Synchronizing object | 主体平面 · 完整视差合成
Fra:4 Mem:27.01M (Peak 27.01M) | Time:00:00.00 | Mem:0.00M, Peak:0.00M | Scene, ViewLayer | Synchronizing object | 外圈 · 全息压边
Fra:4 Mem:27.02M (Peak 27.02M) | Time:00:00.00 | Mem:0.00M, Peak:0.00M | Scene, ViewLayer | Synchronizing object | 文字平面 · Alpha PNG
Fra:4 Mem:27.03M (Peak 27.03M) | Time:00:00.00 | Mem:0.00M, Peak:0.00M | Scene, ViewLayer | Initializing
Fra:4 Mem:27.01M (Peak 27.03M) | Time:00:00.00 | Mem:0.00M, Peak:0.00M | Scene, ViewLayer | Updating Images | Loading text.png
Fra:4 Mem:27.01M (Peak 27.03M) | Time:00:00.00 | Mem:0.00M, Peak:0.00M | Scene, ViewLayer | Updating Images | Loading subject.png
Fra:4 Mem:69.21M (Peak 90.30M) | Time:00:00.08 | Mem:21.09M, Peak:21.09M | Scene, ViewLayer | Updating Images | Loading lineart.png
Fra:4 Mem:111.41M (Peak 132.51M) | Time:00:00.13 | Mem:42.19M, Peak:42.19M | Scene, ViewLayer | Updating Images | Loading background.png
Fra:4 Mem:131.52M (Peak 153.60M) | Time:00:00.27 | Mem:105.47M, Peak:105.47M | Scene, ViewLayer | Waiting for render to start
Fra:4 Mem:131.52M (Peak 153.60M) | Time:00:00.27 | Mem:105.47M, Peak:105.47M | Scene, ViewLayer | Updating Scene
Fra:4 Mem:131.52M (Peak 153.60M) | Time:00:00.27 | Mem:105.47M, Peak:105.47M | Scene, ViewLayer | Updating Shaders
Fra:4 Mem:131.52M (Peak 153.60M) | Time:00:00.27 | Mem:105.47M, Peak:105.47M | Scene, ViewLayer | Loading render kernels (may take a few minutes the first time)
Fra:4 Mem:131.63M (Peak 153.60M) | Time:00:00.27 | Mem:105.50M, Peak:105.50M | Scene, ViewLayer | Updating Procedurals
Fra:4 Mem:131.63M (Peak 153.60M) | Time:00:00.27 | Mem:105.50M, Peak:105.50M | Scene, ViewLayer | Updating Background
Fra:4 Mem:131.63M (Peak 153.60M) | Time:00:00.27 | Mem:105.50M, Peak:105.50M | Scene, ViewLayer | Updating Camera
Fra:4 Mem:131.63M (Peak 153.60M) | Time:00:00.27 | Mem:105.50M, Peak:105.50M | Scene, ViewLayer | Updating Meshes Flags
Fra:4 Mem:131.63M (Peak 153.60M) | Time:00:00.27 | Mem:105.50M, Peak:105.50M | Scene, ViewLayer | Updating Objects
Fra:4 Mem:131.63M (Peak 153.60M) | Time:00:00.27 | Mem:105.50M, Peak:105.50M | Scene, ViewLayer | Updating Objects | Copying Transformations to device
Fra:4 Mem:131.63M (Peak 153.60M) | Time:00:00.27 | Mem:105.51M, Peak:105.51M | Scene, ViewLayer | Updating Particle Systems
Fra:4 Mem:131.63M (Peak 153.60M) | Time:00:00.27 | Mem:105.51M, Peak:105.51M | Scene, ViewLayer | Updating Particle Systems | Copying Particles to device
Fra:4 Mem:131.63M (Peak 153.60M) | Time:00:00.27 | Mem:105.51M, Peak:105.51M | Scene, ViewLayer | Updating Meshes
Fra:4 Mem:131.63M (Peak 153.60M) | Time:00:00.27 | Mem:105.51M, Peak:105.51M | Scene, ViewLayer | Updating Objects | Applying Static Transformations
Fra:4 Mem:131.63M (Peak 153.60M) | Time:00:00.27 | Mem:105.51M, Peak:105.51M | Scene, ViewLayer | Updating Mesh | Computing attributes
Fra:4 Mem:131.65M (Peak 153.60M) | Time:00:00.27 | Mem:105.51M, Peak:105.51M | Scene, ViewLayer | Updating Mesh | Copying Attributes to device
Fra:4 Mem:131.65M (Peak 153.60M) | Time:00:00.27 | Mem:105.52M, Peak:105.52M | Scene, ViewLayer | Updating Scene BVH | Building
Fra:4 Mem:131.65M (Peak 153.60M) | Time:00:00.27 | Mem:105.52M, Peak:105.52M | Scene, ViewLayer | Updating Scene BVH | Building BVH
Fra:4 Mem:131.65M (Peak 153.60M) | Time:00:00.27 | Mem:105.53M, Peak:105.53M | Scene, ViewLayer | Updating Scene BVH | Building BVH 0%
Fra:4 Mem:131.65M (Peak 153.60M) | Time:00:00.27 | Mem:105.56M, Peak:105.57M | Scene, ViewLayer | Updating Scene BVH | Copying BVH to device
Fra:4 Mem:131.65M (Peak 153.60M) | Time:00:00.27 | Mem:105.56M, Peak:105.57M | Scene, ViewLayer | Updating Mesh | Computing normals
Fra:4 Mem:131.66M (Peak 153.60M) | Time:00:00.27 | Mem:105.56M, Peak:105.57M | Scene, ViewLayer | Updating Mesh | Copying Mesh to device
Fra:4 Mem:131.66M (Peak 153.60M) | Time:00:00.27 | Mem:105.57M, Peak:105.57M | Scene, ViewLayer | Updating Objects Flags
Fra:4 Mem:131.66M (Peak 153.60M) | Time:00:00.27 | Mem:105.57M, Peak:105.57M | Scene, ViewLayer | Updating Primitive Offsets
Fra:4 Mem:131.66M (Peak 153.60M) | Time:00:00.27 | Mem:105.57M, Peak:105.57M | Scene, ViewLayer | Updating Images
Fra:4 Mem:131.66M (Peak 153.60M) | Time:00:00.27 | Mem:105.57M, Peak:105.57M | Scene, ViewLayer | Updating Camera Volume
Fra:4 Mem:131.66M (Peak 153.60M) | Time:00:00.27 | Mem:105.57M, Peak:105.57M | Scene, ViewLayer | Updating Lookup Tables
Fra:4 Mem:131.66M (Peak 153.60M) | Time:00:00.27 | Mem:105.65M, Peak:105.65M | Scene, ViewLayer | Updating Lights
Fra:4 Mem:131.66M (Peak 153.60M) | Time:00:00.27 | Mem:105.65M, Peak:105.65M | Scene, ViewLayer | Updating Lights | Computing tree
Fra:4 Mem:131.67M (Peak 153.60M) | Time:00:00.27 | Mem:105.66M, Peak:105.66M | Scene, ViewLayer | Updating Integrator
Fra:4 Mem:131.67M (Peak 153.60M) | Time:00:00.27 | Mem:105.66M, Peak:105.66M | Scene, ViewLayer | Updating Film
Fra:4 Mem:131.68M (Peak 153.60M) | Time:00:00.27 | Mem:105.58M, Peak:105.66M | Scene, ViewLayer | Updating Lookup Tables
Fra:4 Mem:131.68M (Peak 153.60M) | Time:00:00.27 | Mem:105.67M, Peak:105.67M | Scene, ViewLayer | Updating Baking
Fra:4 Mem:131.68M (Peak 153.60M) | Time:00:00.27 | Mem:105.67M, Peak:105.67M | Scene, ViewLayer | Updating Device | Writing constant memory
Fra:4 Mem:131.68M (Peak 153.60M) | Time:00:00.27 | Mem:105.67M, Peak:105.67M | Scene, ViewLayer | Sample 0/16
Fra:4 Mem:137.88M (Peak 153.60M) | Time:00:00.60 | Remaining:00:05.00 | Mem:111.86M, Peak:111.86M | Scene, ViewLayer | Sample 1/16
Fra:4 Mem:140.63M (Peak 153.60M) | Time:00:05.55 | Mem:111.86M, Peak:111.86M | Scene, ViewLayer | Sample 16/16
Fra:4 Mem:140.63M (Peak 153.60M) | Time:00:05.55 | Mem:111.86M, Peak:111.86M | Scene, ViewLayer | Finished
Fra:4 Mem:28.71M (Peak 153.60M) | Time:00:05.55 | Compositing
Saved: 'work/preview-frames/messi/frame_0004.png'
Time: 00:05.64 (Saving: 00:00.03)

Fra:5 Mem:27.00M (Peak 27.00M) | Time:00:00.00 | Mem:0.00M, Peak:0.00M | Scene, ViewLayer | Synchronizing object | 柔光主灯
Fra:5 Mem:27.00M (Peak 27.00M) | Time:00:00.00 | Mem:0.00M, Peak:0.00M | Scene, ViewLayer | Synchronizing object | 内圈 · 古金细边
Fra:5 Mem:27.00M (Peak 27.00M) | Time:00:00.00 | Mem:0.00M, Peak:0.00M | Scene, ViewLayer | Synchronizing object | 正面均匀补光
Fra:5 Mem:27.00M (Peak 27.00M) | Time:00:00.00 | Mem:0.00M, Peak:0.00M | Scene, ViewLayer | Synchronizing object | 顶部金光
Fra:5 Mem:27.00M (Peak 27.00M) | Time:00:00.00 | Mem:0.00M, Peak:0.00M | Scene, ViewLayer | Synchronizing object | 主体平面 · 完整视差合成
Fra:5 Mem:27.01M (Peak 27.01M) | Time:00:00.00 | Mem:0.00M, Peak:0.00M | Scene, ViewLayer | Synchronizing object | 外圈 · 全息压边
Fra:5 Mem:27.02M (Peak 27.02M) | Time:00:00.00 | Mem:0.00M, Peak:0.00M | Scene, ViewLayer | Synchronizing object | 文字平面 · Alpha PNG
Fra:5 Mem:27.03M (Peak 27.03M) | Time:00:00.00 | Mem:0.00M, Peak:0.00M | Scene, ViewLayer | Initializing
Fra:5 Mem:27.01M (Peak 27.03M) | Time:00:00.00 | Mem:0.00M, Peak:0.00M | Scene, ViewLayer | Updating Images | Loading text.png
Fra:5 Mem:27.01M (Peak 27.03M) | Time:00:00.00 | Mem:0.00M, Peak:0.00M | Scene, ViewLayer | Updating Images | Loading subject.png
Fra:5 Mem:69.21M (Peak 90.30M) | Time:00:00.09 | Mem:21.09M, Peak:21.09M | Scene, ViewLayer | Updating Images | Loading lineart.png
Fra:5 Mem:90.31M (Peak 111.41M) | Time:00:00.13 | Mem:42.19M, Peak:42.19M | Scene, ViewLayer | Updating Images | Loading background.png
Fra:5 Mem:131.52M (Peak 153.60M) | Time:00:00.26 | Mem:105.47M, Peak:105.47M | Scene, ViewLayer | Waiting for render to start
Fra:5 Mem:131.52M (Peak 153.60M) | Time:00:00.26 | Mem:105.47M, Peak:105.47M | Scene, ViewLayer | Updating Scene
Fra:5 Mem:131.52M (Peak 153.60M) | Time:00:00.26 | Mem:105.47M, Peak:105.47M | Scene, ViewLayer | Updating Shaders
Fra:5 Mem:131.52M (Peak 153.60M) | Time:00:00.26 | Mem:105.47M, Peak:105.47M | Scene, ViewLayer | Loading render kernels (may take a few minutes the first time)
Fra:5 Mem:131.63M (Peak 153.60M) | Time:00:00.26 | Mem:105.50M, Peak:105.50M | Scene, ViewLayer | Updating Procedurals
Fra:5 Mem:131.63M (Peak 153.60M) | Time:00:00.26 | Mem:105.50M, Peak:105.50M | Scene, ViewLayer | Updating Background
Fra:5 Mem:131.63M (Peak 153.60M) | Time:00:00.26 | Mem:105.50M, Peak:105.50M | Scene, ViewLayer | Updating Camera
Fra:5 Mem:131.63M (Peak 153.60M) | Time:00:00.26 | Mem:105.50M, Peak:105.50M | Scene, ViewLayer | Updating Meshes Flags
Fra:5 Mem:131.63M (Peak 153.60M) | Time:00:00.26 | Mem:105.50M, Peak:105.50M | Scene, ViewLayer | Updating Objects
Fra:5 Mem:131.63M (Peak 153.60M) | Time:00:00.26 | Mem:105.50M, Peak:105.50M | Scene, ViewLayer | Updating Objects | Copying Transformations to device
Fra:5 Mem:131.63M (Peak 153.60M) | Time:00:00.26 | Mem:105.51M, Peak:105.51M | Scene, ViewLayer | Updating Particle Systems
Fra:5 Mem:131.63M (Peak 153.60M) | Time:00:00.26 | Mem:105.51M, Peak:105.51M | Scene, ViewLayer | Updating Particle Systems | Copying Particles to device
Fra:5 Mem:131.63M (Peak 153.60M) | Time:00:00.26 | Mem:105.51M, Peak:105.51M | Scene, ViewLayer | Updating Meshes
Fra:5 Mem:131.63M (Peak 153.60M) | Time:00:00.26 | Mem:105.51M, Peak:105.51M | Scene, ViewLayer | Updating Objects | Applying Static Transformations
Fra:5 Mem:131.63M (Peak 153.60M) | Time:00:00.26 | Mem:105.51M, Peak:105.51M | Scene, ViewLayer | Updating Mesh | Computing attributes
Fra:5 Mem:131.65M (Peak 153.60M) | Time:00:00.26 | Mem:105.51M, Peak:105.51M | Scene, ViewLayer | Updating Mesh | Copying Attributes to device
Fra:5 Mem:131.65M (Peak 153.60M) | Time:00:00.26 | Mem:105.52M, Peak:105.52M | Scene, ViewLayer | Updating Scene BVH | Building
Fra:5 Mem:131.65M (Peak 153.60M) | Time:00:00.26 | Mem:105.52M, Peak:105.52M | Scene, ViewLayer | Updating Scene BVH | Building BVH
Fra:5 Mem:131.65M (Peak 153.60M) | Time:00:00.26 | Mem:105.53M, Peak:105.53M | Scene, ViewLayer | Updating Scene BVH | Building BVH 0%
Fra:5 Mem:131.65M (Peak 153.60M) | Time:00:00.26 | Mem:105.56M, Peak:105.57M | Scene, ViewLayer | Updating Scene BVH | Copying BVH to device
Fra:5 Mem:131.65M (Peak 153.60M) | Time:00:00.26 | Mem:105.56M, Peak:105.57M | Scene, ViewLayer | Updating Mesh | Computing normals
Fra:5 Mem:131.66M (Peak 153.60M) | Time:00:00.26 | Mem:105.56M, Peak:105.57M | Scene, ViewLayer | Updating Mesh | Copying Mesh to device
Fra:5 Mem:131.66M (Peak 153.60M) | Time:00:00.26 | Mem:105.57M, Peak:105.57M | Scene, ViewLayer | Updating Objects Flags
Fra:5 Mem:131.66M (Peak 153.60M) | Time:00:00.26 | Mem:105.57M, Peak:105.57M | Scene, ViewLayer | Updating Primitive Offsets
Fra:5 Mem:131.66M (Peak 153.60M) | Time:00:00.26 | Mem:105.57M, Peak:105.57M | Scene, ViewLayer | Updating Images
Fra:5 Mem:131.66M (Peak 153.60M) | Time:00:00.26 | Mem:105.57M, Peak:105.57M | Scene, ViewLayer | Updating Camera Volume
Fra:5 Mem:131.66M (Peak 153.60M) | Time:00:00.26 | Mem:105.57M, Peak:105.57M | Scene, ViewLayer | Updating Lookup Tables
Fra:5 Mem:131.66M (Peak 153.60M) | Time:00:00.26 | Mem:105.65M, Peak:105.65M | Scene, ViewLayer | Updating Lights
Fra:5 Mem:131.66M (Peak 153.60M) | Time:00:00.26 | Mem:105.65M, Peak:105.65M | Scene, ViewLayer | Updating Lights | Computing tree
Fra:5 Mem:131.67M (Peak 153.60M) | Time:00:00.26 | Mem:105.66M, Peak:105.66M | Scene, ViewLayer | Updating Integrator
Fra:5 Mem:131.67M (Peak 153.60M) | Time:00:00.26 | Mem:105.66M, Peak:105.66M | Scene, ViewLayer | Updating Film
Fra:5 Mem:131.68M (Peak 153.60M) | Time:00:00.26 | Mem:105.58M, Peak:105.66M | Scene, ViewLayer | Updating Lookup Tables
Fra:5 Mem:131.68M (Peak 153.60M) | Time:00:00.26 | Mem:105.67M, Peak:105.67M | Scene, ViewLayer | Updating Baking
Fra:5 Mem:131.68M (Peak 153.60M) | Time:00:00.26 | Mem:105.67M, Peak:105.67M | Scene, ViewLayer | Updating Device | Writing constant memory
Fra:5 Mem:131.68M (Peak 153.60M) | Time:00:00.26 | Mem:105.67M, Peak:105.67M | Scene, ViewLayer | Sample 0/16
Fra:5 Mem:137.88M (Peak 153.60M) | Time:00:00.61 | Remaining:00:05.13 | Mem:111.86M, Peak:111.86M | Scene, ViewLayer | Sample 1/16
Fra:5 Mem:140.63M (Peak 153.60M) | Time:00:05.60 | Mem:111.86M, Peak:111.86M | Scene, ViewLayer | Sample 16/16
Fra:5 Mem:140.63M (Peak 153.60M) | Time:00:05.60 | Mem:111.86M, Peak:111.86M | Scene, ViewLayer | Finished
Fra:5 Mem:28.71M (Peak 153.60M) | Time:00:05.61 | Compositing
Saved: 'work/preview-frames/messi/frame_0005.png'
Time: 00:05.69 (Saving: 00:00.04)

Fra:6 Mem:27.00M (Peak 27.00M) | Time:00:00.00 | Mem:0.00M, Peak:0.00M | Scene, ViewLayer | Synchronizing object | 柔光主灯
Fra:6 Mem:27.00M (Peak 27.00M) | Time:00:00.00 | Mem:0.00M, Peak:0.00M | Scene, ViewLayer | Synchronizing object | 内圈 · 古金细边
Fra:6 Mem:27.00M (Peak 27.00M) | Time:00:00.00 | Mem:0.00M, Peak:0.00M | Scene, ViewLayer | Synchronizing object | 正面均匀补光
Fra:6 Mem:27.00M (Peak 27.00M) | Time:00:00.00 | Mem:0.00M, Peak:0.00M | Scene, ViewLayer | Synchronizing object | 顶部金光
Fra:6 Mem:27.00M (Peak 27.00M) | Time:00:00.00 | Mem:0.00M, Peak:0.00M | Scene, ViewLayer | Synchronizing object | 主体平面 · 完整视差合成
Fra:6 Mem:27.01M (Peak 27.01M) | Time:00:00.00 | Mem:0.00M, Peak:0.00M | Scene, ViewLayer | Synchronizing object | 外圈 · 全息压边
Fra:6 Mem:27.02M (Peak 27.02M) | Time:00:00.00 | Mem:0.00M, Peak:0.00M | Scene, ViewLayer | Synchronizing object | 文字平面 · Alpha PNG
Fra:6 Mem:27.03M (Peak 27.03M) | Time:00:00.00 | Mem:0.00M, Peak:0.00M | Scene, ViewLayer | Initializing
Fra:6 Mem:27.01M (Peak 27.03M) | Time:00:00.00 | Mem:0.00M, Peak:0.00M | Scene, ViewLayer | Updating Images | Loading text.png
Fra:6 Mem:27.01M (Peak 27.03M) | Time:00:00.00 | Mem:0.00M, Peak:0.00M | Scene, ViewLayer | Updating Images | Loading subject.png
Fra:6 Mem:69.21M (Peak 90.30M) | Time:00:00.08 | Mem:21.09M, Peak:21.09M | Scene, ViewLayer | Updating Images | Loading lineart.png
Fra:6 Mem:90.31M (Peak 111.41M) | Time:00:00.13 | Mem:42.19M, Peak:42.19M | Scene, ViewLayer | Updating Images | Loading background.png
Fra:6 Mem:131.52M (Peak 153.60M) | Time:00:00.26 | Mem:105.47M, Peak:105.47M | Scene, ViewLayer | Waiting for render to start
Fra:6 Mem:131.52M (Peak 153.60M) | Time:00:00.26 | Mem:105.47M, Peak:105.47M | Scene, ViewLayer | Updating Scene
Fra:6 Mem:131.52M (Peak 153.60M) | Time:00:00.26 | Mem:105.47M, Peak:105.47M | Scene, ViewLayer | Updating Shaders
Fra:6 Mem:131.52M (Peak 153.60M) | Time:00:00.26 | Mem:105.47M, Peak:105.47M | Scene, ViewLayer | Loading render kernels (may take a few minutes the first time)
Fra:6 Mem:131.63M (Peak 153.60M) | Time:00:00.26 | Mem:105.50M, Peak:105.50M | Scene, ViewLayer | Updating Procedurals
Fra:6 Mem:131.63M (Peak 153.60M) | Time:00:00.26 | Mem:105.50M, Peak:105.50M | Scene, ViewLayer | Updating Background
Fra:6 Mem:131.63M (Peak 153.60M) | Time:00:00.26 | Mem:105.50M, Peak:105.50M | Scene, ViewLayer | Updating Camera
Fra:6 Mem:131.63M (Peak 153.60M) | Time:00:00.26 | Mem:105.50M, Peak:105.50M | Scene, ViewLayer | Updating Meshes Flags
Fra:6 Mem:131.63M (Peak 153.60M) | Time:00:00.26 | Mem:105.50M, Peak:105.50M | Scene, ViewLayer | Updating Objects
Fra:6 Mem:131.63M (Peak 153.60M) | Time:00:00.26 | Mem:105.50M, Peak:105.50M | Scene, ViewLayer | Updating Objects | Copying Transformations to device
Fra:6 Mem:131.63M (Peak 153.60M) | Time:00:00.26 | Mem:105.51M, Peak:105.51M | Scene, ViewLayer | Updating Particle Systems
Fra:6 Mem:131.63M (Peak 153.60M) | Time:00:00.26 | Mem:105.51M, Peak:105.51M | Scene, ViewLayer | Updating Particle Systems | Copying Particles to device
Fra:6 Mem:131.63M (Peak 153.60M) | Time:00:00.26 | Mem:105.51M, Peak:105.51M | Scene, ViewLayer | Updating Meshes
Fra:6 Mem:131.63M (Peak 153.60M) | Time:00:00.26 | Mem:105.51M, Peak:105.51M | Scene, ViewLayer | Updating Objects | Applying Static Transformations
Fra:6 Mem:131.63M (Peak 153.60M) | Time:00:00.26 | Mem:105.51M, Peak:105.51M | Scene, ViewLayer | Updating Mesh | Computing attributes
Fra:6 Mem:131.65M (Peak 153.60M) | Time:00:00.26 | Mem:105.51M, Peak:105.51M | Scene, ViewLayer | Updating Mesh | Copying Attributes to device
Fra:6 Mem:131.65M (Peak 153.60M) | Time:00:00.26 | Mem:105.52M, Peak:105.52M | Scene, ViewLayer | Updating Scene BVH | Building
Fra:6 Mem:131.65M (Peak 153.60M) | Time:00:00.26 | Mem:105.52M, Peak:105.52M | Scene, ViewLayer | Updating Scene BVH | Building BVH
Fra:6 Mem:131.65M (Peak 153.60M) | Time:00:00.26 | Mem:105.53M, Peak:105.53M | Scene, ViewLayer | Updating Scene BVH | Building BVH 0%
Fra:6 Mem:131.65M (Peak 153.60M) | Time:00:00.26 | Mem:105.55M, Peak:105.57M | Scene, ViewLayer | Updating Scene BVH | Copying BVH to device
Fra:6 Mem:131.65M (Peak 153.60M) | Time:00:00.26 | Mem:105.55M, Peak:105.57M | Scene, ViewLayer | Updating Mesh | Computing normals
Fra:6 Mem:131.66M (Peak 153.60M) | Time:00:00.26 | Mem:105.55M, Peak:105.57M | Scene, ViewLayer | Updating Mesh | Copying Mesh to device
Fra:6 Mem:131.66M (Peak 153.60M) | Time:00:00.26 | Mem:105.57M, Peak:105.57M | Scene, ViewLayer | Updating Objects Flags
Fra:6 Mem:131.66M (Peak 153.60M) | Time:00:00.26 | Mem:105.57M, Peak:105.57M | Scene, ViewLayer | Updating Primitive Offsets
Fra:6 Mem:131.66M (Peak 153.60M) | Time:00:00.26 | Mem:105.57M, Peak:105.57M | Scene, ViewLayer | Updating Images
Fra:6 Mem:131.66M (Peak 153.60M) | Time:00:00.26 | Mem:105.57M, Peak:105.57M | Scene, ViewLayer | Updating Camera Volume
Fra:6 Mem:131.66M (Peak 153.60M) | Time:00:00.26 | Mem:105.57M, Peak:105.57M | Scene, ViewLayer | Updating Lookup Tables
Fra:6 Mem:131.66M (Peak 153.60M) | Time:00:00.26 | Mem:105.65M, Peak:105.65M | Scene, ViewLayer | Updating Lights
Fra:6 Mem:131.66M (Peak 153.60M) | Time:00:00.26 | Mem:105.65M, Peak:105.65M | Scene, ViewLayer | Updating Lights | Computing tree
Fra:6 Mem:131.67M (Peak 153.60M) | Time:00:00.26 | Mem:105.66M, Peak:105.66M | Scene, ViewLayer | Updating Integrator
Fra:6 Mem:131.67M (Peak 153.60M) | Time:00:00.26 | Mem:105.66M, Peak:105.66M | Scene, ViewLayer | Updating Film
Fra:6 Mem:131.68M (Peak 153.60M) | Time:00:00.26 | Mem:105.58M, Peak:105.66M | Scene, ViewLayer | Updating Lookup Tables
Fra:6 Mem:131.68M (Peak 153.60M) | Time:00:00.26 | Mem:105.67M, Peak:105.67M | Scene, ViewLayer | Updating Baking
Fra:6 Mem:131.68M (Peak 153.60M) | Time:00:00.26 | Mem:105.67M, Peak:105.67M | Scene, ViewLayer | Updating Device | Writing constant memory
Fra:6 Mem:131.68M (Peak 153.60M) | Time:00:00.26 | Mem:105.67M, Peak:105.67M | Scene, ViewLayer | Sample 0/16
Fra:6 Mem:137.88M (Peak 153.60M) | Time:00:00.60 | Remaining:00:05.09 | Mem:111.86M, Peak:111.86M | Scene, ViewLayer | Sample 1/16
Fra:6 Mem:140.63M (Peak 153.60M) | Time:00:05.59 | Mem:111.86M, Peak:111.86M | Scene, ViewLayer | Sample 16/16
Fra:6 Mem:140.63M (Peak 153.60M) | Time:00:05.59 | Mem:111.86M, Peak:111.86M | Scene, ViewLayer | Finished
Fra:6 Mem:28.71M (Peak 153.60M) | Time:00:05.60 | Compositing
Saved: 'work/preview-frames/messi/frame_0006.png'
Time: 00:05.68 (Saving: 00:00.03)

Fra:7 Mem:27.00M (Peak 27.00M) | Time:00:00.00 | Mem:0.00M, Peak:0.00M | Scene, ViewLayer | Synchronizing object | 柔光主灯
Fra:7 Mem:27.00M (Peak 27.00M) | Time:00:00.00 | Mem:0.00M, Peak:0.00M | Scene, ViewLayer | Synchronizing object | 内圈 · 古金细边
Fra:7 Mem:27.00M (Peak 27.00M) | Time:00:00.00 | Mem:0.00M, Peak:0.00M | Scene, ViewLayer | Synchronizing object | 正面均匀补光
Fra:7 Mem:27.00M (Peak 27.00M) | Time:00:00.00 | Mem:0.00M, Peak:0.00M | Scene, ViewLayer | Synchronizing object | 顶部金光
Fra:7 Mem:27.01M (Peak 27.01M) | Time:00:00.00 | Mem:0.00M, Peak:0.00M | Scene, ViewLayer | Synchronizing object | 主体平面 · 完整视差合成
Fra:7 Mem:27.01M (Peak 27.01M) | Time:00:00.00 | Mem:0.00M, Peak:0.00M | Scene, ViewLayer | Synchronizing object | 外圈 · 全息压边
Fra:7 Mem:27.02M (Peak 27.02M) | Time:00:00.00 | Mem:0.00M, Peak:0.00M | Scene, ViewLayer | Synchronizing object | 文字平面 · Alpha PNG
Fra:7 Mem:27.03M (Peak 27.03M) | Time:00:00.00 | Mem:0.00M, Peak:0.00M | Scene, ViewLayer | Initializing
Fra:7 Mem:27.01M (Peak 27.03M) | Time:00:00.00 | Mem:0.00M, Peak:0.00M | Scene, ViewLayer | Updating Images | Loading text.png
Fra:7 Mem:27.01M (Peak 27.03M) | Time:00:00.00 | Mem:0.00M, Peak:0.00M | Scene, ViewLayer | Updating Images | Loading subject.png
Fra:7 Mem:69.21M (Peak 90.30M) | Time:00:00.09 | Mem:21.09M, Peak:21.09M | Scene, ViewLayer | Updating Images | Loading lineart.png
Fra:7 Mem:90.31M (Peak 111.41M) | Time:00:00.13 | Mem:42.19M, Peak:42.19M | Scene, ViewLayer | Updating Images | Loading background.png
Fra:7 Mem:131.52M (Peak 153.60M) | Time:00:00.26 | Mem:105.47M, Peak:105.47M | Scene, ViewLayer | Waiting for render to start
Fra:7 Mem:131.52M (Peak 153.60M) | Time:00:00.26 | Mem:105.47M, Peak:105.47M | Scene, ViewLayer | Updating Scene
Fra:7 Mem:131.52M (Peak 153.60M) | Time:00:00.26 | Mem:105.47M, Peak:105.47M | Scene, ViewLayer | Updating Shaders
Fra:7 Mem:131.52M (Peak 153.60M) | Time:00:00.26 | Mem:105.47M, Peak:105.47M | Scene, ViewLayer | Loading render kernels (may take a few minutes the first time)
Fra:7 Mem:131.63M (Peak 153.60M) | Time:00:00.26 | Mem:105.50M, Peak:105.50M | Scene, ViewLayer | Updating Procedurals
Fra:7 Mem:131.63M (Peak 153.60M) | Time:00:00.26 | Mem:105.50M, Peak:105.50M | Scene, ViewLayer | Updating Background
Fra:7 Mem:131.63M (Peak 153.60M) | Time:00:00.26 | Mem:105.50M, Peak:105.50M | Scene, ViewLayer | Updating Camera
Fra:7 Mem:131.63M (Peak 153.60M) | Time:00:00.26 | Mem:105.50M, Peak:105.50M | Scene, ViewLayer | Updating Meshes Flags
Fra:7 Mem:131.63M (Peak 153.60M) | Time:00:00.26 | Mem:105.50M, Peak:105.50M | Scene, ViewLayer | Updating Objects
Fra:7 Mem:131.63M (Peak 153.60M) | Time:00:00.26 | Mem:105.50M, Peak:105.50M | Scene, ViewLayer | Updating Objects | Copying Transformations to device
Fra:7 Mem:131.63M (Peak 153.60M) | Time:00:00.26 | Mem:105.51M, Peak:105.51M | Scene, ViewLayer | Updating Particle Systems
Fra:7 Mem:131.63M (Peak 153.60M) | Time:00:00.26 | Mem:105.51M, Peak:105.51M | Scene, ViewLayer | Updating Particle Systems | Copying Particles to device
Fra:7 Mem:131.63M (Peak 153.60M) | Time:00:00.26 | Mem:105.51M, Peak:105.51M | Scene, ViewLayer | Updating Meshes
Fra:7 Mem:131.63M (Peak 153.60M) | Time:00:00.26 | Mem:105.51M, Peak:105.51M | Scene, ViewLayer | Updating Objects | Applying Static Transformations
Fra:7 Mem:131.63M (Peak 153.60M) | Time:00:00.26 | Mem:105.51M, Peak:105.51M | Scene, ViewLayer | Updating Mesh | Computing attributes
Fra:7 Mem:131.65M (Peak 153.60M) | Time:00:00.26 | Mem:105.51M, Peak:105.51M | Scene, ViewLayer | Updating Mesh | Copying Attributes to device
Fra:7 Mem:131.65M (Peak 153.60M) | Time:00:00.26 | Mem:105.52M, Peak:105.52M | Scene, ViewLayer | Updating Scene BVH | Building
Fra:7 Mem:131.65M (Peak 153.60M) | Time:00:00.26 | Mem:105.52M, Peak:105.52M | Scene, ViewLayer | Updating Scene BVH | Building BVH
Fra:7 Mem:131.65M (Peak 153.60M) | Time:00:00.26 | Mem:105.53M, Peak:105.53M | Scene, ViewLayer | Updating Scene BVH | Building BVH 0%
Fra:7 Mem:131.65M (Peak 153.60M) | Time:00:00.26 | Mem:105.56M, Peak:105.57M | Scene, ViewLayer | Updating Scene BVH | Copying BVH to device
Fra:7 Mem:131.65M (Peak 153.60M) | Time:00:00.26 | Mem:105.56M, Peak:105.57M | Scene, ViewLayer | Updating Mesh | Computing normals
Fra:7 Mem:131.66M (Peak 153.60M) | Time:00:00.26 | Mem:105.56M, Peak:105.57M | Scene, ViewLayer | Updating Mesh | Copying Mesh to device
Fra:7 Mem:131.66M (Peak 153.60M) | Time:00:00.26 | Mem:105.57M, Peak:105.57M | Scene, ViewLayer | Updating Objects Flags
Fra:7 Mem:131.66M (Peak 153.60M) | Time:00:00.26 | Mem:105.57M, Peak:105.57M | Scene, ViewLayer | Updating Primitive Offsets
Fra:7 Mem:131.66M (Peak 153.60M) | Time:00:00.26 | Mem:105.57M, Peak:105.57M | Scene, ViewLayer | Updating Images
Fra:7 Mem:131.66M (Peak 153.60M) | Time:00:00.26 | Mem:105.57M, Peak:105.57M | Scene, ViewLayer | Updating Camera Volume
Fra:7 Mem:131.66M (Peak 153.60M) | Time:00:00.26 | Mem:105.57M, Peak:105.57M | Scene, ViewLayer | Updating Lookup Tables
Fra:7 Mem:131.66M (Peak 153.60M) | Time:00:00.26 | Mem:105.65M, Peak:105.65M | Scene, ViewLayer | Updating Lights
Fra:7 Mem:131.66M (Peak 153.60M) | Time:00:00.26 | Mem:105.65M, Peak:105.65M | Scene, ViewLayer | Updating Lights | Computing tree
Fra:7 Mem:131.67M (Peak 153.60M) | Time:00:00.26 | Mem:105.66M, Peak:105.66M | Scene, ViewLayer | Updating Integrator
Fra:7 Mem:131.67M (Peak 153.60M) | Time:00:00.26 | Mem:105.66M, Peak:105.66M | Scene, ViewLayer | Updating Film
Fra:7 Mem:131.68M (Peak 153.60M) | Time:00:00.26 | Mem:105.58M, Peak:105.66M | Scene, ViewLayer | Updating Lookup Tables
Fra:7 Mem:131.68M (Peak 153.60M) | Time:00:00.26 | Mem:105.67M, Peak:105.67M | Scene, ViewLayer | Updating Baking
Fra:7 Mem:131.68M (Peak 153.60M) | Time:00:00.26 | Mem:105.67M, Peak:105.67M | Scene, ViewLayer | Updating Device | Writing constant memory
Fra:7 Mem:131.68M (Peak 153.60M) | Time:00:00.26 | Mem:105.67M, Peak:105.67M | Scene, ViewLayer | Sample 0/16
Fra:7 Mem:137.88M (Peak 153.60M) | Time:00:00.61 | Remaining:00:05.22 | Mem:111.86M, Peak:111.86M | Scene, ViewLayer | Sample 1/16
Fra:7 Mem:140.63M (Peak 153.60M) | Time:00:05.68 | Mem:111.86M, Peak:111.86M | Scene, ViewLayer | Sample 16/16
Fra:7 Mem:140.63M (Peak 153.60M) | Time:00:05.68 | Mem:111.86M, Peak:111.86M | Scene, ViewLayer | Finished
Fra:7 Mem:28.71M (Peak 153.60M) | Time:00:05.68 | Compositing
Saved: 'work/preview-frames/messi/frame_0007.png'
Time: 00:05.79 (Saving: 00:00.05)

Fra:8 Mem:27.00M (Peak 27.00M) | Time:00:00.00 | Mem:0.00M, Peak:0.00M | Scene, ViewLayer | Synchronizing object | 柔光主灯
Fra:8 Mem:27.00M (Peak 27.00M) | Time:00:00.00 | Mem:0.00M, Peak:0.00M | Scene, ViewLayer | Synchronizing object | 内圈 · 古金细边
Fra:8 Mem:27.00M (Peak 27.00M) | Time:00:00.00 | Mem:0.00M, Peak:0.00M | Scene, ViewLayer | Synchronizing object | 正面均匀补光
Fra:8 Mem:27.00M (Peak 27.00M) | Time:00:00.00 | Mem:0.00M, Peak:0.00M | Scene, ViewLayer | Synchronizing object | 顶部金光
Fra:8 Mem:27.01M (Peak 27.01M) | Time:00:00.00 | Mem:0.00M, Peak:0.00M | Scene, ViewLayer | Synchronizing object | 主体平面 · 完整视差合成
Fra:8 Mem:27.01M (Peak 27.01M) | Time:00:00.00 | Mem:0.00M, Peak:0.00M | Scene, ViewLayer | Synchronizing object | 外圈 · 全息压边
Fra:8 Mem:27.02M (Peak 27.02M) | Time:00:00.00 | Mem:0.00M, Peak:0.00M | Scene, ViewLayer | Synchronizing object | 文字平面 · Alpha PNG
Fra:8 Mem:27.03M (Peak 27.03M) | Time:00:00.00 | Mem:0.00M, Peak:0.00M | Scene, ViewLayer | Initializing
Fra:8 Mem:27.01M (Peak 27.03M) | Time:00:00.00 | Mem:0.00M, Peak:0.00M | Scene, ViewLayer | Updating Images | Loading text.png
Fra:8 Mem:27.01M (Peak 27.03M) | Time:00:00.00 | Mem:0.00M, Peak:0.00M | Scene, ViewLayer | Updating Images | Loading subject.png
Fra:8 Mem:69.21M (Peak 90.30M) | Time:00:00.08 | Mem:21.09M, Peak:21.09M | Scene, ViewLayer | Updating Images | Loading lineart.png
Fra:8 Mem:90.31M (Peak 111.41M) | Time:00:00.13 | Mem:42.19M, Peak:42.19M | Scene, ViewLayer | Updating Images | Loading background.png
Fra:8 Mem:131.52M (Peak 153.60M) | Time:00:00.26 | Mem:105.47M, Peak:105.47M | Scene, ViewLayer | Waiting for render to start
Fra:8 Mem:131.52M (Peak 153.60M) | Time:00:00.26 | Mem:105.47M, Peak:105.47M | Scene, ViewLayer | Updating Scene
Fra:8 Mem:131.52M (Peak 153.60M) | Time:00:00.26 | Mem:105.47M, Peak:105.47M | Scene, ViewLayer | Updating Shaders
Fra:8 Mem:131.52M (Peak 153.60M) | Time:00:00.26 | Mem:105.47M, Peak:105.47M | Scene, ViewLayer | Loading render kernels (may take a few minutes the first time)
Fra:8 Mem:131.63M (Peak 153.60M) | Time:00:00.26 | Mem:105.50M, Peak:105.50M | Scene, ViewLayer | Updating Procedurals
Fra:8 Mem:131.63M (Peak 153.60M) | Time:00:00.26 | Mem:105.50M, Peak:105.50M | Scene, ViewLayer | Updating Background
Fra:8 Mem:131.63M (Peak 153.60M) | Time:00:00.26 | Mem:105.50M, Peak:105.50M | Scene, ViewLayer | Updating Camera
Fra:8 Mem:131.63M (Peak 153.60M) | Time:00:00.26 | Mem:105.50M, Peak:105.50M | Scene, ViewLayer | Updating Meshes Flags
Fra:8 Mem:131.63M (Peak 153.60M) | Time:00:00.26 | Mem:105.50M, Peak:105.50M | Scene, ViewLayer | Updating Objects
Fra:8 Mem:131.63M (Peak 153.60M) | Time:00:00.26 | Mem:105.50M, Peak:105.50M | Scene, ViewLayer | Updating Objects | Copying Transformations to device
Fra:8 Mem:131.63M (Peak 153.60M) | Time:00:00.26 | Mem:105.51M, Peak:105.51M | Scene, ViewLayer | Updating Particle Systems
Fra:8 Mem:131.63M (Peak 153.60M) | Time:00:00.26 | Mem:105.51M, Peak:105.51M | Scene, ViewLayer | Updating Particle Systems | Copying Particles to device
Fra:8 Mem:131.63M (Peak 153.60M) | Time:00:00.26 | Mem:105.51M, Peak:105.51M | Scene, ViewLayer | Updating Meshes
Fra:8 Mem:131.63M (Peak 153.60M) | Time:00:00.26 | Mem:105.51M, Peak:105.51M | Scene, ViewLayer | Updating Objects | Applying Static Transformations
Fra:8 Mem:131.63M (Peak 153.60M) | Time:00:00.26 | Mem:105.51M, Peak:105.51M | Scene, ViewLayer | Updating Mesh | Computing attributes
Fra:8 Mem:131.65M (Peak 153.60M) | Time:00:00.26 | Mem:105.51M, Peak:105.51M | Scene, ViewLayer | Updating Mesh | Copying Attributes to device
Fra:8 Mem:131.65M (Peak 153.60M) | Time:00:00.26 | Mem:105.52M, Peak:105.52M | Scene, ViewLayer | Updating Scene BVH | Building
Fra:8 Mem:131.65M (Peak 153.60M) | Time:00:00.26 | Mem:105.52M, Peak:105.52M | Scene, ViewLayer | Updating Scene BVH | Building BVH
Fra:8 Mem:131.65M (Peak 153.60M) | Time:00:00.26 | Mem:105.53M, Peak:105.53M | Scene, ViewLayer | Updating Scene BVH | Building BVH 0%
Fra:8 Mem:131.65M (Peak 153.60M) | Time:00:00.26 | Mem:105.56M, Peak:105.57M | Scene, ViewLayer | Updating Scene BVH | Copying BVH to device
Fra:8 Mem:131.65M (Peak 153.60M) | Time:00:00.26 | Mem:105.56M, Peak:105.57M | Scene, ViewLayer | Updating Mesh | Computing normals
Fra:8 Mem:131.66M (Peak 153.60M) | Time:00:00.26 | Mem:105.56M, Peak:105.57M | Scene, ViewLayer | Updating Mesh | Copying Mesh to device
Fra:8 Mem:131.66M (Peak 153.60M) | Time:00:00.26 | Mem:105.57M, Peak:105.57M | Scene, ViewLayer | Updating Objects Flags
Fra:8 Mem:131.66M (Peak 153.60M) | Time:00:00.26 | Mem:105.57M, Peak:105.57M | Scene, ViewLayer | Updating Primitive Offsets
Fra:8 Mem:131.66M (Peak 153.60M) | Time:00:00.26 | Mem:105.57M, Peak:105.57M | Scene, ViewLayer | Updating Images
Fra:8 Mem:131.66M (Peak 153.60M) | Time:00:00.26 | Mem:105.57M, Peak:105.57M | Scene, ViewLayer | Updating Camera Volume
Fra:8 Mem:131.66M (Peak 153.60M) | Time:00:00.26 | Mem:105.57M, Peak:105.57M | Scene, ViewLayer | Updating Lookup Tables
Fra:8 Mem:131.66M (Peak 153.60M) | Time:00:00.26 | Mem:105.65M, Peak:105.65M | Scene, ViewLayer | Updating Lights
Fra:8 Mem:131.66M (Peak 153.60M) | Time:00:00.26 | Mem:105.65M, Peak:105.65M | Scene, ViewLayer | Updating Lights | Computing tree
Fra:8 Mem:131.67M (Peak 153.60M) | Time:00:00.26 | Mem:105.66M, Peak:105.66M | Scene, ViewLayer | Updating Integrator
Fra:8 Mem:131.67M (Peak 153.60M) | Time:00:00.26 | Mem:105.66M, Peak:105.66M | Scene, ViewLayer | Updating Film
Fra:8 Mem:131.68M (Peak 153.60M) | Time:00:00.26 | Mem:105.58M, Peak:105.66M | Scene, ViewLayer | Updating Lookup Tables
Fra:8 Mem:131.68M (Peak 153.60M) | Time:00:00.26 | Mem:105.67M, Peak:105.67M | Scene, ViewLayer | Updating Baking
Fra:8 Mem:131.68M (Peak 153.60M) | Time:00:00.26 | Mem:105.67M, Peak:105.67M | Scene, ViewLayer | Updating Device | Writing constant memory
Fra:8 Mem:131.68M (Peak 153.60M) | Time:00:00.26 | Mem:105.67M, Peak:105.67M | Scene, ViewLayer | Sample 0/16
Fra:8 Mem:137.88M (Peak 153.60M) | Time:00:00.62 | Remaining:00:05.42 | Mem:111.86M, Peak:111.86M | Scene, ViewLayer | Sample 1/16
Fra:8 Mem:140.63M (Peak 153.60M) | Time:00:05.94 | Mem:111.86M, Peak:111.86M | Scene, ViewLayer | Sample 16/16
Fra:8 Mem:140.63M (Peak 153.60M) | Time:00:05.94 | Mem:111.86M, Peak:111.86M | Scene, ViewLayer | Finished
Fra:8 Mem:28.71M (Peak 153.60M) | Time:00:05.94 | Compositing
Saved: 'work/preview-frames/messi/frame_0008.png'
Time: 00:06.04 (Saving: 00:00.05)

Fra:9 Mem:27.00M (Peak 27.00M) | Time:00:00.00 | Mem:0.00M, Peak:0.00M | Scene, ViewLayer | Synchronizing object | 柔光主灯
Fra:9 Mem:27.00M (Peak 27.00M) | Time:00:00.00 | Mem:0.00M, Peak:0.00M | Scene, ViewLayer | Synchronizing object | 内圈 · 古金细边
Fra:9 Mem:27.00M (Peak 27.00M) | Time:00:00.00 | Mem:0.00M, Peak:0.00M | Scene, ViewLayer | Synchronizing object | 正面均匀补光
Fra:9 Mem:27.00M (Peak 27.00M) | Time:00:00.00 | Mem:0.00M, Peak:0.00M | Scene, ViewLayer | Synchronizing object | 顶部金光
Fra:9 Mem:27.00M (Peak 27.00M) | Time:00:00.00 | Mem:0.00M, Peak:0.00M | Scene, ViewLayer | Synchronizing object | 主体平面 · 完整视差合成
Fra:9 Mem:27.01M (Peak 27.01M) | Time:00:00.00 | Mem:0.00M, Peak:0.00M | Scene, ViewLayer | Synchronizing object | 外圈 · 全息压边
Fra:9 Mem:27.02M (Peak 27.02M) | Time:00:00.00 | Mem:0.00M, Peak:0.00M | Scene, ViewLayer | Synchronizing object | 文字平面 · Alpha PNG
Fra:9 Mem:27.03M (Peak 27.03M) | Time:00:00.00 | Mem:0.00M, Peak:0.00M | Scene, ViewLayer | Initializing
Fra:9 Mem:27.01M (Peak 27.03M) | Time:00:00.00 | Mem:0.00M, Peak:0.00M | Scene, ViewLayer | Updating Images | Loading text.png
Fra:9 Mem:27.01M (Peak 27.03M) | Time:00:00.00 | Mem:0.00M, Peak:0.00M | Scene, ViewLayer | Updating Images | Loading subject.png
Fra:9 Mem:69.21M (Peak 90.30M) | Time:00:00.08 | Mem:21.09M, Peak:21.09M | Scene, ViewLayer | Updating Images | Loading lineart.png
Fra:9 Mem:90.31M (Peak 111.41M) | Time:00:00.13 | Mem:42.19M, Peak:42.19M | Scene, ViewLayer | Updating Images | Loading background.png
Fra:9 Mem:131.52M (Peak 153.60M) | Time:00:00.26 | Mem:105.47M, Peak:105.47M | Scene, ViewLayer | Waiting for render to start
Fra:9 Mem:131.52M (Peak 153.60M) | Time:00:00.26 | Mem:105.47M, Peak:105.47M | Scene, ViewLayer | Updating Scene
Fra:9 Mem:131.52M (Peak 153.60M) | Time:00:00.26 | Mem:105.47M, Peak:105.47M | Scene, ViewLayer | Updating Shaders
Fra:9 Mem:131.52M (Peak 153.60M) | Time:00:00.26 | Mem:105.47M, Peak:105.47M | Scene, ViewLayer | Loading render kernels (may take a few minutes the first time)
Fra:9 Mem:131.63M (Peak 153.60M) | Time:00:00.26 | Mem:105.50M, Peak:105.50M | Scene, ViewLayer | Updating Procedurals
Fra:9 Mem:131.63M (Peak 153.60M) | Time:00:00.26 | Mem:105.50M, Peak:105.50M | Scene, ViewLayer | Updating Background
Fra:9 Mem:131.63M (Peak 153.60M) | Time:00:00.26 | Mem:105.50M, Peak:105.50M | Scene, ViewLayer | Updating Camera
Fra:9 Mem:131.63M (Peak 153.60M) | Time:00:00.26 | Mem:105.50M, Peak:105.50M | Scene, ViewLayer | Updating Meshes Flags
Fra:9 Mem:131.63M (Peak 153.60M) | Time:00:00.26 | Mem:105.50M, Peak:105.50M | Scene, ViewLayer | Updating Objects
Fra:9 Mem:131.63M (Peak 153.60M) | Time:00:00.26 | Mem:105.50M, Peak:105.50M | Scene, ViewLayer | Updating Objects | Copying Transformations to device
Fra:9 Mem:131.63M (Peak 153.60M) | Time:00:00.26 | Mem:105.51M, Peak:105.51M | Scene, ViewLayer | Updating Particle Systems
Fra:9 Mem:131.63M (Peak 153.60M) | Time:00:00.26 | Mem:105.51M, Peak:105.51M | Scene, ViewLayer | Updating Particle Systems | Copying Particles to device
Fra:9 Mem:131.64M (Peak 153.60M) | Time:00:00.26 | Mem:105.51M, Peak:105.51M | Scene, ViewLayer | Updating Meshes
Fra:9 Mem:131.64M (Peak 153.60M) | Time:00:00.26 | Mem:105.51M, Peak:105.51M | Scene, ViewLayer | Updating Objects | Applying Static Transformations
Fra:9 Mem:131.64M (Peak 153.60M) | Time:00:00.26 | Mem:105.51M, Peak:105.51M | Scene, ViewLayer | Updating Mesh | Computing attributes
Fra:9 Mem:131.65M (Peak 153.60M) | Time:00:00.26 | Mem:105.51M, Peak:105.51M | Scene, ViewLayer | Updating Mesh | Copying Attributes to device
Fra:9 Mem:131.65M (Peak 153.60M) | Time:00:00.26 | Mem:105.52M, Peak:105.52M | Scene, ViewLayer | Updating Scene BVH | Building
Fra:9 Mem:131.65M (Peak 153.60M) | Time:00:00.26 | Mem:105.52M, Peak:105.52M | Scene, ViewLayer | Updating Scene BVH | Building BVH
Fra:9 Mem:131.65M (Peak 153.60M) | Time:00:00.26 | Mem:105.53M, Peak:105.53M | Scene, ViewLayer | Updating Scene BVH | Building BVH 0%
Fra:9 Mem:131.65M (Peak 153.60M) | Time:00:00.26 | Mem:105.56M, Peak:105.57M | Scene, ViewLayer | Updating Scene BVH | Copying BVH to device
Fra:9 Mem:131.65M (Peak 153.60M) | Time:00:00.26 | Mem:105.56M, Peak:105.57M | Scene, ViewLayer | Updating Mesh | Computing normals
Fra:9 Mem:131.66M (Peak 153.60M) | Time:00:00.26 | Mem:105.56M, Peak:105.57M | Scene, ViewLayer | Updating Mesh | Copying Mesh to device
Fra:9 Mem:131.66M (Peak 153.60M) | Time:00:00.26 | Mem:105.57M, Peak:105.57M | Scene, ViewLayer | Updating Objects Flags
Fra:9 Mem:131.66M (Peak 153.60M) | Time:00:00.26 | Mem:105.57M, Peak:105.57M | Scene, ViewLayer | Updating Primitive Offsets
Fra:9 Mem:131.66M (Peak 153.60M) | Time:00:00.26 | Mem:105.57M, Peak:105.57M | Scene, ViewLayer | Updating Images
Fra:9 Mem:131.66M (Peak 153.60M) | Time:00:00.26 | Mem:105.57M, Peak:105.57M | Scene, ViewLayer | Updating Camera Volume
Fra:9 Mem:131.66M (Peak 153.60M) | Time:00:00.26 | Mem:105.57M, Peak:105.57M | Scene, ViewLayer | Updating Lookup Tables
Fra:9 Mem:131.66M (Peak 153.60M) | Time:00:00.26 | Mem:105.65M, Peak:105.65M | Scene, ViewLayer | Updating Lights
Fra:9 Mem:131.66M (Peak 153.60M) | Time:00:00.26 | Mem:105.65M, Peak:105.65M | Scene, ViewLayer | Updating Lights | Computing tree
Fra:9 Mem:131.67M (Peak 153.60M) | Time:00:00.26 | Mem:105.66M, Peak:105.66M | Scene, ViewLayer | Updating Integrator
Fra:9 Mem:131.67M (Peak 153.60M) | Time:00:00.26 | Mem:105.66M, Peak:105.66M | Scene, ViewLayer | Updating Film
Fra:9 Mem:131.68M (Peak 153.60M) | Time:00:00.26 | Mem:105.58M, Peak:105.66M | Scene, ViewLayer | Updating Lookup Tables
Fra:9 Mem:131.68M (Peak 153.60M) | Time:00:00.26 | Mem:105.67M, Peak:105.67M | Scene, ViewLayer | Updating Baking
Fra:9 Mem:131.68M (Peak 153.60M) | Time:00:00.26 | Mem:105.67M, Peak:105.67M | Scene, ViewLayer | Updating Device | Writing constant memory
Fra:9 Mem:131.68M (Peak 153.60M) | Time:00:00.26 | Mem:105.67M, Peak:105.67M | Scene, ViewLayer | Sample 0/16
Fra:9 Mem:137.88M (Peak 153.60M) | Time:00:00.62 | Remaining:00:05.43 | Mem:111.86M, Peak:111.86M | Scene, ViewLayer | Sample 1/16
