Blender 4.5.9 LTS (hash 8bf95cbd38d1 built 2026-04-21 01:31:15)
Read blend: "/home/user/Doubao/chats/38444574205007618/holo-lab/generator/projects/messi-demo/card.blend"
Fra:41 Mem:24.98M (Peak 24.98M) | Time:00:00.00 | Mem:0.00M, Peak:0.00M | Scene, ViewLayer | Synchronizing object | 柔光主灯
Fra:41 Mem:24.98M (Peak 24.98M) | Time:00:00.00 | Mem:0.00M, Peak:0.00M | Scene, ViewLayer | Synchronizing object | 正面均匀补光
Fra:41 Mem:24.98M (Peak 24.98M) | Time:00:00.00 | Mem:0.00M, Peak:0.00M | Scene, ViewLayer | Synchronizing object | 顶部金光
Fra:41 Mem:24.98M (Peak 24.98M) | Time:00:00.00 | Mem:0.00M, Peak:0.00M | Scene, ViewLayer | Synchronizing object | 主体平面 · 完整视差合成
Fra:41 Mem:24.98M (Peak 24.98M) | Time:00:00.00 | Mem:0.00M, Peak:0.00M | Scene, ViewLayer | Synchronizing object | 内圈 · 古金细边
Fra:41 Mem:25.01M (Peak 25.01M) | Time:00:00.00 | Mem:0.00M, Peak:0.00M | Scene, ViewLayer | Synchronizing object | 外圈 · 全息压边
Fra:41 Mem:25.02M (Peak 25.02M) | Time:00:00.00 | Mem:0.00M, Peak:0.00M | Scene, ViewLayer | Synchronizing object | 文字平面 · Alpha PNG
Fra:41 Mem:25.03M (Peak 25.03M) | Time:00:00.00 | Mem:0.00M, Peak:0.00M | Scene, ViewLayer | Initializing
Fra:41 Mem:25.01M (Peak 25.03M) | Time:00:00.00 | Mem:0.00M, Peak:0.00M | Scene, ViewLayer | Updating Images | Loading text.png
Fra:41 Mem:25.01M (Peak 25.03M) | Time:00:00.00 | Mem:0.00M, Peak:0.00M | Scene, ViewLayer | Updating Images | Loading subject.png
Fra:41 Mem:88.31M (Peak 109.41M) | Time:00:00.18 | Mem:21.09M, Peak:21.09M | Scene, ViewLayer | Updating Images | Loading background.png
Fra:41 Mem:88.30M (Peak 109.41M) | Time:00:00.19 | Mem:42.19M, Peak:42.19M | Scene, ViewLayer | Updating Images | Loading lineart.png
Fra:41 Mem:109.40M (Peak 130.50M) | Time:00:00.26 | Mem:63.28M, Peak:63.28M | Scene, ViewLayer | Updating Images | Loading background.png
Fra:41 Mem:129.51M (Peak 151.59M) | Time:00:00.36 | Mem:105.47M, Peak:105.47M | Scene, ViewLayer | Waiting for render to start
Fra:41 Mem:129.51M (Peak 151.59M) | Time:00:00.36 | Mem:105.47M, Peak:105.47M | Scene, ViewLayer | Updating Scene
Fra:41 Mem:129.51M (Peak 151.59M) | Time:00:00.36 | Mem:105.47M, Peak:105.47M | Scene, ViewLayer | Updating Shaders
Fra:41 Mem:129.51M (Peak 151.59M) | Time:00:00.36 | Mem:105.47M, Peak:105.47M | Scene, ViewLayer | Loading render kernels (may take a few minutes the first time)
Fra:41 Mem:129.63M (Peak 151.59M) | Time:00:00.36 | Mem:105.50M, Peak:105.50M | Scene, ViewLayer | Updating Procedurals
Fra:41 Mem:129.63M (Peak 151.59M) | Time:00:00.36 | Mem:105.50M, Peak:105.50M | Scene, ViewLayer | Updating Background
Fra:41 Mem:129.63M (Peak 151.59M) | Time:00:00.36 | Mem:105.50M, Peak:105.50M | Scene, ViewLayer | Updating Camera
Fra:41 Mem:129.63M (Peak 151.59M) | Time:00:00.36 | Mem:105.50M, Peak:105.50M | Scene, ViewLayer | Updating Meshes Flags
Fra:41 Mem:129.63M (Peak 151.59M) | Time:00:00.36 | Mem:105.50M, Peak:105.50M | Scene, ViewLayer | Updating Objects
Fra:41 Mem:129.63M (Peak 151.59M) | Time:00:00.36 | Mem:105.50M, Peak:105.50M | Scene, ViewLayer | Updating Objects | Copying Transformations to device
Fra:41 Mem:129.63M (Peak 151.59M) | Time:00:00.36 | Mem:105.51M, Peak:105.51M | Scene, ViewLayer | Updating Particle Systems
Fra:41 Mem:129.63M (Peak 151.59M) | Time:00:00.36 | Mem:105.51M, Peak:105.51M | Scene, ViewLayer | Updating Particle Systems | Copying Particles to device
Fra:41 Mem:129.63M (Peak 151.59M) | Time:00:00.36 | Mem:105.51M, Peak:105.51M | Scene, ViewLayer | Updating Meshes
Fra:41 Mem:129.63M (Peak 151.59M) | Time:00:00.36 | Mem:105.51M, Peak:105.51M | Scene, ViewLayer | Updating Objects | Applying Static Transformations
Fra:41 Mem:129.63M (Peak 151.59M) | Time:00:00.36 | Mem:105.51M, Peak:105.51M | Scene, ViewLayer | Updating Mesh | Computing attributes
Fra:41 Mem:129.65M (Peak 151.59M) | Time:00:00.36 | Mem:105.51M, Peak:105.51M | Scene, ViewLayer | Updating Mesh | Copying Attributes to device
Fra:41 Mem:129.65M (Peak 151.59M) | Time:00:00.36 | Mem:105.52M, Peak:105.52M | Scene, ViewLayer | Updating Scene BVH | Building
Fra:41 Mem:129.65M (Peak 151.59M) | Time:00:00.36 | Mem:105.52M, Peak:105.52M | Scene, ViewLayer | Updating Scene BVH | Building BVH
Fra:41 Mem:129.65M (Peak 151.59M) | Time:00:00.36 | Mem:105.53M, Peak:105.53M | Scene, ViewLayer | Updating Scene BVH | Building BVH 0%
Fra:41 Mem:129.65M (Peak 151.59M) | Time:00:00.36 | Mem:105.55M, Peak:105.57M | Scene, ViewLayer | Updating Scene BVH | Copying BVH to device
Fra:41 Mem:129.65M (Peak 151.59M) | Time:00:00.36 | Mem:105.55M, Peak:105.57M | Scene, ViewLayer | Updating Mesh | Computing normals
Fra:41 Mem:129.66M (Peak 151.59M) | Time:00:00.36 | Mem:105.55M, Peak:105.57M | Scene, ViewLayer | Updating Mesh | Copying Mesh to device
Fra:41 Mem:129.66M (Peak 151.59M) | Time:00:00.36 | Mem:105.57M, Peak:105.57M | Scene, ViewLayer | Updating Objects Flags
Fra:41 Mem:129.66M (Peak 151.59M) | Time:00:00.36 | Mem:105.57M, Peak:105.57M | Scene, ViewLayer | Updating Primitive Offsets
Fra:41 Mem:129.66M (Peak 151.59M) | Time:00:00.36 | Mem:105.57M, Peak:105.57M | Scene, ViewLayer | Updating Images
Fra:41 Mem:129.66M (Peak 151.59M) | Time:00:00.36 | Mem:105.57M, Peak:105.57M | Scene, ViewLayer | Updating Camera Volume
Fra:41 Mem:129.66M (Peak 151.59M) | Time:00:00.36 | Mem:105.57M, Peak:105.57M | Scene, ViewLayer | Updating Lookup Tables
Fra:41 Mem:129.66M (Peak 151.59M) | Time:00:00.36 | Mem:105.65M, Peak:105.65M | Scene, ViewLayer | Updating Lights
Fra:41 Mem:129.66M (Peak 151.59M) | Time:00:00.36 | Mem:105.65M, Peak:105.65M | Scene, ViewLayer | Updating Lights | Computing tree
Fra:41 Mem:129.67M (Peak 151.59M) | Time:00:00.36 | Mem:105.66M, Peak:105.66M | Scene, ViewLayer | Updating Integrator
Fra:41 Mem:129.67M (Peak 151.59M) | Time:00:00.36 | Mem:105.66M, Peak:105.66M | Scene, ViewLayer | Updating Film
Fra:41 Mem:129.68M (Peak 151.59M) | Time:00:00.36 | Mem:105.58M, Peak:105.66M | Scene, ViewLayer | Updating Lookup Tables
Fra:41 Mem:129.68M (Peak 151.59M) | Time:00:00.36 | Mem:105.67M, Peak:105.67M | Scene, ViewLayer | Updating Baking
Fra:41 Mem:129.68M (Peak 151.59M) | Time:00:00.36 | Mem:105.67M, Peak:105.67M | Scene, ViewLayer | Updating Device | Writing constant memory
Fra:41 Mem:129.68M (Peak 151.59M) | Time:00:00.36 | Mem:105.67M, Peak:105.67M | Scene, ViewLayer | Sample 0/16
Fra:41 Mem:135.88M (Peak 151.59M) | Time:00:00.76 | Remaining:00:05.95 | Mem:111.86M, Peak:111.86M | Scene, ViewLayer | Sample 1/16
Fra:41 Mem:138.63M (Peak 151.59M) | Time:00:06.67 | Mem:111.86M, Peak:111.86M | Scene, ViewLayer | Sample 16/16
Fra:41 Mem:138.63M (Peak 151.59M) | Time:00:06.67 | Mem:111.86M, Peak:111.86M | Scene, ViewLayer | Finished
Fra:41 Mem:26.71M (Peak 151.59M) | Time:00:06.68 | Compositing
Saved: 'work/preview-frames/messi/frame_0041.png'
Time: 00:06.87 (Saving: 00:00.13)

Fra:42 Mem:27.00M (Peak 27.00M) | Time:00:00.00 | Mem:0.00M, Peak:0.00M | Scene, ViewLayer | Synchronizing object | 柔光主灯
Fra:42 Mem:27.00M (Peak 27.00M) | Time:00:00.00 | Mem:0.00M, Peak:0.00M | Scene, ViewLayer | Synchronizing object | 正面均匀补光
Fra:42 Mem:27.00M (Peak 27.00M) | Time:00:00.00 | Mem:0.00M, Peak:0.00M | Scene, ViewLayer | Synchronizing object | 顶部金光
Fra:42 Mem:27.00M (Peak 27.00M) | Time:00:00.00 | Mem:0.00M, Peak:0.00M | Scene, ViewLayer | Synchronizing object | 主体平面 · 完整视差合成
Fra:42 Mem:27.00M (Peak 27.00M) | Time:00:00.00 | Mem:0.00M, Peak:0.00M | Scene, ViewLayer | Synchronizing object | 内圈 · 古金细边
Fra:42 Mem:27.02M (Peak 27.02M) | Time:00:00.00 | Mem:0.00M, Peak:0.00M | Scene, ViewLayer | Synchronizing object | 外圈 · 全息压边
Fra:42 Mem:27.02M (Peak 27.02M) | Time:00:00.00 | Mem:0.00M, Peak:0.00M | Scene, ViewLayer | Synchronizing object | 文字平面 · Alpha PNG
Fra:42 Mem:27.03M (Peak 27.03M) | Time:00:00.00 | Mem:0.00M, Peak:0.00M | Scene, ViewLayer | Initializing
Fra:42 Mem:27.01M (Peak 27.03M) | Time:00:00.00 | Mem:0.00M, Peak:0.00M | Scene, ViewLayer | Updating Images | Loading text.png
Fra:42 Mem:27.01M (Peak 27.03M) | Time:00:00.00 | Mem:0.00M, Peak:0.00M | Scene, ViewLayer | Updating Images | Loading subject.png
Fra:42 Mem:69.21M (Peak 90.30M) | Time:00:00.07 | Mem:21.09M, Peak:21.09M | Scene, ViewLayer | Updating Images | Loading lineart.png
Fra:42 Mem:90.31M (Peak 111.41M) | Time:00:00.13 | Mem:42.19M, Peak:42.19M | Scene, ViewLayer | Updating Images | Loading background.png
Fra:42 Mem:131.52M (Peak 153.60M) | Time:00:00.32 | Mem:105.47M, Peak:105.47M | Scene, ViewLayer | Waiting for render to start
Fra:42 Mem:131.52M (Peak 153.60M) | Time:00:00.32 | Mem:105.47M, Peak:105.47M | Scene, ViewLayer | Updating Scene
Fra:42 Mem:131.52M (Peak 153.60M) | Time:00:00.32 | Mem:105.47M, Peak:105.47M | Scene, ViewLayer | Updating Shaders
Fra:42 Mem:131.52M (Peak 153.60M) | Time:00:00.32 | Mem:105.47M, Peak:105.47M | Scene, ViewLayer | Loading render kernels (may take a few minutes the first time)
Fra:42 Mem:131.63M (Peak 153.60M) | Time:00:00.32 | Mem:105.50M, Peak:105.50M | Scene, ViewLayer | Updating Procedurals
Fra:42 Mem:131.63M (Peak 153.60M) | Time:00:00.32 | Mem:105.50M, Peak:105.50M | Scene, ViewLayer | Updating Background
Fra:42 Mem:131.63M (Peak 153.60M) | Time:00:00.32 | Mem:105.50M, Peak:105.50M | Scene, ViewLayer | Updating Camera
Fra:42 Mem:131.63M (Peak 153.60M) | Time:00:00.32 | Mem:105.50M, Peak:105.50M | Scene, ViewLayer | Updating Meshes Flags
Fra:42 Mem:131.63M (Peak 153.60M) | Time:00:00.32 | Mem:105.50M, Peak:105.50M | Scene, ViewLayer | Updating Objects
Fra:42 Mem:131.63M (Peak 153.60M) | Time:00:00.32 | Mem:105.50M, Peak:105.50M | Scene, ViewLayer | Updating Objects | Copying Transformations to device
Fra:42 Mem:131.63M (Peak 153.60M) | Time:00:00.32 | Mem:105.51M, Peak:105.51M | Scene, ViewLayer | Updating Particle Systems
Fra:42 Mem:131.63M (Peak 153.60M) | Time:00:00.32 | Mem:105.51M, Peak:105.51M | Scene, ViewLayer | Updating Particle Systems | Copying Particles to device
Fra:42 Mem:131.63M (Peak 153.60M) | Time:00:00.32 | Mem:105.51M, Peak:105.51M | Scene, ViewLayer | Updating Meshes
Fra:42 Mem:131.63M (Peak 153.60M) | Time:00:00.32 | Mem:105.51M, Peak:105.51M | Scene, ViewLayer | Updating Objects | Applying Static Transformations
Fra:42 Mem:131.63M (Peak 153.60M) | Time:00:00.32 | Mem:105.51M, Peak:105.51M | Scene, ViewLayer | Updating Mesh | Computing attributes
Fra:42 Mem:131.65M (Peak 153.60M) | Time:00:00.32 | Mem:105.51M, Peak:105.51M | Scene, ViewLayer | Updating Mesh | Copying Attributes to device
Fra:42 Mem:131.65M (Peak 153.60M) | Time:00:00.32 | Mem:105.52M, Peak:105.52M | Scene, ViewLayer | Updating Scene BVH | Building
Fra:42 Mem:131.65M (Peak 153.60M) | Time:00:00.32 | Mem:105.52M, Peak:105.52M | Scene, ViewLayer | Updating Scene BVH | Building BVH
Fra:42 Mem:131.65M (Peak 153.60M) | Time:00:00.32 | Mem:105.53M, Peak:105.53M | Scene, ViewLayer | Updating Scene BVH | Building BVH 0%
Fra:42 Mem:131.65M (Peak 153.60M) | Time:00:00.32 | Mem:105.55M, Peak:105.57M | Scene, ViewLayer | Updating Scene BVH | Copying BVH to device
Fra:42 Mem:131.65M (Peak 153.60M) | Time:00:00.32 | Mem:105.55M, Peak:105.57M | Scene, ViewLayer | Updating Mesh | Computing normals
Fra:42 Mem:131.66M (Peak 153.60M) | Time:00:00.32 | Mem:105.55M, Peak:105.57M | Scene, ViewLayer | Updating Mesh | Copying Mesh to device
Fra:42 Mem:131.66M (Peak 153.60M) | Time:00:00.32 | Mem:105.57M, Peak:105.57M | Scene, ViewLayer | Updating Objects Flags
Fra:42 Mem:131.66M (Peak 153.60M) | Time:00:00.32 | Mem:105.57M, Peak:105.57M | Scene, ViewLayer | Updating Primitive Offsets
Fra:42 Mem:131.66M (Peak 153.60M) | Time:00:00.32 | Mem:105.57M, Peak:105.57M | Scene, ViewLayer | Updating Images
Fra:42 Mem:131.66M (Peak 153.60M) | Time:00:00.32 | Mem:105.57M, Peak:105.57M | Scene, ViewLayer | Updating Camera Volume
Fra:42 Mem:131.66M (Peak 153.60M) | Time:00:00.32 | Mem:105.57M, Peak:105.57M | Scene, ViewLayer | Updating Lookup Tables
Fra:42 Mem:131.66M (Peak 153.60M) | Time:00:00.32 | Mem:105.65M, Peak:105.65M | Scene, ViewLayer | Updating Lights
Fra:42 Mem:131.66M (Peak 153.60M) | Time:00:00.32 | Mem:105.65M, Peak:105.65M | Scene, ViewLayer | Updating Lights | Computing tree
Fra:42 Mem:131.67M (Peak 153.60M) | Time:00:00.32 | Mem:105.66M, Peak:105.66M | Scene, ViewLayer | Updating Integrator
Fra:42 Mem:131.67M (Peak 153.60M) | Time:00:00.32 | Mem:105.66M, Peak:105.66M | Scene, ViewLayer | Updating Film
Fra:42 Mem:131.68M (Peak 153.60M) | Time:00:00.32 | Mem:105.58M, Peak:105.66M | Scene, ViewLayer | Updating Lookup Tables
Fra:42 Mem:131.68M (Peak 153.60M) | Time:00:00.32 | Mem:105.67M, Peak:105.67M | Scene, ViewLayer | Updating Baking
Fra:42 Mem:131.68M (Peak 153.60M) | Time:00:00.32 | Mem:105.67M, Peak:105.67M | Scene, ViewLayer | Updating Device | Writing constant memory
Fra:42 Mem:131.68M (Peak 153.60M) | Time:00:00.32 | Mem:105.67M, Peak:105.67M | Scene, ViewLayer | Sample 0/16
Fra:42 Mem:137.88M (Peak 153.60M) | Time:00:00.74 | Remaining:00:06.31 | Mem:111.86M, Peak:111.86M | Scene, ViewLayer | Sample 1/16
Fra:42 Mem:140.63M (Peak 153.60M) | Time:00:06.92 | Mem:111.86M, Peak:111.86M | Scene, ViewLayer | Sample 16/16
Fra:42 Mem:140.63M (Peak 153.60M) | Time:00:06.92 | Mem:111.86M, Peak:111.86M | Scene, ViewLayer | Finished
Fra:42 Mem:28.71M (Peak 153.60M) | Time:00:06.92 | Compositing
Saved: 'work/preview-frames/messi/frame_0042.png'
Time: 00:07.01 (Saving: 00:00.04)

Fra:43 Mem:27.00M (Peak 27.00M) | Time:00:00.00 | Mem:0.00M, Peak:0.00M | Scene, ViewLayer | Synchronizing object | 柔光主灯
Fra:43 Mem:27.00M (Peak 27.00M) | Time:00:00.00 | Mem:0.00M, Peak:0.00M | Scene, ViewLayer | Synchronizing object | 正面均匀补光
Fra:43 Mem:27.00M (Peak 27.00M) | Time:00:00.00 | Mem:0.00M, Peak:0.00M | Scene, ViewLayer | Synchronizing object | 顶部金光
Fra:43 Mem:27.00M (Peak 27.00M) | Time:00:00.00 | Mem:0.00M, Peak:0.00M | Scene, ViewLayer | Synchronizing object | 主体平面 · 完整视差合成
Fra:43 Mem:27.00M (Peak 27.00M) | Time:00:00.00 | Mem:0.00M, Peak:0.00M | Scene, ViewLayer | Synchronizing object | 内圈 · 古金细边
Fra:43 Mem:27.02M (Peak 27.02M) | Time:00:00.00 | Mem:0.00M, Peak:0.00M | Scene, ViewLayer | Synchronizing object | 外圈 · 全息压边
Fra:43 Mem:27.02M (Peak 27.02M) | Time:00:00.00 | Mem:0.00M, Peak:0.00M | Scene, ViewLayer | Synchronizing object | 文字平面 · Alpha PNG
Fra:43 Mem:27.03M (Peak 27.03M) | Time:00:00.00 | Mem:0.00M, Peak:0.00M | Scene, ViewLayer | Initializing
Fra:43 Mem:27.01M (Peak 27.03M) | Time:00:00.00 | Mem:0.00M, Peak:0.00M | Scene, ViewLayer | Updating Images | Loading text.png
Fra:43 Mem:27.01M (Peak 27.03M) | Time:00:00.00 | Mem:0.00M, Peak:0.00M | Scene, ViewLayer | Updating Images | Loading subject.png
Fra:43 Mem:69.21M (Peak 90.30M) | Time:00:00.07 | Mem:21.09M, Peak:21.09M | Scene, ViewLayer | Updating Images | Loading lineart.png
Fra:43 Mem:90.31M (Peak 111.41M) | Time:00:00.13 | Mem:42.19M, Peak:42.19M | Scene, ViewLayer | Updating Images | Loading background.png
Fra:43 Mem:131.52M (Peak 153.60M) | Time:00:00.31 | Mem:105.47M, Peak:105.47M | Scene, ViewLayer | Waiting for render to start
Fra:43 Mem:131.52M (Peak 153.60M) | Time:00:00.31 | Mem:105.47M, Peak:105.47M | Scene, ViewLayer | Updating Scene
Fra:43 Mem:131.52M (Peak 153.60M) | Time:00:00.31 | Mem:105.47M, Peak:105.47M | Scene, ViewLayer | Updating Shaders
Fra:43 Mem:131.52M (Peak 153.60M) | Time:00:00.31 | Mem:105.47M, Peak:105.47M | Scene, ViewLayer | Loading render kernels (may take a few minutes the first time)
Fra:43 Mem:131.63M (Peak 153.60M) | Time:00:00.31 | Mem:105.50M, Peak:105.50M | Scene, ViewLayer | Updating Procedurals
Fra:43 Mem:131.63M (Peak 153.60M) | Time:00:00.31 | Mem:105.50M, Peak:105.50M | Scene, ViewLayer | Updating Background
Fra:43 Mem:131.63M (Peak 153.60M) | Time:00:00.31 | Mem:105.50M, Peak:105.50M | Scene, ViewLayer | Updating Camera
Fra:43 Mem:131.63M (Peak 153.60M) | Time:00:00.31 | Mem:105.50M, Peak:105.50M | Scene, ViewLayer | Updating Meshes Flags
Fra:43 Mem:131.63M (Peak 153.60M) | Time:00:00.31 | Mem:105.50M, Peak:105.50M | Scene, ViewLayer | Updating Objects
Fra:43 Mem:131.63M (Peak 153.60M) | Time:00:00.31 | Mem:105.50M, Peak:105.50M | Scene, ViewLayer | Updating Objects | Copying Transformations to device
Fra:43 Mem:131.63M (Peak 153.60M) | Time:00:00.31 | Mem:105.51M, Peak:105.51M | Scene, ViewLayer | Updating Particle Systems
Fra:43 Mem:131.63M (Peak 153.60M) | Time:00:00.31 | Mem:105.51M, Peak:105.51M | Scene, ViewLayer | Updating Particle Systems | Copying Particles to device
Fra:43 Mem:131.63M (Peak 153.60M) | Time:00:00.31 | Mem:105.51M, Peak:105.51M | Scene, ViewLayer | Updating Meshes
Fra:43 Mem:131.63M (Peak 153.60M) | Time:00:00.31 | Mem:105.51M, Peak:105.51M | Scene, ViewLayer | Updating Objects | Applying Static Transformations
Fra:43 Mem:131.63M (Peak 153.60M) | Time:00:00.31 | Mem:105.51M, Peak:105.51M | Scene, ViewLayer | Updating Mesh | Computing attributes
Fra:43 Mem:131.65M (Peak 153.60M) | Time:00:00.31 | Mem:105.51M, Peak:105.51M | Scene, ViewLayer | Updating Mesh | Copying Attributes to device
Fra:43 Mem:131.65M (Peak 153.60M) | Time:00:00.31 | Mem:105.52M, Peak:105.52M | Scene, ViewLayer | Updating Scene BVH | Building
Fra:43 Mem:131.65M (Peak 153.60M) | Time:00:00.31 | Mem:105.52M, Peak:105.52M | Scene, ViewLayer | Updating Scene BVH | Building BVH
Fra:43 Mem:131.65M (Peak 153.60M) | Time:00:00.31 | Mem:105.53M, Peak:105.53M | Scene, ViewLayer | Updating Scene BVH | Building BVH 0%
Fra:43 Mem:131.65M (Peak 153.60M) | Time:00:00.31 | Mem:105.55M, Peak:105.57M | Scene, ViewLayer | Updating Scene BVH | Copying BVH to device
Fra:43 Mem:131.65M (Peak 153.60M) | Time:00:00.31 | Mem:105.55M, Peak:105.57M | Scene, ViewLayer | Updating Mesh | Computing normals
Fra:43 Mem:131.66M (Peak 153.60M) | Time:00:00.31 | Mem:105.55M, Peak:105.57M | Scene, ViewLayer | Updating Mesh | Copying Mesh to device
Fra:43 Mem:131.66M (Peak 153.60M) | Time:00:00.31 | Mem:105.57M, Peak:105.57M | Scene, ViewLayer | Updating Objects Flags
Fra:43 Mem:131.66M (Peak 153.60M) | Time:00:00.31 | Mem:105.57M, Peak:105.57M | Scene, ViewLayer | Updating Primitive Offsets
Fra:43 Mem:131.66M (Peak 153.60M) | Time:00:00.31 | Mem:105.57M, Peak:105.57M | Scene, ViewLayer | Updating Images
Fra:43 Mem:131.66M (Peak 153.60M) | Time:00:00.31 | Mem:105.57M, Peak:105.57M | Scene, ViewLayer | Updating Camera Volume
Fra:43 Mem:131.66M (Peak 153.60M) | Time:00:00.31 | Mem:105.57M, Peak:105.57M | Scene, ViewLayer | Updating Lookup Tables
Fra:43 Mem:131.66M (Peak 153.60M) | Time:00:00.31 | Mem:105.65M, Peak:105.65M | Scene, ViewLayer | Updating Lights
Fra:43 Mem:131.66M (Peak 153.60M) | Time:00:00.31 | Mem:105.65M, Peak:105.65M | Scene, ViewLayer | Updating Lights | Computing tree
Fra:43 Mem:131.67M (Peak 153.60M) | Time:00:00.31 | Mem:105.66M, Peak:105.66M | Scene, ViewLayer | Updating Integrator
Fra:43 Mem:131.67M (Peak 153.60M) | Time:00:00.31 | Mem:105.66M, Peak:105.66M | Scene, ViewLayer | Updating Film
Fra:43 Mem:131.68M (Peak 153.60M) | Time:00:00.31 | Mem:105.58M, Peak:105.66M | Scene, ViewLayer | Updating Lookup Tables
Fra:43 Mem:131.68M (Peak 153.60M) | Time:00:00.31 | Mem:105.67M, Peak:105.67M | Scene, ViewLayer | Updating Baking
Fra:43 Mem:131.68M (Peak 153.60M) | Time:00:00.31 | Mem:105.67M, Peak:105.67M | Scene, ViewLayer | Updating Device | Writing constant memory
Fra:43 Mem:131.68M (Peak 153.60M) | Time:00:00.31 | Mem:105.67M, Peak:105.67M | Scene, ViewLayer | Sample 0/16
Fra:43 Mem:137.88M (Peak 153.60M) | Time:00:00.72 | Remaining:00:06.06 | Mem:111.86M, Peak:111.86M | Scene, ViewLayer | Sample 1/16
Fra:43 Mem:140.63M (Peak 153.60M) | Time:00:06.73 | Mem:111.86M, Peak:111.86M | Scene, ViewLayer | Sample 16/16
Fra:43 Mem:140.63M (Peak 153.60M) | Time:00:06.73 | Mem:111.86M, Peak:111.86M | Scene, ViewLayer | Finished
Fra:43 Mem:28.71M (Peak 153.60M) | Time:00:06.74 | Compositing
Saved: 'work/preview-frames/messi/frame_0043.png'
Time: 00:06.82 (Saving: 00:00.03)

Fra:44 Mem:27.00M (Peak 27.00M) | Time:00:00.00 | Mem:0.00M, Peak:0.00M | Scene, ViewLayer | Synchronizing object | 柔光主灯
Fra:44 Mem:27.00M (Peak 27.00M) | Time:00:00.00 | Mem:0.00M, Peak:0.00M | Scene, ViewLayer | Synchronizing object | 正面均匀补光
Fra:44 Mem:27.00M (Peak 27.00M) | Time:00:00.00 | Mem:0.00M, Peak:0.00M | Scene, ViewLayer | Synchronizing object | 顶部金光
Fra:44 Mem:27.00M (Peak 27.00M) | Time:00:00.00 | Mem:0.00M, Peak:0.00M | Scene, ViewLayer | Synchronizing object | 主体平面 · 完整视差合成
Fra:44 Mem:27.00M (Peak 27.00M) | Time:00:00.00 | Mem:0.00M, Peak:0.00M | Scene, ViewLayer | Synchronizing object | 内圈 · 古金细边
Fra:44 Mem:27.02M (Peak 27.02M) | Time:00:00.00 | Mem:0.00M, Peak:0.00M | Scene, ViewLayer | Synchronizing object | 外圈 · 全息压边
Fra:44 Mem:27.02M (Peak 27.02M) | Time:00:00.00 | Mem:0.00M, Peak:0.00M | Scene, ViewLayer | Synchronizing object | 文字平面 · Alpha PNG
Fra:44 Mem:27.03M (Peak 27.03M) | Time:00:00.00 | Mem:0.00M, Peak:0.00M | Scene, ViewLayer | Initializing
Fra:44 Mem:27.01M (Peak 27.03M) | Time:00:00.00 | Mem:0.00M, Peak:0.00M | Scene, ViewLayer | Updating Images | Loading text.png
Fra:44 Mem:27.01M (Peak 27.03M) | Time:00:00.00 | Mem:0.00M, Peak:0.00M | Scene, ViewLayer | Updating Images | Loading subject.png
Fra:44 Mem:69.21M (Peak 90.30M) | Time:00:00.07 | Mem:21.09M, Peak:21.09M | Scene, ViewLayer | Updating Images | Loading lineart.png
Fra:44 Mem:90.31M (Peak 111.41M) | Time:00:00.14 | Mem:42.19M, Peak:42.19M | Scene, ViewLayer | Updating Images | Loading background.png
Fra:44 Mem:131.52M (Peak 153.60M) | Time:00:00.31 | Mem:105.47M, Peak:105.47M | Scene, ViewLayer | Waiting for render to start
Fra:44 Mem:131.52M (Peak 153.60M) | Time:00:00.31 | Mem:105.47M, Peak:105.47M | Scene, ViewLayer | Updating Scene
Fra:44 Mem:131.52M (Peak 153.60M) | Time:00:00.31 | Mem:105.47M, Peak:105.47M | Scene, ViewLayer | Updating Shaders
Fra:44 Mem:131.52M (Peak 153.60M) | Time:00:00.31 | Mem:105.47M, Peak:105.47M | Scene, ViewLayer | Loading render kernels (may take a few minutes the first time)
Fra:44 Mem:131.63M (Peak 153.60M) | Time:00:00.32 | Mem:105.50M, Peak:105.50M | Scene, ViewLayer | Updating Procedurals
Fra:44 Mem:131.63M (Peak 153.60M) | Time:00:00.32 | Mem:105.50M, Peak:105.50M | Scene, ViewLayer | Updating Background
Fra:44 Mem:131.63M (Peak 153.60M) | Time:00:00.32 | Mem:105.50M, Peak:105.50M | Scene, ViewLayer | Updating Camera
Fra:44 Mem:131.63M (Peak 153.60M) | Time:00:00.32 | Mem:105.50M, Peak:105.50M | Scene, ViewLayer | Updating Meshes Flags
Fra:44 Mem:131.63M (Peak 153.60M) | Time:00:00.32 | Mem:105.50M, Peak:105.50M | Scene, ViewLayer | Updating Objects
Fra:44 Mem:131.63M (Peak 153.60M) | Time:00:00.32 | Mem:105.50M, Peak:105.50M | Scene, ViewLayer | Updating Objects | Copying Transformations to device
Fra:44 Mem:131.63M (Peak 153.60M) | Time:00:00.32 | Mem:105.51M, Peak:105.51M | Scene, ViewLayer | Updating Particle Systems
Fra:44 Mem:131.63M (Peak 153.60M) | Time:00:00.32 | Mem:105.51M, Peak:105.51M | Scene, ViewLayer | Updating Particle Systems | Copying Particles to device
Fra:44 Mem:131.63M (Peak 153.60M) | Time:00:00.32 | Mem:105.51M, Peak:105.51M | Scene, ViewLayer | Updating Meshes
Fra:44 Mem:131.63M (Peak 153.60M) | Time:00:00.32 | Mem:105.51M, Peak:105.51M | Scene, ViewLayer | Updating Objects | Applying Static Transformations
Fra:44 Mem:131.63M (Peak 153.60M) | Time:00:00.32 | Mem:105.51M, Peak:105.51M | Scene, ViewLayer | Updating Mesh | Computing attributes
Fra:44 Mem:131.65M (Peak 153.60M) | Time:00:00.32 | Mem:105.51M, Peak:105.51M | Scene, ViewLayer | Updating Mesh | Copying Attributes to device
Fra:44 Mem:131.65M (Peak 153.60M) | Time:00:00.32 | Mem:105.52M, Peak:105.52M | Scene, ViewLayer | Updating Scene BVH | Building
Fra:44 Mem:131.65M (Peak 153.60M) | Time:00:00.32 | Mem:105.52M, Peak:105.52M | Scene, ViewLayer | Updating Scene BVH | Building BVH
Fra:44 Mem:131.65M (Peak 153.60M) | Time:00:00.32 | Mem:105.53M, Peak:105.53M | Scene, ViewLayer | Updating Scene BVH | Building BVH 0%
Fra:44 Mem:131.65M (Peak 153.60M) | Time:00:00.32 | Mem:105.56M, Peak:105.57M | Scene, ViewLayer | Updating Scene BVH | Copying BVH to device
Fra:44 Mem:131.65M (Peak 153.60M) | Time:00:00.32 | Mem:105.56M, Peak:105.57M | Scene, ViewLayer | Updating Mesh | Computing normals
Fra:44 Mem:131.66M (Peak 153.60M) | Time:00:00.32 | Mem:105.56M, Peak:105.57M | Scene, ViewLayer | Updating Mesh | Copying Mesh to device
Fra:44 Mem:131.66M (Peak 153.60M) | Time:00:00.32 | Mem:105.57M, Peak:105.57M | Scene, ViewLayer | Updating Objects Flags
Fra:44 Mem:131.66M (Peak 153.60M) | Time:00:00.32 | Mem:105.57M, Peak:105.57M | Scene, ViewLayer | Updating Primitive Offsets
Fra:44 Mem:131.66M (Peak 153.60M) | Time:00:00.32 | Mem:105.57M, Peak:105.57M | Scene, ViewLayer | Updating Images
Fra:44 Mem:131.66M (Peak 153.60M) | Time:00:00.32 | Mem:105.57M, Peak:105.57M | Scene, ViewLayer | Updating Camera Volume
Fra:44 Mem:131.66M (Peak 153.60M) | Time:00:00.32 | Mem:105.57M, Peak:105.57M | Scene, ViewLayer | Updating Lookup Tables
Fra:44 Mem:131.66M (Peak 153.60M) | Time:00:00.32 | Mem:105.65M, Peak:105.65M | Scene, ViewLayer | Updating Lights
Fra:44 Mem:131.66M (Peak 153.60M) | Time:00:00.32 | Mem:105.65M, Peak:105.65M | Scene, ViewLayer | Updating Lights | Computing tree
Fra:44 Mem:131.67M (Peak 153.60M) | Time:00:00.32 | Mem:105.66M, Peak:105.66M | Scene, ViewLayer | Updating Integrator
Fra:44 Mem:131.67M (Peak 153.60M) | Time:00:00.32 | Mem:105.66M, Peak:105.66M | Scene, ViewLayer | Updating Film
Fra:44 Mem:131.68M (Peak 153.60M) | Time:00:00.32 | Mem:105.58M, Peak:105.66M | Scene, ViewLayer | Updating Lookup Tables
Fra:44 Mem:131.68M (Peak 153.60M) | Time:00:00.32 | Mem:105.67M, Peak:105.67M | Scene, ViewLayer | Updating Baking
Fra:44 Mem:131.68M (Peak 153.60M) | Time:00:00.32 | Mem:105.67M, Peak:105.67M | Scene, ViewLayer | Updating Device | Writing constant memory
Fra:44 Mem:131.68M (Peak 153.60M) | Time:00:00.32 | Mem:105.67M, Peak:105.67M | Scene, ViewLayer | Sample 0/16
Fra:44 Mem:137.88M (Peak 153.60M) | Time:00:00.73 | Remaining:00:06.15 | Mem:111.86M, Peak:111.86M | Scene, ViewLayer | Sample 1/16
Fra:44 Mem:140.63M (Peak 153.60M) | Time:00:06.66 | Mem:111.86M, Peak:111.86M | Scene, ViewLayer | Sample 16/16
Fra:44 Mem:140.63M (Peak 153.60M) | Time:00:06.66 | Mem:111.86M, Peak:111.86M | Scene, ViewLayer | Finished
Fra:44 Mem:28.71M (Peak 153.60M) | Time:00:06.67 | Compositing
Saved: 'work/preview-frames/messi/frame_0044.png'
Time: 00:06.76 (Saving: 00:00.04)

Fra:45 Mem:27.00M (Peak 27.00M) | Time:00:00.00 | Mem:0.00M, Peak:0.00M | Scene, ViewLayer | Synchronizing object | 柔光主灯
Fra:45 Mem:27.00M (Peak 27.00M) | Time:00:00.00 | Mem:0.00M, Peak:0.00M | Scene, ViewLayer | Synchronizing object | 正面均匀补光
Fra:45 Mem:27.00M (Peak 27.00M) | Time:00:00.00 | Mem:0.00M, Peak:0.00M | Scene, ViewLayer | Synchronizing object | 顶部金光
Fra:45 Mem:27.00M (Peak 27.00M) | Time:00:00.00 | Mem:0.00M, Peak:0.00M | Scene, ViewLayer | Synchronizing object | 主体平面 · 完整视差合成
Fra:45 Mem:27.01M (Peak 27.01M) | Time:00:00.00 | Mem:0.00M, Peak:0.00M | Scene, ViewLayer | Synchronizing object | 外圈 · 全息压边
Fra:45 Mem:27.03M (Peak 27.03M) | Time:00:00.00 | Mem:0.00M, Peak:0.00M | Scene, ViewLayer | Synchronizing object | 文字平面 · Alpha PNG
Fra:45 Mem:27.03M (Peak 27.03M) | Time:00:00.00 | Mem:0.00M, Peak:0.00M | Scene, ViewLayer | Initializing
Fra:45 Mem:27.01M (Peak 27.03M) | Time:00:00.00 | Mem:0.00M, Peak:0.00M | Scene, ViewLayer | Updating Images | Loading text.png
Fra:45 Mem:27.01M (Peak 27.03M) | Time:00:00.00 | Mem:0.00M, Peak:0.00M | Scene, ViewLayer | Updating Images | Loading subject.png
Fra:45 Mem:69.21M (Peak 90.30M) | Time:00:00.07 | Mem:21.09M, Peak:21.09M | Scene, ViewLayer | Updating Images | Loading lineart.png
Fra:45 Mem:90.31M (Peak 111.41M) | Time:00:00.14 | Mem:42.19M, Peak:42.19M | Scene, ViewLayer | Updating Images | Loading background.png
Fra:45 Mem:131.52M (Peak 153.60M) | Time:00:00.32 | Mem:105.47M, Peak:105.47M | Scene, ViewLayer | Waiting for render to start
Fra:45 Mem:131.52M (Peak 153.60M) | Time:00:00.32 | Mem:105.47M, Peak:105.47M | Scene, ViewLayer | Updating Scene
Fra:45 Mem:131.52M (Peak 153.60M) | Time:00:00.32 | Mem:105.47M, Peak:105.47M | Scene, ViewLayer | Updating Shaders
Fra:45 Mem:131.52M (Peak 153.60M) | Time:00:00.32 | Mem:105.47M, Peak:105.47M | Scene, ViewLayer | Loading render kernels (may take a few minutes the first time)
Fra:45 Mem:131.63M (Peak 153.60M) | Time:00:00.32 | Mem:105.50M, Peak:105.50M | Scene, ViewLayer | Updating Procedurals
Fra:45 Mem:131.63M (Peak 153.60M) | Time:00:00.32 | Mem:105.50M, Peak:105.50M | Scene, ViewLayer | Updating Background
Fra:45 Mem:131.63M (Peak 153.60M) | Time:00:00.32 | Mem:105.50M, Peak:105.50M | Scene, ViewLayer | Updating Camera
Fra:45 Mem:131.63M (Peak 153.60M) | Time:00:00.32 | Mem:105.50M, Peak:105.50M | Scene, ViewLayer | Updating Meshes Flags
Fra:45 Mem:131.63M (Peak 153.60M) | Time:00:00.32 | Mem:105.50M, Peak:105.50M | Scene, ViewLayer | Updating Objects
Fra:45 Mem:131.63M (Peak 153.60M) | Time:00:00.32 | Mem:105.50M, Peak:105.50M | Scene, ViewLayer | Updating Objects | Copying Transformations to device
Fra:45 Mem:131.63M (Peak 153.60M) | Time:00:00.32 | Mem:105.51M, Peak:105.51M | Scene, ViewLayer | Updating Particle Systems
Fra:45 Mem:131.63M (Peak 153.60M) | Time:00:00.32 | Mem:105.51M, Peak:105.51M | Scene, ViewLayer | Updating Particle Systems | Copying Particles to device
Fra:45 Mem:131.63M (Peak 153.60M) | Time:00:00.32 | Mem:105.51M, Peak:105.51M | Scene, ViewLayer | Updating Meshes
Fra:45 Mem:131.63M (Peak 153.60M) | Time:00:00.32 | Mem:105.51M, Peak:105.51M | Scene, ViewLayer | Updating Objects | Applying Static Transformations
Fra:45 Mem:131.63M (Peak 153.60M) | Time:00:00.32 | Mem:105.51M, Peak:105.51M | Scene, ViewLayer | Updating Mesh | Computing attributes
Fra:45 Mem:131.65M (Peak 153.60M) | Time:00:00.32 | Mem:105.51M, Peak:105.51M | Scene, ViewLayer | Updating Mesh | Copying Attributes to device
Fra:45 Mem:131.65M (Peak 153.60M) | Time:00:00.32 | Mem:105.52M, Peak:105.52M | Scene, ViewLayer | Updating Scene BVH | Building
Fra:45 Mem:131.65M (Peak 153.60M) | Time:00:00.32 | Mem:105.52M, Peak:105.52M | Scene, ViewLayer | Updating Scene BVH | Building BVH
Fra:45 Mem:131.65M (Peak 153.60M) | Time:00:00.32 | Mem:105.53M, Peak:105.53M | Scene, ViewLayer | Updating Scene BVH | Building BVH 0%
Fra:45 Mem:131.65M (Peak 153.60M) | Time:00:00.32 | Mem:105.56M, Peak:105.57M | Scene, ViewLayer | Updating Scene BVH | Copying BVH to device
Fra:45 Mem:131.65M (Peak 153.60M) | Time:00:00.32 | Mem:105.56M, Peak:105.57M | Scene, ViewLayer | Updating Mesh | Computing normals
Fra:45 Mem:131.66M (Peak 153.60M) | Time:00:00.32 | Mem:105.56M, Peak:105.57M | Scene, ViewLayer | Updating Mesh | Copying Mesh to device
Fra:45 Mem:131.66M (Peak 153.60M) | Time:00:00.32 | Mem:105.57M, Peak:105.57M | Scene, ViewLayer | Updating Objects Flags
Fra:45 Mem:131.66M (Peak 153.60M) | Time:00:00.32 | Mem:105.57M, Peak:105.57M | Scene, ViewLayer | Updating Primitive Offsets
Fra:45 Mem:131.66M (Peak 153.60M) | Time:00:00.32 | Mem:105.57M, Peak:105.57M | Scene, ViewLayer | Updating Images
Fra:45 Mem:131.66M (Peak 153.60M) | Time:00:00.32 | Mem:105.57M, Peak:105.57M | Scene, ViewLayer | Updating Camera Volume
Fra:45 Mem:131.66M (Peak 153.60M) | Time:00:00.32 | Mem:105.57M, Peak:105.57M | Scene, ViewLayer | Updating Lookup Tables
Fra:45 Mem:131.66M (Peak 153.60M) | Time:00:00.32 | Mem:105.65M, Peak:105.65M | Scene, ViewLayer | Updating Lights
Fra:45 Mem:131.66M (Peak 153.60M) | Time:00:00.32 | Mem:105.65M, Peak:105.65M | Scene, ViewLayer | Updating Lights | Computing tree
Fra:45 Mem:131.67M (Peak 153.60M) | Time:00:00.32 | Mem:105.66M, Peak:105.66M | Scene, ViewLayer | Updating Integrator
Fra:45 Mem:131.67M (Peak 153.60M) | Time:00:00.32 | Mem:105.66M, Peak:105.66M | Scene, ViewLayer | Updating Film
Fra:45 Mem:131.68M (Peak 153.60M) | Time:00:00.32 | Mem:105.58M, Peak:105.66M | Scene, ViewLayer | Updating Lookup Tables
Fra:45 Mem:131.68M (Peak 153.60M) | Time:00:00.32 | Mem:105.67M, Peak:105.67M | Scene, ViewLayer | Updating Baking
Fra:45 Mem:131.68M (Peak 153.60M) | Time:00:00.32 | Mem:105.67M, Peak:105.67M | Scene, ViewLayer | Updating Device | Writing constant memory
Fra:45 Mem:131.68M (Peak 153.60M) | Time:00:00.32 | Mem:105.67M, Peak:105.67M | Scene, ViewLayer | Sample 0/16
Fra:45 Mem:137.88M (Peak 153.60M) | Time:00:00.73 | Remaining:00:06.08 | Mem:111.86M, Peak:111.86M | Scene, ViewLayer | Sample 1/16
Fra:45 Mem:140.63M (Peak 153.60M) | Time:00:06.86 | Mem:111.86M, Peak:111.86M | Scene, ViewLayer | Sample 16/16
Fra:45 Mem:140.63M (Peak 153.60M) | Time:00:06.86 | Mem:111.86M, Peak:111.86M | Scene, ViewLayer | Finished
Fra:45 Mem:28.71M (Peak 153.60M) | Time:00:06.87 | Compositing
Saved: 'work/preview-frames/messi/frame_0045.png'
Time: 00:06.95 (Saving: 00:00.03)

Fra:46 Mem:27.00M (Peak 27.00M) | Time:00:00.00 | Mem:0.00M, Peak:0.00M | Scene, ViewLayer | Synchronizing object | 柔光主灯
Fra:46 Mem:27.00M (Peak 27.00M) | Time:00:00.00 | Mem:0.00M, Peak:0.00M | Scene, ViewLayer | Synchronizing object | 正面均匀补光
Fra:46 Mem:27.00M (Peak 27.00M) | Time:00:00.00 | Mem:0.00M, Peak:0.00M | Scene, ViewLayer | Synchronizing object | 顶部金光
Fra:46 Mem:27.00M (Peak 27.00M) | Time:00:00.00 | Mem:0.00M, Peak:0.00M | Scene, ViewLayer | Synchronizing object | 主体平面 · 完整视差合成
Fra:46 Mem:27.00M (Peak 27.00M) | Time:00:00.00 | Mem:0.00M, Peak:0.00M | Scene, ViewLayer | Synchronizing object | 内圈 · 古金细边
Fra:46 Mem:27.02M (Peak 27.02M) | Time:00:00.00 | Mem:0.00M, Peak:0.00M | Scene, ViewLayer | Synchronizing object | 外圈 · 全息压边
Fra:46 Mem:27.02M (Peak 27.02M) | Time:00:00.00 | Mem:0.00M, Peak:0.00M | Scene, ViewLayer | Synchronizing object | 文字平面 · Alpha PNG
Fra:46 Mem:27.03M (Peak 27.03M) | Time:00:00.00 | Mem:0.00M, Peak:0.00M | Scene, ViewLayer | Initializing
Fra:46 Mem:27.01M (Peak 27.03M) | Time:00:00.00 | Mem:0.00M, Peak:0.00M | Scene, ViewLayer | Updating Images | Loading text.png
Fra:46 Mem:27.01M (Peak 27.03M) | Time:00:00.00 | Mem:0.00M, Peak:0.00M | Scene, ViewLayer | Updating Images | Loading subject.png
Fra:46 Mem:69.21M (Peak 90.30M) | Time:00:00.07 | Mem:21.09M, Peak:21.09M | Scene, ViewLayer | Updating Images | Loading lineart.png
Fra:46 Mem:90.31M (Peak 111.41M) | Time:00:00.13 | Mem:42.19M, Peak:42.19M | Scene, ViewLayer | Updating Images | Loading background.png
Fra:46 Mem:131.52M (Peak 153.60M) | Time:00:00.31 | Mem:105.47M, Peak:105.47M | Scene, ViewLayer | Waiting for render to start
Fra:46 Mem:131.52M (Peak 153.60M) | Time:00:00.31 | Mem:105.47M, Peak:105.47M | Scene, ViewLayer | Updating Scene
Fra:46 Mem:131.52M (Peak 153.60M) | Time:00:00.31 | Mem:105.47M, Peak:105.47M | Scene, ViewLayer | Updating Shaders
Fra:46 Mem:131.52M (Peak 153.60M) | Time:00:00.31 | Mem:105.47M, Peak:105.47M | Scene, ViewLayer | Loading render kernels (may take a few minutes the first time)
Fra:46 Mem:131.63M (Peak 153.60M) | Time:00:00.32 | Mem:105.50M, Peak:105.50M | Scene, ViewLayer | Updating Procedurals
Fra:46 Mem:131.63M (Peak 153.60M) | Time:00:00.32 | Mem:105.50M, Peak:105.50M | Scene, ViewLayer | Updating Background
Fra:46 Mem:131.63M (Peak 153.60M) | Time:00:00.32 | Mem:105.50M, Peak:105.50M | Scene, ViewLayer | Updating Camera
Fra:46 Mem:131.63M (Peak 153.60M) | Time:00:00.32 | Mem:105.50M, Peak:105.50M | Scene, ViewLayer | Updating Meshes Flags
Fra:46 Mem:131.63M (Peak 153.60M) | Time:00:00.32 | Mem:105.50M, Peak:105.50M | Scene, ViewLayer | Updating Objects
Fra:46 Mem:131.63M (Peak 153.60M) | Time:00:00.32 | Mem:105.50M, Peak:105.50M | Scene, ViewLayer | Updating Objects | Copying Transformations to device
Fra:46 Mem:131.63M (Peak 153.60M) | Time:00:00.32 | Mem:105.51M, Peak:105.51M | Scene, ViewLayer | Updating Particle Systems
Fra:46 Mem:131.63M (Peak 153.60M) | Time:00:00.32 | Mem:105.51M, Peak:105.51M | Scene, ViewLayer | Updating Particle Systems | Copying Particles to device
Fra:46 Mem:131.63M (Peak 153.60M) | Time:00:00.32 | Mem:105.51M, Peak:105.51M | Scene, ViewLayer | Updating Meshes
Fra:46 Mem:131.63M (Peak 153.60M) | Time:00:00.32 | Mem:105.51M, Peak:105.51M | Scene, ViewLayer | Updating Objects | Applying Static Transformations
Fra:46 Mem:131.63M (Peak 153.60M) | Time:00:00.32 | Mem:105.51M, Peak:105.51M | Scene, ViewLayer | Updating Mesh | Computing attributes
Fra:46 Mem:131.65M (Peak 153.60M) | Time:00:00.32 | Mem:105.51M, Peak:105.51M | Scene, ViewLayer | Updating Mesh | Copying Attributes to device
Fra:46 Mem:131.65M (Peak 153.60M) | Time:00:00.32 | Mem:105.52M, Peak:105.52M | Scene, ViewLayer | Updating Scene BVH | Building
Fra:46 Mem:131.65M (Peak 153.60M) | Time:00:00.32 | Mem:105.52M, Peak:105.52M | Scene, ViewLayer | Updating Scene BVH | Building BVH
Fra:46 Mem:131.65M (Peak 153.60M) | Time:00:00.32 | Mem:105.53M, Peak:105.53M | Scene, ViewLayer | Updating Scene BVH | Building BVH 0%
Fra:46 Mem:131.65M (Peak 153.60M) | Time:00:00.32 | Mem:105.56M, Peak:105.57M | Scene, ViewLayer | Updating Scene BVH | Copying BVH to device
Fra:46 Mem:131.65M (Peak 153.60M) | Time:00:00.32 | Mem:105.56M, Peak:105.57M | Scene, ViewLayer | Updating Mesh | Computing normals
Fra:46 Mem:131.66M (Peak 153.60M) | Time:00:00.32 | Mem:105.56M, Peak:105.57M | Scene, ViewLayer | Updating Mesh | Copying Mesh to device
Fra:46 Mem:131.66M (Peak 153.60M) | Time:00:00.32 | Mem:105.57M, Peak:105.57M | Scene, ViewLayer | Updating Objects Flags
Fra:46 Mem:131.66M (Peak 153.60M) | Time:00:00.32 | Mem:105.57M, Peak:105.57M | Scene, ViewLayer | Updating Primitive Offsets
Fra:46 Mem:131.66M (Peak 153.60M) | Time:00:00.32 | Mem:105.57M, Peak:105.57M | Scene, ViewLayer | Updating Images
Fra:46 Mem:131.66M (Peak 153.60M) | Time:00:00.32 | Mem:105.57M, Peak:105.57M | Scene, ViewLayer | Updating Camera Volume
Fra:46 Mem:131.66M (Peak 153.60M) | Time:00:00.32 | Mem:105.57M, Peak:105.57M | Scene, ViewLayer | Updating Lookup Tables
Fra:46 Mem:131.66M (Peak 153.60M) | Time:00:00.32 | Mem:105.65M, Peak:105.65M | Scene, ViewLayer | Updating Lights
Fra:46 Mem:131.66M (Peak 153.60M) | Time:00:00.32 | Mem:105.65M, Peak:105.65M | Scene, ViewLayer | Updating Lights | Computing tree
Fra:46 Mem:131.67M (Peak 153.60M) | Time:00:00.32 | Mem:105.66M, Peak:105.66M | Scene, ViewLayer | Updating Integrator
Fra:46 Mem:131.67M (Peak 153.60M) | Time:00:00.32 | Mem:105.66M, Peak:105.66M | Scene, ViewLayer | Updating Film
Fra:46 Mem:131.68M (Peak 153.60M) | Time:00:00.32 | Mem:105.58M, Peak:105.66M | Scene, ViewLayer | Updating Lookup Tables
Fra:46 Mem:131.68M (Peak 153.60M) | Time:00:00.32 | Mem:105.67M, Peak:105.67M | Scene, ViewLayer | Updating Baking
Fra:46 Mem:131.68M (Peak 153.60M) | Time:00:00.32 | Mem:105.67M, Peak:105.67M | Scene, ViewLayer | Updating Device | Writing constant memory
Fra:46 Mem:131.68M (Peak 153.60M) | Time:00:00.32 | Mem:105.67M, Peak:105.67M | Scene, ViewLayer | Sample 0/16
Fra:46 Mem:137.88M (Peak 153.60M) | Time:00:00.73 | Remaining:00:06.22 | Mem:111.86M, Peak:111.86M | Scene, ViewLayer | Sample 1/16
Fra:46 Mem:140.63M (Peak 153.60M) | Time:00:06.61 | Mem:111.86M, Peak:111.86M | Scene, ViewLayer | Sample 16/16
Fra:46 Mem:140.63M (Peak 153.60M) | Time:00:06.61 | Mem:111.86M, Peak:111.86M | Scene, ViewLayer | Finished
Fra:46 Mem:28.71M (Peak 153.60M) | Time:00:06.62 | Compositing
Saved: 'work/preview-frames/messi/frame_0046.png'
Time: 00:06.70 (Saving: 00:00.03)

Fra:47 Mem:27.00M (Peak 27.00M) | Time:00:00.00 | Mem:0.00M, Peak:0.00M | Scene, ViewLayer | Synchronizing object | 柔光主灯
Fra:47 Mem:27.00M (Peak 27.00M) | Time:00:00.00 | Mem:0.00M, Peak:0.00M | Scene, ViewLayer | Synchronizing object | 正面均匀补光
Fra:47 Mem:27.00M (Peak 27.00M) | Time:00:00.00 | Mem:0.00M, Peak:0.00M | Scene, ViewLayer | Synchronizing object | 顶部金光
Fra:47 Mem:27.00M (Peak 27.00M) | Time:00:00.00 | Mem:0.00M, Peak:0.00M | Scene, ViewLayer | Synchronizing object | 主体平面 · 完整视差合成
Fra:47 Mem:27.00M (Peak 27.00M) | Time:00:00.00 | Mem:0.00M, Peak:0.00M | Scene, ViewLayer | Synchronizing object | 内圈 · 古金细边
Fra:47 Mem:27.02M (Peak 27.02M) | Time:00:00.00 | Mem:0.00M, Peak:0.00M | Scene, ViewLayer | Synchronizing object | 外圈 · 全息压边
Fra:47 Mem:27.02M (Peak 27.02M) | Time:00:00.00 | Mem:0.00M, Peak:0.00M | Scene, ViewLayer | Synchronizing object | 文字平面 · Alpha PNG
Fra:47 Mem:27.03M (Peak 27.03M) | Time:00:00.00 | Mem:0.00M, Peak:0.00M | Scene, ViewLayer | Initializing
Fra:47 Mem:27.01M (Peak 27.03M) | Time:00:00.00 | Mem:0.00M, Peak:0.00M | Scene, ViewLayer | Updating Images | Loading text.png
Fra:47 Mem:27.01M (Peak 27.03M) | Time:00:00.00 | Mem:0.00M, Peak:0.00M | Scene, ViewLayer | Updating Images | Loading subject.png
Fra:47 Mem:69.21M (Peak 90.30M) | Time:00:00.07 | Mem:21.09M, Peak:21.09M | Scene, ViewLayer | Updating Images | Loading lineart.png
Fra:47 Mem:90.31M (Peak 111.41M) | Time:00:00.13 | Mem:42.19M, Peak:42.19M | Scene, ViewLayer | Updating Images | Loading background.png
Fra:47 Mem:131.52M (Peak 153.60M) | Time:00:00.31 | Mem:105.47M, Peak:105.47M | Scene, ViewLayer | Waiting for render to start
Fra:47 Mem:131.52M (Peak 153.60M) | Time:00:00.31 | Mem:105.47M, Peak:105.47M | Scene, ViewLayer | Updating Scene
Fra:47 Mem:131.52M (Peak 153.60M) | Time:00:00.31 | Mem:105.47M, Peak:105.47M | Scene, ViewLayer | Updating Shaders
Fra:47 Mem:131.52M (Peak 153.60M) | Time:00:00.31 | Mem:105.47M, Peak:105.47M | Scene, ViewLayer | Loading render kernels (may take a few minutes the first time)
Fra:47 Mem:131.63M (Peak 153.60M) | Time:00:00.31 | Mem:105.50M, Peak:105.50M | Scene, ViewLayer | Updating Procedurals
Fra:47 Mem:131.63M (Peak 153.60M) | Time:00:00.31 | Mem:105.50M, Peak:105.50M | Scene, ViewLayer | Updating Background
Fra:47 Mem:131.63M (Peak 153.60M) | Time:00:00.31 | Mem:105.50M, Peak:105.50M | Scene, ViewLayer | Updating Camera
Fra:47 Mem:131.63M (Peak 153.60M) | Time:00:00.31 | Mem:105.50M, Peak:105.50M | Scene, ViewLayer | Updating Meshes Flags
Fra:47 Mem:131.63M (Peak 153.60M) | Time:00:00.31 | Mem:105.50M, Peak:105.50M | Scene, ViewLayer | Updating Objects
Fra:47 Mem:131.63M (Peak 153.60M) | Time:00:00.31 | Mem:105.50M, Peak:105.50M | Scene, ViewLayer | Updating Objects | Copying Transformations to device
Fra:47 Mem:131.63M (Peak 153.60M) | Time:00:00.31 | Mem:105.51M, Peak:105.51M | Scene, ViewLayer | Updating Particle Systems
Fra:47 Mem:131.63M (Peak 153.60M) | Time:00:00.31 | Mem:105.51M, Peak:105.51M | Scene, ViewLayer | Updating Particle Systems | Copying Particles to device
Fra:47 Mem:131.63M (Peak 153.60M) | Time:00:00.31 | Mem:105.51M, Peak:105.51M | Scene, ViewLayer | Updating Meshes
Fra:47 Mem:131.63M (Peak 153.60M) | Time:00:00.31 | Mem:105.51M, Peak:105.51M | Scene, ViewLayer | Updating Objects | Applying Static Transformations
Fra:47 Mem:131.63M (Peak 153.60M) | Time:00:00.31 | Mem:105.51M, Peak:105.51M | Scene, ViewLayer | Updating Mesh | Computing attributes
Fra:47 Mem:131.65M (Peak 153.60M) | Time:00:00.31 | Mem:105.51M, Peak:105.51M | Scene, ViewLayer | Updating Mesh | Copying Attributes to device
Fra:47 Mem:131.65M (Peak 153.60M) | Time:00:00.31 | Mem:105.52M, Peak:105.52M | Scene, ViewLayer | Updating Scene BVH | Building
Fra:47 Mem:131.65M (Peak 153.60M) | Time:00:00.31 | Mem:105.52M, Peak:105.52M | Scene, ViewLayer | Updating Scene BVH | Building BVH
Fra:47 Mem:131.65M (Peak 153.60M) | Time:00:00.31 | Mem:105.53M, Peak:105.53M | Scene, ViewLayer | Updating Scene BVH | Building BVH 0%
Fra:47 Mem:131.65M (Peak 153.60M) | Time:00:00.31 | Mem:105.56M, Peak:105.57M | Scene, ViewLayer | Updating Scene BVH | Copying BVH to device
Fra:47 Mem:131.65M (Peak 153.60M) | Time:00:00.31 | Mem:105.56M, Peak:105.57M | Scene, ViewLayer | Updating Mesh | Computing normals
Fra:47 Mem:131.66M (Peak 153.60M) | Time:00:00.31 | Mem:105.56M, Peak:105.57M | Scene, ViewLayer | Updating Mesh | Copying Mesh to device
Fra:47 Mem:131.66M (Peak 153.60M) | Time:00:00.31 | Mem:105.57M, Peak:105.57M | Scene, ViewLayer | Updating Objects Flags
Fra:47 Mem:131.66M (Peak 153.60M) | Time:00:00.31 | Mem:105.57M, Peak:105.57M | Scene, ViewLayer | Updating Primitive Offsets
Fra:47 Mem:131.66M (Peak 153.60M) | Time:00:00.31 | Mem:105.57M, Peak:105.57M | Scene, ViewLayer | Updating Images
Fra:47 Mem:131.66M (Peak 153.60M) | Time:00:00.31 | Mem:105.57M, Peak:105.57M | Scene, ViewLayer | Updating Camera Volume
Fra:47 Mem:131.66M (Peak 153.60M) | Time:00:00.31 | Mem:105.57M, Peak:105.57M | Scene, ViewLayer | Updating Lookup Tables
Fra:47 Mem:131.66M (Peak 153.60M) | Time:00:00.31 | Mem:105.65M, Peak:105.65M | Scene, ViewLayer | Updating Lights
Fra:47 Mem:131.66M (Peak 153.60M) | Time:00:00.31 | Mem:105.65M, Peak:105.65M | Scene, ViewLayer | Updating Lights | Computing tree
Fra:47 Mem:131.67M (Peak 153.60M) | Time:00:00.31 | Mem:105.66M, Peak:105.66M | Scene, ViewLayer | Updating Integrator
Fra:47 Mem:131.67M (Peak 153.60M) | Time:00:00.31 | Mem:105.66M, Peak:105.66M | Scene, ViewLayer | Updating Film
Fra:47 Mem:131.68M (Peak 153.60M) | Time:00:00.31 | Mem:105.58M, Peak:105.66M | Scene, ViewLayer | Updating Lookup Tables
Fra:47 Mem:131.68M (Peak 153.60M) | Time:00:00.31 | Mem:105.67M, Peak:105.67M | Scene, ViewLayer | Updating Baking
Fra:47 Mem:131.68M (Peak 153.60M) | Time:00:00.31 | Mem:105.67M, Peak:105.67M | Scene, ViewLayer | Updating Device | Writing constant memory
Fra:47 Mem:131.68M (Peak 153.60M) | Time:00:00.31 | Mem:105.67M, Peak:105.67M | Scene, ViewLayer | Sample 0/16
Fra:47 Mem:137.88M (Peak 153.60M) | Time:00:00.70 | Remaining:00:05.95 | Mem:111.86M, Peak:111.86M | Scene, ViewLayer | Sample 1/16
Fra:47 Mem:140.63M (Peak 153.60M) | Time:00:06.47 | Mem:111.86M, Peak:111.86M | Scene, ViewLayer | Sample 16/16
Fra:47 Mem:140.63M (Peak 153.60M) | Time:00:06.47 | Mem:111.86M, Peak:111.86M | Scene, ViewLayer | Finished
Fra:47 Mem:28.71M (Peak 153.60M) | Time:00:06.47 | Compositing
Saved: 'work/preview-frames/messi/frame_0047.png'
Time: 00:06.56 (Saving: 00:00.03)

Fra:48 Mem:27.00M (Peak 27.00M) | Time:00:00.00 | Mem:0.00M, Peak:0.00M | Scene, ViewLayer | Synchronizing object | 柔光主灯
Fra:48 Mem:27.00M (Peak 27.00M) | Time:00:00.00 | Mem:0.00M, Peak:0.00M | Scene, ViewLayer | Synchronizing object | 正面均匀补光
Fra:48 Mem:27.00M (Peak 27.00M) | Time:00:00.00 | Mem:0.00M, Peak:0.00M | Scene, ViewLayer | Synchronizing object | 顶部金光
Fra:48 Mem:27.00M (Peak 27.00M) | Time:00:00.00 | Mem:0.00M, Peak:0.00M | Scene, ViewLayer | Synchronizing object | 主体平面 · 完整视差合成
Fra:48 Mem:27.00M (Peak 27.00M) | Time:00:00.00 | Mem:0.00M, Peak:0.00M | Scene, ViewLayer | Synchronizing object | 内圈 · 古金细边
Fra:48 Mem:27.02M (Peak 27.02M) | Time:00:00.00 | Mem:0.00M, Peak:0.00M | Scene, ViewLayer | Synchronizing object | 外圈 · 全息压边
Fra:48 Mem:27.02M (Peak 27.02M) | Time:00:00.00 | Mem:0.00M, Peak:0.00M | Scene, ViewLayer | Synchronizing object | 文字平面 · Alpha PNG
Fra:48 Mem:27.03M (Peak 27.03M) | Time:00:00.00 | Mem:0.00M, Peak:0.00M | Scene, ViewLayer | Initializing
Fra:48 Mem:27.01M (Peak 27.03M) | Time:00:00.00 | Mem:0.00M, Peak:0.00M | Scene, ViewLayer | Updating Images | Loading text.png
Fra:48 Mem:27.01M (Peak 27.03M) | Time:00:00.00 | Mem:0.00M, Peak:0.00M | Scene, ViewLayer | Updating Images | Loading subject.png
Fra:48 Mem:69.21M (Peak 90.30M) | Time:00:00.07 | Mem:21.09M, Peak:21.09M | Scene, ViewLayer | Updating Images | Loading lineart.png
Fra:48 Mem:90.31M (Peak 111.41M) | Time:00:00.13 | Mem:42.19M, Peak:42.19M | Scene, ViewLayer | Updating Images | Loading background.png
Fra:48 Mem:131.52M (Peak 153.60M) | Time:00:00.31 | Mem:105.47M, Peak:105.47M | Scene, ViewLayer | Waiting for render to start
Fra:48 Mem:131.52M (Peak 153.60M) | Time:00:00.31 | Mem:105.47M, Peak:105.47M | Scene, ViewLayer | Updating Scene
Fra:48 Mem:131.52M (Peak 153.60M) | Time:00:00.31 | Mem:105.47M, Peak:105.47M | Scene, ViewLayer | Updating Shaders
Fra:48 Mem:131.52M (Peak 153.60M) | Time:00:00.31 | Mem:105.47M, Peak:105.47M | Scene, ViewLayer | Loading render kernels (may take a few minutes the first time)
Fra:48 Mem:131.63M (Peak 153.60M) | Time:00:00.31 | Mem:105.50M, Peak:105.50M | Scene, ViewLayer | Updating Procedurals
Fra:48 Mem:131.63M (Peak 153.60M) | Time:00:00.31 | Mem:105.50M, Peak:105.50M | Scene, ViewLayer | Updating Background
Fra:48 Mem:131.63M (Peak 153.60M) | Time:00:00.31 | Mem:105.50M, Peak:105.50M | Scene, ViewLayer | Updating Camera
Fra:48 Mem:131.63M (Peak 153.60M) | Time:00:00.31 | Mem:105.50M, Peak:105.50M | Scene, ViewLayer | Updating Meshes Flags
Fra:48 Mem:131.63M (Peak 153.60M) | Time:00:00.31 | Mem:105.50M, Peak:105.50M | Scene, ViewLayer | Updating Objects
Fra:48 Mem:131.63M (Peak 153.60M) | Time:00:00.31 | Mem:105.50M, Peak:105.50M | Scene, ViewLayer | Updating Objects | Copying Transformations to device
Fra:48 Mem:131.63M (Peak 153.60M) | Time:00:00.31 | Mem:105.51M, Peak:105.51M | Scene, ViewLayer | Updating Particle Systems
Fra:48 Mem:131.63M (Peak 153.60M) | Time:00:00.31 | Mem:105.51M, Peak:105.51M | Scene, ViewLayer | Updating Particle Systems | Copying Particles to device
Fra:48 Mem:131.63M (Peak 153.60M) | Time:00:00.31 | Mem:105.51M, Peak:105.51M | Scene, ViewLayer | Updating Meshes
Fra:48 Mem:131.63M (Peak 153.60M) | Time:00:00.31 | Mem:105.51M, Peak:105.51M | Scene, ViewLayer | Updating Objects | Applying Static Transformations
Fra:48 Mem:131.63M (Peak 153.60M) | Time:00:00.31 | Mem:105.51M, Peak:105.51M | Scene, ViewLayer | Updating Mesh | Computing attributes
Fra:48 Mem:131.65M (Peak 153.60M) | Time:00:00.31 | Mem:105.51M, Peak:105.51M | Scene, ViewLayer | Updating Mesh | Copying Attributes to device
Fra:48 Mem:131.65M (Peak 153.60M) | Time:00:00.31 | Mem:105.52M, Peak:105.52M | Scene, ViewLayer | Updating Scene BVH | Building
Fra:48 Mem:131.65M (Peak 153.60M) | Time:00:00.31 | Mem:105.52M, Peak:105.52M | Scene, ViewLayer | Updating Scene BVH | Building BVH
Fra:48 Mem:131.65M (Peak 153.60M) | Time:00:00.31 | Mem:105.53M, Peak:105.53M | Scene, ViewLayer | Updating Scene BVH | Building BVH 0%
Fra:48 Mem:131.65M (Peak 153.60M) | Time:00:00.31 | Mem:105.56M, Peak:105.57M | Scene, ViewLayer | Updating Scene BVH | Copying BVH to device
Fra:48 Mem:131.65M (Peak 153.60M) | Time:00:00.31 | Mem:105.56M, Peak:105.57M | Scene, ViewLayer | Updating Mesh | Computing normals
Fra:48 Mem:131.66M (Peak 153.60M) | Time:00:00.31 | Mem:105.56M, Peak:105.57M | Scene, ViewLayer | Updating Mesh | Copying Mesh to device
Fra:48 Mem:131.66M (Peak 153.60M) | Time:00:00.31 | Mem:105.57M, Peak:105.57M | Scene, ViewLayer | Updating Objects Flags
Fra:48 Mem:131.66M (Peak 153.60M) | Time:00:00.31 | Mem:105.57M, Peak:105.57M | Scene, ViewLayer | Updating Primitive Offsets
Fra:48 Mem:131.66M (Peak 153.60M) | Time:00:00.31 | Mem:105.57M, Peak:105.57M | Scene, ViewLayer | Updating Images
Fra:48 Mem:131.66M (Peak 153.60M) | Time:00:00.31 | Mem:105.57M, Peak:105.57M | Scene, ViewLayer | Updating Camera Volume
Fra:48 Mem:131.66M (Peak 153.60M) | Time:00:00.31 | Mem:105.57M, Peak:105.57M | Scene, ViewLayer | Updating Lookup Tables
Fra:48 Mem:131.66M (Peak 153.60M) | Time:00:00.31 | Mem:105.65M, Peak:105.65M | Scene, ViewLayer | Updating Lights
Fra:48 Mem:131.66M (Peak 153.60M) | Time:00:00.31 | Mem:105.65M, Peak:105.65M | Scene, ViewLayer | Updating Lights | Computing tree
Fra:48 Mem:131.67M (Peak 153.60M) | Time:00:00.31 | Mem:105.66M, Peak:105.66M | Scene, ViewLayer | Updating Integrator
Fra:48 Mem:131.67M (Peak 153.60M) | Time:00:00.31 | Mem:105.66M, Peak:105.66M | Scene, ViewLayer | Updating Film
Fra:48 Mem:131.68M (Peak 153.60M) | Time:00:00.31 | Mem:105.58M, Peak:105.66M | Scene, ViewLayer | Updating Lookup Tables
Fra:48 Mem:131.68M (Peak 153.60M) | Time:00:00.31 | Mem:105.67M, Peak:105.67M | Scene, ViewLayer | Updating Baking
Fra:48 Mem:131.68M (Peak 153.60M) | Time:00:00.31 | Mem:105.67M, Peak:105.67M | Scene, ViewLayer | Updating Device | Writing constant memory
Fra:48 Mem:131.68M (Peak 153.60M) | Time:00:00.31 | Mem:105.67M, Peak:105.67M | Scene, ViewLayer | Sample 0/16
Fra:48 Mem:137.88M (Peak 153.60M) | Time:00:00.70 | Remaining:00:05.86 | Mem:111.86M, Peak:111.86M | Scene, ViewLayer | Sample 1/16
Fra:48 Mem:140.63M (Peak 153.60M) | Time:00:06.48 | Mem:111.86M, Peak:111.86M | Scene, ViewLayer | Sample 16/16
Fra:48 Mem:140.63M (Peak 153.60M) | Time:00:06.48 | Mem:111.86M, Peak:111.86M | Scene, ViewLayer | Finished
Fra:48 Mem:28.71M (Peak 153.60M) | Time:00:06.49 | Compositing
Saved: 'work/preview-frames/messi/frame_0048.png'
Time: 00:06.64 (Saving: 00:00.11)

Fra:49 Mem:27.00M (Peak 27.00M) | Time:00:00.00 | Mem:0.00M, Peak:0.00M | Scene, ViewLayer | Synchronizing object | 柔光主灯
Fra:49 Mem:27.00M (Peak 27.00M) | Time:00:00.00 | Mem:0.00M, Peak:0.00M | Scene, ViewLayer | Synchronizing object | 正面均匀补光
Fra:49 Mem:27.00M (Peak 27.00M) | Time:00:00.00 | Mem:0.00M, Peak:0.00M | Scene, ViewLayer | Synchronizing object | 顶部金光
Fra:49 Mem:27.00M (Peak 27.00M) | Time:00:00.00 | Mem:0.00M, Peak:0.00M | Scene, ViewLayer | Synchronizing object | 主体平面 · 完整视差合成
Fra:49 Mem:27.00M (Peak 27.00M) | Time:00:00.00 | Mem:0.00M, Peak:0.00M | Scene, ViewLayer | Synchronizing object | 内圈 · 古金细边
Fra:49 Mem:27.02M (Peak 27.02M) | Time:00:00.00 | Mem:0.00M, Peak:0.00M | Scene, ViewLayer | Synchronizing object | 外圈 · 全息压边
Fra:49 Mem:27.02M (Peak 27.02M) | Time:00:00.00 | Mem:0.00M, Peak:0.00M | Scene, ViewLayer | Synchronizing object | 文字平面 · Alpha PNG
Fra:49 Mem:27.03M (Peak 27.03M) | Time:00:00.00 | Mem:0.00M, Peak:0.00M | Scene, ViewLayer | Initializing
Fra:49 Mem:27.01M (Peak 27.03M) | Time:00:00.00 | Mem:0.00M, Peak:0.00M | Scene, ViewLayer | Updating Images | Loading text.png
Fra:49 Mem:27.01M (Peak 27.03M) | Time:00:00.00 | Mem:0.00M, Peak:0.00M | Scene, ViewLayer | Updating Images | Loading subject.png
Fra:49 Mem:69.21M (Peak 90.30M) | Time:00:00.07 | Mem:21.09M, Peak:21.09M | Scene, ViewLayer | Updating Images | Loading lineart.png
Fra:49 Mem:90.31M (Peak 111.41M) | Time:00:00.13 | Mem:42.19M, Peak:42.19M | Scene, ViewLayer | Updating Images | Loading background.png
Fra:49 Mem:131.52M (Peak 153.60M) | Time:00:00.31 | Mem:105.47M, Peak:105.47M | Scene, ViewLayer | Waiting for render to start
Fra:49 Mem:131.52M (Peak 153.60M) | Time:00:00.31 | Mem:105.47M, Peak:105.47M | Scene, ViewLayer | Updating Scene
Fra:49 Mem:131.52M (Peak 153.60M) | Time:00:00.31 | Mem:105.47M, Peak:105.47M | Scene, ViewLayer | Updating Shaders
Fra:49 Mem:131.52M (Peak 153.60M) | Time:00:00.31 | Mem:105.47M, Peak:105.47M | Scene, ViewLayer | Loading render kernels (may take a few minutes the first time)
Fra:49 Mem:131.63M (Peak 153.60M) | Time:00:00.31 | Mem:105.50M, Peak:105.50M | Scene, ViewLayer | Updating Procedurals
Fra:49 Mem:131.63M (Peak 153.60M) | Time:00:00.31 | Mem:105.50M, Peak:105.50M | Scene, ViewLayer | Updating Background
Fra:49 Mem:131.63M (Peak 153.60M) | Time:00:00.31 | Mem:105.50M, Peak:105.50M | Scene, ViewLayer | Updating Camera
Fra:49 Mem:131.63M (Peak 153.60M) | Time:00:00.31 | Mem:105.50M, Peak:105.50M | Scene, ViewLayer | Updating Meshes Flags
Fra:49 Mem:131.63M (Peak 153.60M) | Time:00:00.31 | Mem:105.50M, Peak:105.50M | Scene, ViewLayer | Updating Objects
Fra:49 Mem:131.63M (Peak 153.60M) | Time:00:00.31 | Mem:105.50M, Peak:105.50M | Scene, ViewLayer | Updating Objects | Copying Transformations to device
Fra:49 Mem:131.63M (Peak 153.60M) | Time:00:00.31 | Mem:105.51M, Peak:105.51M | Scene, ViewLayer | Updating Particle Systems
Fra:49 Mem:131.63M (Peak 153.60M) | Time:00:00.31 | Mem:105.51M, Peak:105.51M | Scene, ViewLayer | Updating Particle Systems | Copying Particles to device
Fra:49 Mem:131.64M (Peak 153.60M) | Time:00:00.31 | Mem:105.51M, Peak:105.51M | Scene, ViewLayer | Updating Meshes
Fra:49 Mem:131.64M (Peak 153.60M) | Time:00:00.31 | Mem:105.51M, Peak:105.51M | Scene, ViewLayer | Updating Objects | Applying Static Transformations
Fra:49 Mem:131.64M (Peak 153.60M) | Time:00:00.31 | Mem:105.51M, Peak:105.51M | Scene, ViewLayer | Updating Mesh | Computing attributes
Fra:49 Mem:131.65M (Peak 153.60M) | Time:00:00.31 | Mem:105.51M, Peak:105.51M | Scene, ViewLayer | Updating Mesh | Copying Attributes to device
Fra:49 Mem:131.65M (Peak 153.60M) | Time:00:00.31 | Mem:105.52M, Peak:105.52M | Scene, ViewLayer | Updating Scene BVH | Building
Fra:49 Mem:131.65M (Peak 153.60M) | Time:00:00.31 | Mem:105.52M, Peak:105.52M | Scene, ViewLayer | Updating Scene BVH | Building BVH
Fra:49 Mem:131.65M (Peak 153.60M) | Time:00:00.31 | Mem:105.53M, Peak:105.53M | Scene, ViewLayer | Updating Scene BVH | Building BVH 0%
Fra:49 Mem:131.65M (Peak 153.60M) | Time:00:00.32 | Mem:105.56M, Peak:105.57M | Scene, ViewLayer | Updating Scene BVH | Copying BVH to device
Fra:49 Mem:131.65M (Peak 153.60M) | Time:00:00.32 | Mem:105.56M, Peak:105.57M | Scene, ViewLayer | Updating Mesh | Computing normals
Fra:49 Mem:131.66M (Peak 153.60M) | Time:00:00.32 | Mem:105.56M, Peak:105.57M | Scene, ViewLayer | Updating Mesh | Copying Mesh to device
Fra:49 Mem:131.66M (Peak 153.60M) | Time:00:00.32 | Mem:105.57M, Peak:105.57M | Scene, ViewLayer | Updating Objects Flags
Fra:49 Mem:131.66M (Peak 153.60M) | Time:00:00.32 | Mem:105.57M, Peak:105.57M | Scene, ViewLayer | Updating Primitive Offsets
Fra:49 Mem:131.66M (Peak 153.60M) | Time:00:00.32 | Mem:105.57M, Peak:105.57M | Scene, ViewLayer | Updating Images
Fra:49 Mem:131.66M (Peak 153.60M) | Time:00:00.32 | Mem:105.57M, Peak:105.57M | Scene, ViewLayer | Updating Camera Volume
Fra:49 Mem:131.66M (Peak 153.60M) | Time:00:00.32 | Mem:105.57M, Peak:105.57M | Scene, ViewLayer | Updating Lookup Tables
Fra:49 Mem:131.66M (Peak 153.60M) | Time:00:00.32 | Mem:105.65M, Peak:105.65M | Scene, ViewLayer | Updating Lights
Fra:49 Mem:131.66M (Peak 153.60M) | Time:00:00.32 | Mem:105.65M, Peak:105.65M | Scene, ViewLayer | Updating Lights | Computing tree
Fra:49 Mem:131.67M (Peak 153.60M) | Time:00:00.32 | Mem:105.66M, Peak:105.66M | Scene, ViewLayer | Updating Integrator
Fra:49 Mem:131.67M (Peak 153.60M) | Time:00:00.32 | Mem:105.66M, Peak:105.66M | Scene, ViewLayer | Updating Film
Fra:49 Mem:131.68M (Peak 153.60M) | Time:00:00.32 | Mem:105.58M, Peak:105.66M | Scene, ViewLayer | Updating Lookup Tables
Fra:49 Mem:131.68M (Peak 153.60M) | Time:00:00.32 | Mem:105.67M, Peak:105.67M | Scene, ViewLayer | Updating Baking
Fra:49 Mem:131.68M (Peak 153.60M) | Time:00:00.32 | Mem:105.67M, Peak:105.67M | Scene, ViewLayer | Updating Device | Writing constant memory
Fra:49 Mem:131.68M (Peak 153.60M) | Time:00:00.32 | Mem:105.67M, Peak:105.67M | Scene, ViewLayer | Sample 0/16
Fra:49 Mem:137.88M (Peak 153.60M) | Time:00:00.72 | Remaining:00:05.98 | Mem:111.86M, Peak:111.86M | Scene, ViewLayer | Sample 1/16
Fra:49 Mem:140.63M (Peak 153.60M) | Time:00:06.54 | Mem:111.86M, Peak:111.86M | Scene, ViewLayer | Sample 16/16
Fra:49 Mem:140.63M (Peak 153.60M) | Time:00:06.54 | Mem:111.86M, Peak:111.86M | Scene, ViewLayer | Finished
Fra:49 Mem:28.71M (Peak 153.60M) | Time:00:06.54 | Compositing
Saved: 'work/preview-frames/messi/frame_0049.png'
Time: 00:06.63 (Saving: 00:00.04)

Fra:50 Mem:27.00M (Peak 27.00M) | Time:00:00.00 | Mem:0.00M, Peak:0.00M | Scene, ViewLayer | Synchronizing object | 柔光主灯
Fra:50 Mem:27.00M (Peak 27.00M) | Time:00:00.00 | Mem:0.00M, Peak:0.00M | Scene, ViewLayer | Synchronizing object | 正面均匀补光
Fra:50 Mem:27.00M (Peak 27.00M) | Time:00:00.00 | Mem:0.00M, Peak:0.00M | Scene, ViewLayer | Synchronizing object | 顶部金光
Fra:50 Mem:27.00M (Peak 27.00M) | Time:00:00.00 | Mem:0.00M, Peak:0.00M | Scene, ViewLayer | Synchronizing object | 主体平面 · 完整视差合成
Fra:50 Mem:27.00M (Peak 27.00M) | Time:00:00.00 | Mem:0.00M, Peak:0.00M | Scene, ViewLayer | Synchronizing object | 内圈 · 古金细边
Fra:50 Mem:27.02M (Peak 27.02M) | Time:00:00.00 | Mem:0.00M, Peak:0.00M | Scene, ViewLayer | Synchronizing object | 外圈 · 全息压边
Fra:50 Mem:27.02M (Peak 27.02M) | Time:00:00.00 | Mem:0.00M, Peak:0.00M | Scene, ViewLayer | Synchronizing object | 文字平面 · Alpha PNG
Fra:50 Mem:27.03M (Peak 27.03M) | Time:00:00.00 | Mem:0.00M, Peak:0.00M | Scene, ViewLayer | Initializing
Fra:50 Mem:27.01M (Peak 27.03M) | Time:00:00.00 | Mem:0.00M, Peak:0.00M | Scene, ViewLayer | Updating Images | Loading text.png
Fra:50 Mem:27.01M (Peak 27.03M) | Time:00:00.00 | Mem:0.00M, Peak:0.00M | Scene, ViewLayer | Updating Images | Loading subject.png
Fra:50 Mem:69.21M (Peak 90.30M) | Time:00:00.07 | Mem:21.09M, Peak:21.09M | Scene, ViewLayer | Updating Images | Loading lineart.png
Fra:50 Mem:90.31M (Peak 111.41M) | Time:00:00.13 | Mem:42.19M, Peak:42.19M | Scene, ViewLayer | Updating Images | Loading background.png
Fra:50 Mem:131.52M (Peak 153.60M) | Time:00:00.31 | Mem:105.47M, Peak:105.47M | Scene, ViewLayer | Waiting for render to start
Fra:50 Mem:131.52M (Peak 153.60M) | Time:00:00.31 | Mem:105.47M, Peak:105.47M | Scene, ViewLayer | Updating Scene
Fra:50 Mem:131.52M (Peak 153.60M) | Time:00:00.31 | Mem:105.47M, Peak:105.47M | Scene, ViewLayer | Updating Shaders
Fra:50 Mem:131.52M (Peak 153.60M) | Time:00:00.31 | Mem:105.47M, Peak:105.47M | Scene, ViewLayer | Loading render kernels (may take a few minutes the first time)
Fra:50 Mem:131.63M (Peak 153.60M) | Time:00:00.31 | Mem:105.50M, Peak:105.50M | Scene, ViewLayer | Updating Procedurals
Fra:50 Mem:131.63M (Peak 153.60M) | Time:00:00.31 | Mem:105.50M, Peak:105.50M | Scene, ViewLayer | Updating Background
Fra:50 Mem:131.63M (Peak 153.60M) | Time:00:00.31 | Mem:105.50M, Peak:105.50M | Scene, ViewLayer | Updating Camera
Fra:50 Mem:131.63M (Peak 153.60M) | Time:00:00.31 | Mem:105.50M, Peak:105.50M | Scene, ViewLayer | Updating Meshes Flags
Fra:50 Mem:131.63M (Peak 153.60M) | Time:00:00.31 | Mem:105.50M, Peak:105.50M | Scene, ViewLayer | Updating Objects
Fra:50 Mem:131.63M (Peak 153.60M) | Time:00:00.31 | Mem:105.50M, Peak:105.50M | Scene, ViewLayer | Updating Objects | Copying Transformations to device
Fra:50 Mem:131.64M (Peak 153.60M) | Time:00:00.31 | Mem:105.51M, Peak:105.51M | Scene, ViewLayer | Updating Particle Systems
Fra:50 Mem:131.64M (Peak 153.60M) | Time:00:00.31 | Mem:105.51M, Peak:105.51M | Scene, ViewLayer | Updating Particle Systems | Copying Particles to device
Fra:50 Mem:131.64M (Peak 153.60M) | Time:00:00.31 | Mem:105.51M, Peak:105.51M | Scene, ViewLayer | Updating Meshes
Fra:50 Mem:131.64M (Peak 153.60M) | Time:00:00.31 | Mem:105.51M, Peak:105.51M | Scene, ViewLayer | Updating Objects | Applying Static Transformations
Fra:50 Mem:131.64M (Peak 153.60M) | Time:00:00.31 | Mem:105.51M, Peak:105.51M | Scene, ViewLayer | Updating Mesh | Computing attributes
Fra:50 Mem:131.65M (Peak 153.60M) | Time:00:00.31 | Mem:105.51M, Peak:105.51M | Scene, ViewLayer | Updating Mesh | Copying Attributes to device
Fra:50 Mem:131.65M (Peak 153.60M) | Time:00:00.31 | Mem:105.52M, Peak:105.52M | Scene, ViewLayer | Updating Scene BVH | Building
Fra:50 Mem:131.65M (Peak 153.60M) | Time:00:00.31 | Mem:105.52M, Peak:105.52M | Scene, ViewLayer | Updating Scene BVH | Building BVH
Fra:50 Mem:131.65M (Peak 153.60M) | Time:00:00.31 | Mem:105.53M, Peak:105.53M | Scene, ViewLayer | Updating Scene BVH | Building BVH 0%
Fra:50 Mem:131.65M (Peak 153.60M) | Time:00:00.31 | Mem:105.56M, Peak:105.57M | Scene, ViewLayer | Updating Scene BVH | Copying BVH to device
Fra:50 Mem:131.65M (Peak 153.60M) | Time:00:00.31 | Mem:105.56M, Peak:105.57M | Scene, ViewLayer | Updating Mesh | Computing normals
Fra:50 Mem:131.66M (Peak 153.60M) | Time:00:00.31 | Mem:105.56M, Peak:105.57M | Scene, ViewLayer | Updating Mesh | Copying Mesh to device
Fra:50 Mem:131.66M (Peak 153.60M) | Time:00:00.31 | Mem:105.57M, Peak:105.57M | Scene, ViewLayer | Updating Objects Flags
Fra:50 Mem:131.66M (Peak 153.60M) | Time:00:00.31 | Mem:105.57M, Peak:105.57M | Scene, ViewLayer | Updating Primitive Offsets
Fra:50 Mem:131.66M (Peak 153.60M) | Time:00:00.31 | Mem:105.57M, Peak:105.57M | Scene, ViewLayer | Updating Images
Fra:50 Mem:131.66M (Peak 153.60M) | Time:00:00.31 | Mem:105.57M, Peak:105.57M | Scene, ViewLayer | Updating Camera Volume
Fra:50 Mem:131.66M (Peak 153.60M) | Time:00:00.31 | Mem:105.57M, Peak:105.57M | Scene, ViewLayer | Updating Lookup Tables
Fra:50 Mem:131.66M (Peak 153.60M) | Time:00:00.31 | Mem:105.65M, Peak:105.65M | Scene, ViewLayer | Updating Lights
Fra:50 Mem:131.66M (Peak 153.60M) | Time:00:00.31 | Mem:105.65M, Peak:105.65M | Scene, ViewLayer | Updating Lights | Computing tree
Fra:50 Mem:131.67M (Peak 153.60M) | Time:00:00.31 | Mem:105.66M, Peak:105.66M | Scene, ViewLayer | Updating Integrator
Fra:50 Mem:131.67M (Peak 153.60M) | Time:00:00.31 | Mem:105.66M, Peak:105.66M | Scene, ViewLayer | Updating Film
Fra:50 Mem:131.68M (Peak 153.60M) | Time:00:00.31 | Mem:105.58M, Peak:105.66M | Scene, ViewLayer | Updating Lookup Tables
Fra:50 Mem:131.68M (Peak 153.60M) | Time:00:00.31 | Mem:105.67M, Peak:105.67M | Scene, ViewLayer | Updating Baking
Fra:50 Mem:131.68M (Peak 153.60M) | Time:00:00.31 | Mem:105.67M, Peak:105.67M | Scene, ViewLayer | Updating Device | Writing constant memory
Fra:50 Mem:131.68M (Peak 153.60M) | Time:00:00.31 | Mem:105.67M, Peak:105.67M | Scene, ViewLayer | Sample 0/16
Fra:50 Mem:137.88M (Peak 153.60M) | Time:00:00.71 | Remaining:00:05.95 | Mem:111.86M, Peak:111.86M | Scene, ViewLayer | Sample 1/16
Fra:50 Mem:140.63M (Peak 153.60M) | Time:00:06.63 | Mem:111.86M, Peak:111.86M | Scene, ViewLayer | Sample 16/16
Fra:50 Mem:140.63M (Peak 153.60M) | Time:00:06.63 | Mem:111.86M, Peak:111.86M | Scene, ViewLayer | Finished
Fra:50 Mem:28.71M (Peak 153.60M) | Time:00:06.64 | Compositing
Saved: 'work/preview-frames/messi/frame_0050.png'
Time: 00:06.73 (Saving: 00:00.04)

Fra:51 Mem:27.00M (Peak 27.00M) | Time:00:00.00 | Mem:0.00M, Peak:0.00M | Scene, ViewLayer | Synchronizing object | 柔光主灯
Fra:51 Mem:27.00M (Peak 27.00M) | Time:00:00.00 | Mem:0.00M, Peak:0.00M | Scene, ViewLayer | Synchronizing object | 正面均匀补光
Fra:51 Mem:27.00M (Peak 27.00M) | Time:00:00.00 | Mem:0.00M, Peak:0.00M | Scene, ViewLayer | Synchronizing object | 顶部金光
Fra:51 Mem:27.00M (Peak 27.00M) | Time:00:00.00 | Mem:0.00M, Peak:0.00M | Scene, ViewLayer | Synchronizing object | 主体平面 · 完整视差合成
Fra:51 Mem:27.00M (Peak 27.00M) | Time:00:00.00 | Mem:0.00M, Peak:0.00M | Scene, ViewLayer | Synchronizing object | 内圈 · 古金细边
Fra:51 Mem:27.02M (Peak 27.02M) | Time:00:00.00 | Mem:0.00M, Peak:0.00M | Scene, ViewLayer | Synchronizing object | 外圈 · 全息压边
Fra:51 Mem:27.02M (Peak 27.02M) | Time:00:00.00 | Mem:0.00M, Peak:0.00M | Scene, ViewLayer | Synchronizing object | 文字平面 · Alpha PNG
Fra:51 Mem:27.03M (Peak 27.03M) | Time:00:00.00 | Mem:0.00M, Peak:0.00M | Scene, ViewLayer | Initializing
Fra:51 Mem:27.01M (Peak 27.03M) | Time:00:00.00 | Mem:0.00M, Peak:0.00M | Scene, ViewLayer | Updating Images | Loading text.png
Fra:51 Mem:27.01M (Peak 27.03M) | Time:00:00.00 | Mem:0.00M, Peak:0.00M | Scene, ViewLayer | Updating Images | Loading subject.png
Fra:51 Mem:69.21M (Peak 90.30M) | Time:00:00.07 | Mem:21.09M, Peak:21.09M | Scene, ViewLayer | Updating Images | Loading lineart.png
Fra:51 Mem:90.31M (Peak 111.41M) | Time:00:00.14 | Mem:42.19M, Peak:42.19M | Scene, ViewLayer | Updating Images | Loading background.png
Fra:51 Mem:131.52M (Peak 153.60M) | Time:00:00.32 | Mem:105.47M, Peak:105.47M | Scene, ViewLayer | Waiting for render to start
Fra:51 Mem:131.52M (Peak 153.60M) | Time:00:00.32 | Mem:105.47M, Peak:105.47M | Scene, ViewLayer | Updating Scene
Fra:51 Mem:131.52M (Peak 153.60M) | Time:00:00.32 | Mem:105.47M, Peak:105.47M | Scene, ViewLayer | Updating Shaders
Fra:51 Mem:131.52M (Peak 153.60M) | Time:00:00.32 | Mem:105.47M, Peak:105.47M | Scene, ViewLayer | Loading render kernels (may take a few minutes the first time)
Fra:51 Mem:131.63M (Peak 153.60M) | Time:00:00.32 | Mem:105.50M, Peak:105.50M | Scene, ViewLayer | Updating Procedurals
Fra:51 Mem:131.63M (Peak 153.60M) | Time:00:00.32 | Mem:105.50M, Peak:105.50M | Scene, ViewLayer | Updating Background
Fra:51 Mem:131.63M (Peak 153.60M) | Time:00:00.32 | Mem:105.50M, Peak:105.50M | Scene, ViewLayer | Updating Camera
Fra:51 Mem:131.63M (Peak 153.60M) | Time:00:00.32 | Mem:105.50M, Peak:105.50M | Scene, ViewLayer | Updating Meshes Flags
Fra:51 Mem:131.63M (Peak 153.60M) | Time:00:00.32 | Mem:105.50M, Peak:105.50M | Scene, ViewLayer | Updating Objects
Fra:51 Mem:131.63M (Peak 153.60M) | Time:00:00.32 | Mem:105.50M, Peak:105.50M | Scene, ViewLayer | Updating Objects | Copying Transformations to device
Fra:51 Mem:131.64M (Peak 153.60M) | Time:00:00.32 | Mem:105.51M, Peak:105.51M | Scene, ViewLayer | Updating Particle Systems
Fra:51 Mem:131.64M (Peak 153.60M) | Time:00:00.32 | Mem:105.51M, Peak:105.51M | Scene, ViewLayer | Updating Particle Systems | Copying Particles to device
Fra:51 Mem:131.64M (Peak 153.60M) | Time:00:00.32 | Mem:105.51M, Peak:105.51M | Scene, ViewLayer | Updating Meshes
Fra:51 Mem:131.64M (Peak 153.60M) | Time:00:00.32 | Mem:105.51M, Peak:105.51M | Scene, ViewLayer | Updating Objects | Applying Static Transformations
Fra:51 Mem:131.64M (Peak 153.60M) | Time:00:00.32 | Mem:105.51M, Peak:105.51M | Scene, ViewLayer | Updating Mesh | Computing attributes
Fra:51 Mem:131.65M (Peak 153.60M) | Time:00:00.32 | Mem:105.51M, Peak:105.51M | Scene, ViewLayer | Updating Mesh | Copying Attributes to device
Fra:51 Mem:131.65M (Peak 153.60M) | Time:00:00.32 | Mem:105.52M, Peak:105.52M | Scene, ViewLayer | Updating Scene BVH | Building
Fra:51 Mem:131.65M (Peak 153.60M) | Time:00:00.32 | Mem:105.52M, Peak:105.52M | Scene, ViewLayer | Updating Scene BVH | Building BVH
Fra:51 Mem:131.65M (Peak 153.60M) | Time:00:00.32 | Mem:105.53M, Peak:105.53M | Scene, ViewLayer | Updating Scene BVH | Building BVH 0%
Fra:51 Mem:131.65M (Peak 153.60M) | Time:00:00.32 | Mem:105.56M, Peak:105.57M | Scene, ViewLayer | Updating Scene BVH | Copying BVH to device
Fra:51 Mem:131.65M (Peak 153.60M) | Time:00:00.32 | Mem:105.56M, Peak:105.57M | Scene, ViewLayer | Updating Mesh | Computing normals
Fra:51 Mem:131.66M (Peak 153.60M) | Time:00:00.32 | Mem:105.56M, Peak:105.57M | Scene, ViewLayer | Updating Mesh | Copying Mesh to device
Fra:51 Mem:131.66M (Peak 153.60M) | Time:00:00.32 | Mem:105.57M, Peak:105.57M | Scene, ViewLayer | Updating Objects Flags
Fra:51 Mem:131.66M (Peak 153.60M) | Time:00:00.32 | Mem:105.57M, Peak:105.57M | Scene, ViewLayer | Updating Primitive Offsets
Fra:51 Mem:131.66M (Peak 153.60M) | Time:00:00.32 | Mem:105.57M, Peak:105.57M | Scene, ViewLayer | Updating Images
Fra:51 Mem:131.66M (Peak 153.60M) | Time:00:00.32 | Mem:105.57M, Peak:105.57M | Scene, ViewLayer | Updating Camera Volume
Fra:51 Mem:131.66M (Peak 153.60M) | Time:00:00.32 | Mem:105.57M, Peak:105.57M | Scene, ViewLayer | Updating Lookup Tables
Fra:51 Mem:131.66M (Peak 153.60M) | Time:00:00.32 | Mem:105.65M, Peak:105.65M | Scene, ViewLayer | Updating Lights
Fra:51 Mem:131.66M (Peak 153.60M) | Time:00:00.32 | Mem:105.65M, Peak:105.65M | Scene, ViewLayer | Updating Lights | Computing tree
Fra:51 Mem:131.67M (Peak 153.60M) | Time:00:00.32 | Mem:105.66M, Peak:105.66M | Scene, ViewLayer | Updating Integrator
Fra:51 Mem:131.67M (Peak 153.60M) | Time:00:00.32 | Mem:105.66M, Peak:105.66M | Scene, ViewLayer | Updating Film
Fra:51 Mem:131.68M (Peak 153.60M) | Time:00:00.32 | Mem:105.58M, Peak:105.66M | Scene, ViewLayer | Updating Lookup Tables
Fra:51 Mem:131.68M (Peak 153.60M) | Time:00:00.32 | Mem:105.67M, Peak:105.67M | Scene, ViewLayer | Updating Baking
Fra:51 Mem:131.68M (Peak 153.60M) | Time:00:00.32 | Mem:105.67M, Peak:105.67M | Scene, ViewLayer | Updating Device | Writing constant memory
Fra:51 Mem:131.68M (Peak 153.60M) | Time:00:00.32 | Mem:105.67M, Peak:105.67M | Scene, ViewLayer | Sample 0/16
Fra:51 Mem:137.88M (Peak 153.60M) | Time:00:00.73 | Remaining:00:06.11 | Mem:111.86M, Peak:111.86M | Scene, ViewLayer | Sample 1/16
Fra:51 Mem:140.63M (Peak 153.60M) | Time:00:06.85 | Mem:111.86M, Peak:111.86M | Scene, ViewLayer | Sample 16/16
Fra:51 Mem:140.63M (Peak 153.60M) | Time:00:06.85 | Mem:111.86M, Peak:111.86M | Scene, ViewLayer | Finished
Fra:51 Mem:28.71M (Peak 153.60M) | Time:00:06.86 | Compositing
Saved: 'work/preview-frames/messi/frame_0051.png'
Time: 00:06.94 (Saving: 00:00.04)

Fra:52 Mem:27.00M (Peak 27.00M) | Time:00:00.00 | Mem:0.00M, Peak:0.00M | Scene, ViewLayer | Synchronizing object | 柔光主灯
Fra:52 Mem:27.00M (Peak 27.00M) | Time:00:00.00 | Mem:0.00M, Peak:0.00M | Scene, ViewLayer | Synchronizing object | 正面均匀补光
Fra:52 Mem:27.00M (Peak 27.00M) | Time:00:00.00 | Mem:0.00M, Peak:0.00M | Scene, ViewLayer | Synchronizing object | 顶部金光
Fra:52 Mem:27.00M (Peak 27.00M) | Time:00:00.00 | Mem:0.00M, Peak:0.00M | Scene, ViewLayer | Synchronizing object | 主体平面 · 完整视差合成
Fra:52 Mem:27.00M (Peak 27.00M) | Time:00:00.00 | Mem:0.00M, Peak:0.00M | Scene, ViewLayer | Synchronizing object | 内圈 · 古金细边
Fra:52 Mem:27.02M (Peak 27.02M) | Time:00:00.00 | Mem:0.00M, Peak:0.00M | Scene, ViewLayer | Synchronizing object | 外圈 · 全息压边
Fra:52 Mem:27.02M (Peak 27.02M) | Time:00:00.00 | Mem:0.00M, Peak:0.00M | Scene, ViewLayer | Synchronizing object | 文字平面 · Alpha PNG
Fra:52 Mem:27.03M (Peak 27.03M) | Time:00:00.00 | Mem:0.00M, Peak:0.00M | Scene, ViewLayer | Initializing
Fra:52 Mem:27.01M (Peak 27.03M) | Time:00:00.00 | Mem:0.00M, Peak:0.00M | Scene, ViewLayer | Updating Images | Loading text.png
Fra:52 Mem:27.01M (Peak 27.03M) | Time:00:00.00 | Mem:0.00M, Peak:0.00M | Scene, ViewLayer | Updating Images | Loading subject.png
Fra:52 Mem:69.21M (Peak 90.30M) | Time:00:00.07 | Mem:21.09M, Peak:21.09M | Scene, ViewLayer | Updating Images | Loading lineart.png
Fra:52 Mem:90.31M (Peak 111.41M) | Time:00:00.14 | Mem:42.19M, Peak:42.19M | Scene, ViewLayer | Updating Images | Loading background.png
Fra:52 Mem:131.52M (Peak 153.60M) | Time:00:00.32 | Mem:105.47M, Peak:105.47M | Scene, ViewLayer | Waiting for render to start
Fra:52 Mem:131.52M (Peak 153.60M) | Time:00:00.32 | Mem:105.47M, Peak:105.47M | Scene, ViewLayer | Updating Scene
Fra:52 Mem:131.52M (Peak 153.60M) | Time:00:00.32 | Mem:105.47M, Peak:105.47M | Scene, ViewLayer | Updating Shaders
Fra:52 Mem:131.52M (Peak 153.60M) | Time:00:00.32 | Mem:105.47M, Peak:105.47M | Scene, ViewLayer | Loading render kernels (may take a few minutes the first time)
Fra:52 Mem:131.63M (Peak 153.60M) | Time:00:00.32 | Mem:105.50M, Peak:105.50M | Scene, ViewLayer | Updating Procedurals
Fra:52 Mem:131.63M (Peak 153.60M) | Time:00:00.32 | Mem:105.50M, Peak:105.50M | Scene, ViewLayer | Updating Background
Fra:52 Mem:131.63M (Peak 153.60M) | Time:00:00.32 | Mem:105.50M, Peak:105.50M | Scene, ViewLayer | Updating Camera
Fra:52 Mem:131.63M (Peak 153.60M) | Time:00:00.32 | Mem:105.50M, Peak:105.50M | Scene, ViewLayer | Updating Meshes Flags
Fra:52 Mem:131.63M (Peak 153.60M) | Time:00:00.32 | Mem:105.50M, Peak:105.50M | Scene, ViewLayer | Updating Objects
Fra:52 Mem:131.63M (Peak 153.60M) | Time:00:00.32 | Mem:105.50M, Peak:105.50M | Scene, ViewLayer | Updating Objects | Copying Transformations to device
Fra:52 Mem:131.64M (Peak 153.60M) | Time:00:00.32 | Mem:105.51M, Peak:105.51M | Scene, ViewLayer | Updating Particle Systems
Fra:52 Mem:131.64M (Peak 153.60M) | Time:00:00.32 | Mem:105.51M, Peak:105.51M | Scene, ViewLayer | Updating Particle Systems | Copying Particles to device
Fra:52 Mem:131.64M (Peak 153.60M) | Time:00:00.32 | Mem:105.51M, Peak:105.51M | Scene, ViewLayer | Updating Meshes
Fra:52 Mem:131.64M (Peak 153.60M) | Time:00:00.32 | Mem:105.51M, Peak:105.51M | Scene, ViewLayer | Updating Objects | Applying Static Transformations
Fra:52 Mem:131.64M (Peak 153.60M) | Time:00:00.32 | Mem:105.51M, Peak:105.51M | Scene, ViewLayer | Updating Mesh | Computing attributes
Fra:52 Mem:131.65M (Peak 153.60M) | Time:00:00.32 | Mem:105.51M, Peak:105.51M | Scene, ViewLayer | Updating Mesh | Copying Attributes to device
Fra:52 Mem:131.65M (Peak 153.60M) | Time:00:00.32 | Mem:105.52M, Peak:105.52M | Scene, ViewLayer | Updating Scene BVH | Building
Fra:52 Mem:131.65M (Peak 153.60M) | Time:00:00.32 | Mem:105.52M, Peak:105.52M | Scene, ViewLayer | Updating Scene BVH | Building BVH
Fra:52 Mem:131.65M (Peak 153.60M) | Time:00:00.32 | Mem:105.53M, Peak:105.53M | Scene, ViewLayer | Updating Scene BVH | Building BVH 0%
Fra:52 Mem:131.65M (Peak 153.60M) | Time:00:00.32 | Mem:105.56M, Peak:105.57M | Scene, ViewLayer | Updating Scene BVH | Copying BVH to device
Fra:52 Mem:131.65M (Peak 153.60M) | Time:00:00.32 | Mem:105.56M, Peak:105.57M | Scene, ViewLayer | Updating Mesh | Computing normals
Fra:52 Mem:131.66M (Peak 153.60M) | Time:00:00.32 | Mem:105.56M, Peak:105.57M | Scene, ViewLayer | Updating Mesh | Copying Mesh to device
Fra:52 Mem:131.66M (Peak 153.60M) | Time:00:00.32 | Mem:105.57M, Peak:105.57M | Scene, ViewLayer | Updating Objects Flags
Fra:52 Mem:131.66M (Peak 153.60M) | Time:00:00.32 | Mem:105.57M, Peak:105.57M | Scene, ViewLayer | Updating Primitive Offsets
Fra:52 Mem:131.66M (Peak 153.60M) | Time:00:00.32 | Mem:105.57M, Peak:105.57M | Scene, ViewLayer | Updating Images
Fra:52 Mem:131.66M (Peak 153.60M) | Time:00:00.32 | Mem:105.57M, Peak:105.57M | Scene, ViewLayer | Updating Camera Volume
Fra:52 Mem:131.66M (Peak 153.60M) | Time:00:00.32 | Mem:105.57M, Peak:105.57M | Scene, ViewLayer | Updating Lookup Tables
Fra:52 Mem:131.66M (Peak 153.60M) | Time:00:00.32 | Mem:105.65M, Peak:105.65M | Scene, ViewLayer | Updating Lights
Fra:52 Mem:131.66M (Peak 153.60M) | Time:00:00.32 | Mem:105.65M, Peak:105.65M | Scene, ViewLayer | Updating Lights | Computing tree
Fra:52 Mem:131.67M (Peak 153.60M) | Time:00:00.32 | Mem:105.66M, Peak:105.66M | Scene, ViewLayer | Updating Integrator
Fra:52 Mem:131.67M (Peak 153.60M) | Time:00:00.32 | Mem:105.66M, Peak:105.66M | Scene, ViewLayer | Updating Film
Fra:52 Mem:131.68M (Peak 153.60M) | Time:00:00.32 | Mem:105.58M, Peak:105.66M | Scene, ViewLayer | Updating Lookup Tables
Fra:52 Mem:131.68M (Peak 153.60M) | Time:00:00.32 | Mem:105.67M, Peak:105.67M | Scene, ViewLayer | Updating Baking
Fra:52 Mem:131.68M (Peak 153.60M) | Time:00:00.32 | Mem:105.67M, Peak:105.67M | Scene, ViewLayer | Updating Device | Writing constant memory
Fra:52 Mem:131.68M (Peak 153.60M) | Time:00:00.32 | Mem:105.67M, Peak:105.67M | Scene, ViewLayer | Sample 0/16
Fra:52 Mem:137.88M (Peak 153.60M) | Time:00:00.72 | Remaining:00:06.04 | Mem:111.86M, Peak:111.86M | Scene, ViewLayer | Sample 1/16
Fra:52 Mem:140.63M (Peak 153.60M) | Time:00:06.74 | Mem:111.86M, Peak:111.86M | Scene, ViewLayer | Sample 16/16
Fra:52 Mem:140.63M (Peak 153.60M) | Time:00:06.74 | Mem:111.86M, Peak:111.86M | Scene, ViewLayer | Finished
Fra:52 Mem:28.71M (Peak 153.60M) | Time:00:06.75 | Compositing
Saved: 'work/preview-frames/messi/frame_0052.png'
Time: 00:06.84 (Saving: 00:00.04)

Fra:53 Mem:27.00M (Peak 27.00M) | Time:00:00.00 | Mem:0.00M, Peak:0.00M | Scene, ViewLayer | Synchronizing object | 柔光主灯
Fra:53 Mem:27.00M (Peak 27.00M) | Time:00:00.00 | Mem:0.00M, Peak:0.00M | Scene, ViewLayer | Synchronizing object | 正面均匀补光
Fra:53 Mem:27.00M (Peak 27.00M) | Time:00:00.00 | Mem:0.00M, Peak:0.00M | Scene, ViewLayer | Synchronizing object | 顶部金光
Fra:53 Mem:27.00M (Peak 27.00M) | Time:00:00.00 | Mem:0.00M, Peak:0.00M | Scene, ViewLayer | Synchronizing object | 主体平面 · 完整视差合成
Fra:53 Mem:27.00M (Peak 27.00M) | Time:00:00.00 | Mem:0.00M, Peak:0.00M | Scene, ViewLayer | Synchronizing object | 内圈 · 古金细边
Fra:53 Mem:27.02M (Peak 27.02M) | Time:00:00.00 | Mem:0.00M, Peak:0.00M | Scene, ViewLayer | Synchronizing object | 外圈 · 全息压边
Fra:53 Mem:27.02M (Peak 27.02M) | Time:00:00.00 | Mem:0.00M, Peak:0.00M | Scene, ViewLayer | Synchronizing object | 文字平面 · Alpha PNG
Fra:53 Mem:27.03M (Peak 27.03M) | Time:00:00.00 | Mem:0.00M, Peak:0.00M | Scene, ViewLayer | Initializing
Fra:53 Mem:27.01M (Peak 27.03M) | Time:00:00.00 | Mem:0.00M, Peak:0.00M | Scene, ViewLayer | Updating Images | Loading text.png
Fra:53 Mem:27.01M (Peak 27.03M) | Time:00:00.00 | Mem:0.00M, Peak:0.00M | Scene, ViewLayer | Updating Images | Loading subject.png
Fra:53 Mem:69.21M (Peak 90.30M) | Time:00:00.07 | Mem:21.09M, Peak:21.09M | Scene, ViewLayer | Updating Images | Loading lineart.png
Fra:53 Mem:90.31M (Peak 111.41M) | Time:00:00.14 | Mem:42.19M, Peak:42.19M | Scene, ViewLayer | Updating Images | Loading background.png
Fra:53 Mem:131.52M (Peak 153.60M) | Time:00:00.32 | Mem:105.47M, Peak:105.47M | Scene, ViewLayer | Waiting for render to start
Fra:53 Mem:131.52M (Peak 153.60M) | Time:00:00.32 | Mem:105.47M, Peak:105.47M | Scene, ViewLayer | Updating Scene
Fra:53 Mem:131.52M (Peak 153.60M) | Time:00:00.32 | Mem:105.47M, Peak:105.47M | Scene, ViewLayer | Updating Shaders
Fra:53 Mem:131.52M (Peak 153.60M) | Time:00:00.32 | Mem:105.47M, Peak:105.47M | Scene, ViewLayer | Loading render kernels (may take a few minutes the first time)
Fra:53 Mem:131.63M (Peak 153.60M) | Time:00:00.32 | Mem:105.50M, Peak:105.50M | Scene, ViewLayer | Updating Procedurals
Fra:53 Mem:131.63M (Peak 153.60M) | Time:00:00.32 | Mem:105.50M, Peak:105.50M | Scene, ViewLayer | Updating Background
Fra:53 Mem:131.63M (Peak 153.60M) | Time:00:00.32 | Mem:105.50M, Peak:105.50M | Scene, ViewLayer | Updating Camera
Fra:53 Mem:131.63M (Peak 153.60M) | Time:00:00.32 | Mem:105.50M, Peak:105.50M | Scene, ViewLayer | Updating Meshes Flags
Fra:53 Mem:131.63M (Peak 153.60M) | Time:00:00.32 | Mem:105.50M, Peak:105.50M | Scene, ViewLayer | Updating Objects
Fra:53 Mem:131.63M (Peak 153.60M) | Time:00:00.32 | Mem:105.50M, Peak:105.50M | Scene, ViewLayer | Updating Objects | Copying Transformations to device
Fra:53 Mem:131.64M (Peak 153.60M) | Time:00:00.32 | Mem:105.51M, Peak:105.51M | Scene, ViewLayer | Updating Particle Systems
Fra:53 Mem:131.64M (Peak 153.60M) | Time:00:00.32 | Mem:105.51M, Peak:105.51M | Scene, ViewLayer | Updating Particle Systems | Copying Particles to device
Fra:53 Mem:131.64M (Peak 153.60M) | Time:00:00.32 | Mem:105.51M, Peak:105.51M | Scene, ViewLayer | Updating Meshes
Fra:53 Mem:131.64M (Peak 153.60M) | Time:00:00.32 | Mem:105.51M, Peak:105.51M | Scene, ViewLayer | Updating Objects | Applying Static Transformations
Fra:53 Mem:131.64M (Peak 153.60M) | Time:00:00.32 | Mem:105.51M, Peak:105.51M | Scene, ViewLayer | Updating Mesh | Computing attributes
Fra:53 Mem:131.65M (Peak 153.60M) | Time:00:00.32 | Mem:105.51M, Peak:105.51M | Scene, ViewLayer | Updating Mesh | Copying Attributes to device
Fra:53 Mem:131.65M (Peak 153.60M) | Time:00:00.32 | Mem:105.52M, Peak:105.52M | Scene, ViewLayer | Updating Scene BVH | Building
Fra:53 Mem:131.65M (Peak 153.60M) | Time:00:00.32 | Mem:105.52M, Peak:105.52M | Scene, ViewLayer | Updating Scene BVH | Building BVH
Fra:53 Mem:131.65M (Peak 153.60M) | Time:00:00.32 | Mem:105.53M, Peak:105.53M | Scene, ViewLayer | Updating Scene BVH | Building BVH 0%
Fra:53 Mem:131.65M (Peak 153.60M) | Time:00:00.32 | Mem:105.56M, Peak:105.57M | Scene, ViewLayer | Updating Scene BVH | Copying BVH to device
Fra:53 Mem:131.65M (Peak 153.60M) | Time:00:00.32 | Mem:105.56M, Peak:105.57M | Scene, ViewLayer | Updating Mesh | Computing normals
Fra:53 Mem:131.66M (Peak 153.60M) | Time:00:00.32 | Mem:105.56M, Peak:105.57M | Scene, ViewLayer | Updating Mesh | Copying Mesh to device
Fra:53 Mem:131.66M (Peak 153.60M) | Time:00:00.32 | Mem:105.57M, Peak:105.57M | Scene, ViewLayer | Updating Objects Flags
Fra:53 Mem:131.66M (Peak 153.60M) | Time:00:00.32 | Mem:105.57M, Peak:105.57M | Scene, ViewLayer | Updating Primitive Offsets
Fra:53 Mem:131.66M (Peak 153.60M) | Time:00:00.32 | Mem:105.57M, Peak:105.57M | Scene, ViewLayer | Updating Images
Fra:53 Mem:131.66M (Peak 153.60M) | Time:00:00.32 | Mem:105.57M, Peak:105.57M | Scene, ViewLayer | Updating Camera Volume
Fra:53 Mem:131.66M (Peak 153.60M) | Time:00:00.32 | Mem:105.57M, Peak:105.57M | Scene, ViewLayer | Updating Lookup Tables
Fra:53 Mem:131.66M (Peak 153.60M) | Time:00:00.32 | Mem:105.65M, Peak:105.65M | Scene, ViewLayer | Updating Lights
Fra:53 Mem:131.66M (Peak 153.60M) | Time:00:00.32 | Mem:105.65M, Peak:105.65M | Scene, ViewLayer | Updating Lights | Computing tree
Fra:53 Mem:131.67M (Peak 153.60M) | Time:00:00.32 | Mem:105.66M, Peak:105.66M | Scene, ViewLayer | Updating Integrator
Fra:53 Mem:131.67M (Peak 153.60M) | Time:00:00.32 | Mem:105.66M, Peak:105.66M | Scene, ViewLayer | Updating Film
Fra:53 Mem:131.68M (Peak 153.60M) | Time:00:00.32 | Mem:105.58M, Peak:105.66M | Scene, ViewLayer | Updating Lookup Tables
Fra:53 Mem:131.68M (Peak 153.60M) | Time:00:00.32 | Mem:105.67M, Peak:105.67M | Scene, ViewLayer | Updating Baking
Fra:53 Mem:131.68M (Peak 153.60M) | Time:00:00.32 | Mem:105.67M, Peak:105.67M | Scene, ViewLayer | Updating Device | Writing constant memory
Fra:53 Mem:131.68M (Peak 153.60M) | Time:00:00.32 | Mem:105.67M, Peak:105.67M | Scene, ViewLayer | Sample 0/16
Fra:53 Mem:137.88M (Peak 153.60M) | Time:00:00.73 | Remaining:00:06.14 | Mem:111.86M, Peak:111.86M | Scene, ViewLayer | Sample 1/16
Fra:53 Mem:140.63M (Peak 153.60M) | Time:00:06.70 | Mem:111.86M, Peak:111.86M | Scene, ViewLayer | Sample 16/16
Fra:53 Mem:140.63M (Peak 153.60M) | Time:00:06.70 | Mem:111.86M, Peak:111.86M | Scene, ViewLayer | Finished
Fra:53 Mem:28.71M (Peak 153.60M) | Time:00:06.71 | Compositing
Saved: 'work/preview-frames/messi/frame_0053.png'
Time: 00:06.80 (Saving: 00:00.04)

Fra:54 Mem:27.00M (Peak 27.00M) | Time:00:00.00 | Mem:0.00M, Peak:0.00M | Scene, ViewLayer | Synchronizing object | 柔光主灯
Fra:54 Mem:27.00M (Peak 27.00M) | Time:00:00.00 | Mem:0.00M, Peak:0.00M | Scene, ViewLayer | Synchronizing object | 正面均匀补光
Fra:54 Mem:27.00M (Peak 27.00M) | Time:00:00.00 | Mem:0.00M, Peak:0.00M | Scene, ViewLayer | Synchronizing object | 顶部金光
Fra:54 Mem:27.00M (Peak 27.00M) | Time:00:00.00 | Mem:0.00M, Peak:0.00M | Scene, ViewLayer | Synchronizing object | 主体平面 · 完整视差合成
Fra:54 Mem:27.00M (Peak 27.00M) | Time:00:00.00 | Mem:0.00M, Peak:0.00M | Scene, ViewLayer | Synchronizing object | 内圈 · 古金细边
Fra:54 Mem:27.02M (Peak 27.02M) | Time:00:00.00 | Mem:0.00M, Peak:0.00M | Scene, ViewLayer | Synchronizing object | 外圈 · 全息压边
Fra:54 Mem:27.02M (Peak 27.02M) | Time:00:00.00 | Mem:0.00M, Peak:0.00M | Scene, ViewLayer | Synchronizing object | 文字平面 · Alpha PNG
Fra:54 Mem:27.03M (Peak 27.03M) | Time:00:00.00 | Mem:0.00M, Peak:0.00M | Scene, ViewLayer | Initializing
Fra:54 Mem:27.01M (Peak 27.03M) | Time:00:00.00 | Mem:0.00M, Peak:0.00M | Scene, ViewLayer | Updating Images | Loading text.png
Fra:54 Mem:27.01M (Peak 27.03M) | Time:00:00.00 | Mem:0.00M, Peak:0.00M | Scene, ViewLayer | Updating Images | Loading subject.png
Fra:54 Mem:69.21M (Peak 90.30M) | Time:00:00.08 | Mem:21.09M, Peak:21.09M | Scene, ViewLayer | Updating Images | Loading lineart.png
Fra:54 Mem:90.31M (Peak 111.41M) | Time:00:00.14 | Mem:42.19M, Peak:42.19M | Scene, ViewLayer | Updating Images | Loading background.png
Fra:54 Mem:131.52M (Peak 153.60M) | Time:00:00.32 | Mem:105.47M, Peak:105.47M | Scene, ViewLayer | Waiting for render to start
Fra:54 Mem:131.52M (Peak 153.60M) | Time:00:00.32 | Mem:105.47M, Peak:105.47M | Scene, ViewLayer | Updating Scene
Fra:54 Mem:131.52M (Peak 153.60M) | Time:00:00.32 | Mem:105.47M, Peak:105.47M | Scene, ViewLayer | Updating Shaders
Fra:54 Mem:131.52M (Peak 153.60M) | Time:00:00.32 | Mem:105.47M, Peak:105.47M | Scene, ViewLayer | Loading render kernels (may take a few minutes the first time)
Fra:54 Mem:131.63M (Peak 153.60M) | Time:00:00.33 | Mem:105.50M, Peak:105.50M | Scene, ViewLayer | Updating Procedurals
Fra:54 Mem:131.63M (Peak 153.60M) | Time:00:00.33 | Mem:105.50M, Peak:105.50M | Scene, ViewLayer | Updating Background
Fra:54 Mem:131.63M (Peak 153.60M) | Time:00:00.33 | Mem:105.50M, Peak:105.50M | Scene, ViewLayer | Updating Camera
Fra:54 Mem:131.63M (Peak 153.60M) | Time:00:00.33 | Mem:105.50M, Peak:105.50M | Scene, ViewLayer | Updating Meshes Flags
Fra:54 Mem:131.63M (Peak 153.60M) | Time:00:00.33 | Mem:105.50M, Peak:105.50M | Scene, ViewLayer | Updating Objects
Fra:54 Mem:131.63M (Peak 153.60M) | Time:00:00.33 | Mem:105.50M, Peak:105.50M | Scene, ViewLayer | Updating Objects | Copying Transformations to device
Fra:54 Mem:131.64M (Peak 153.60M) | Time:00:00.33 | Mem:105.51M, Peak:105.51M | Scene, ViewLayer | Updating Particle Systems
Fra:54 Mem:131.64M (Peak 153.60M) | Time:00:00.33 | Mem:105.51M, Peak:105.51M | Scene, ViewLayer | Updating Particle Systems | Copying Particles to device
Fra:54 Mem:131.64M (Peak 153.60M) | Time:00:00.33 | Mem:105.51M, Peak:105.51M | Scene, ViewLayer | Updating Meshes
Fra:54 Mem:131.64M (Peak 153.60M) | Time:00:00.33 | Mem:105.51M, Peak:105.51M | Scene, ViewLayer | Updating Objects | Applying Static Transformations
Fra:54 Mem:131.64M (Peak 153.60M) | Time:00:00.33 | Mem:105.51M, Peak:105.51M | Scene, ViewLayer | Updating Mesh | Computing attributes
Fra:54 Mem:131.65M (Peak 153.60M) | Time:00:00.33 | Mem:105.51M, Peak:105.51M | Scene, ViewLayer | Updating Mesh | Copying Attributes to device
Fra:54 Mem:131.65M (Peak 153.60M) | Time:00:00.33 | Mem:105.52M, Peak:105.52M | Scene, ViewLayer | Updating Scene BVH | Building
Fra:54 Mem:131.65M (Peak 153.60M) | Time:00:00.33 | Mem:105.52M, Peak:105.52M | Scene, ViewLayer | Updating Scene BVH | Building BVH
Fra:54 Mem:131.65M (Peak 153.60M) | Time:00:00.33 | Mem:105.53M, Peak:105.53M | Scene, ViewLayer | Updating Scene BVH | Building BVH 0%
Fra:54 Mem:131.65M (Peak 153.60M) | Time:00:00.33 | Mem:105.56M, Peak:105.57M | Scene, ViewLayer | Updating Scene BVH | Copying BVH to device
Fra:54 Mem:131.65M (Peak 153.60M) | Time:00:00.33 | Mem:105.56M, Peak:105.57M | Scene, ViewLayer | Updating Mesh | Computing normals
Fra:54 Mem:131.66M (Peak 153.60M) | Time:00:00.33 | Mem:105.56M, Peak:105.57M | Scene, ViewLayer | Updating Mesh | Copying Mesh to device
Fra:54 Mem:131.66M (Peak 153.60M) | Time:00:00.33 | Mem:105.57M, Peak:105.57M | Scene, ViewLayer | Updating Objects Flags
Fra:54 Mem:131.66M (Peak 153.60M) | Time:00:00.33 | Mem:105.57M, Peak:105.57M | Scene, ViewLayer | Updating Primitive Offsets
Fra:54 Mem:131.66M (Peak 153.60M) | Time:00:00.33 | Mem:105.57M, Peak:105.57M | Scene, ViewLayer | Updating Images
Fra:54 Mem:131.66M (Peak 153.60M) | Time:00:00.33 | Mem:105.57M, Peak:105.57M | Scene, ViewLayer | Updating Camera Volume
Fra:54 Mem:131.66M (Peak 153.60M) | Time:00:00.33 | Mem:105.57M, Peak:105.57M | Scene, ViewLayer | Updating Lookup Tables
Fra:54 Mem:131.66M (Peak 153.60M) | Time:00:00.33 | Mem:105.65M, Peak:105.65M | Scene, ViewLayer | Updating Lights
Fra:54 Mem:131.66M (Peak 153.60M) | Time:00:00.33 | Mem:105.65M, Peak:105.65M | Scene, ViewLayer | Updating Lights | Computing tree
Fra:54 Mem:131.67M (Peak 153.60M) | Time:00:00.33 | Mem:105.66M, Peak:105.66M | Scene, ViewLayer | Updating Integrator
Fra:54 Mem:131.67M (Peak 153.60M) | Time:00:00.33 | Mem:105.66M, Peak:105.66M | Scene, ViewLayer | Updating Film
Fra:54 Mem:131.68M (Peak 153.60M) | Time:00:00.33 | Mem:105.58M, Peak:105.66M | Scene, ViewLayer | Updating Lookup Tables
Fra:54 Mem:131.68M (Peak 153.60M) | Time:00:00.33 | Mem:105.67M, Peak:105.67M | Scene, ViewLayer | Updating Baking
Fra:54 Mem:131.68M (Peak 153.60M) | Time:00:00.33 | Mem:105.67M, Peak:105.67M | Scene, ViewLayer | Updating Device | Writing constant memory
Fra:54 Mem:131.68M (Peak 153.60M) | Time:00:00.33 | Mem:105.67M, Peak:105.67M | Scene, ViewLayer | Sample 0/16
Fra:54 Mem:137.88M (Peak 153.60M) | Time:00:00.79 | Remaining:00:06.85 | Mem:111.86M, Peak:111.86M | Scene, ViewLayer | Sample 1/16
Fra:54 Mem:140.63M (Peak 153.60M) | Time:00:06.96 | Mem:111.86M, Peak:111.86M | Scene, ViewLayer | Sample 16/16
Fra:54 Mem:140.63M (Peak 153.60M) | Time:00:06.96 | Mem:111.86M, Peak:111.86M | Scene, ViewLayer | Finished
Fra:54 Mem:28.71M (Peak 153.60M) | Time:00:06.96 | Compositing
Saved: 'work/preview-frames/messi/frame_0054.png'
Time: 00:07.05 (Saving: 00:00.04)

Fra:55 Mem:27.00M (Peak 27.00M) | Time:00:00.00 | Mem:0.00M, Peak:0.00M | Scene, ViewLayer | Synchronizing object | 柔光主灯
Fra:55 Mem:27.00M (Peak 27.00M) | Time:00:00.00 | Mem:0.00M, Peak:0.00M | Scene, ViewLayer | Synchronizing object | 正面均匀补光
Fra:55 Mem:27.00M (Peak 27.00M) | Time:00:00.00 | Mem:0.00M, Peak:0.00M | Scene, ViewLayer | Synchronizing object | 顶部金光
Fra:55 Mem:27.00M (Peak 27.00M) | Time:00:00.00 | Mem:0.00M, Peak:0.00M | Scene, ViewLayer | Synchronizing object | 主体平面 · 完整视差合成
Fra:55 Mem:27.00M (Peak 27.00M) | Time:00:00.00 | Mem:0.00M, Peak:0.00M | Scene, ViewLayer | Synchronizing object | 内圈 · 古金细边
Fra:55 Mem:27.02M (Peak 27.02M) | Time:00:00.00 | Mem:0.00M, Peak:0.00M | Scene, ViewLayer | Synchronizing object | 外圈 · 全息压边
Fra:55 Mem:27.02M (Peak 27.02M) | Time:00:00.00 | Mem:0.00M, Peak:0.00M | Scene, ViewLayer | Synchronizing object | 文字平面 · Alpha PNG
Fra:55 Mem:27.03M (Peak 27.03M) | Time:00:00.00 | Mem:0.00M, Peak:0.00M | Scene, ViewLayer | Initializing
Fra:55 Mem:27.01M (Peak 27.03M) | Time:00:00.00 | Mem:0.00M, Peak:0.00M | Scene, ViewLayer | Updating Images | Loading text.png
Fra:55 Mem:27.01M (Peak 27.03M) | Time:00:00.00 | Mem:0.00M, Peak:0.00M | Scene, ViewLayer | Updating Images | Loading subject.png
Fra:55 Mem:69.21M (Peak 90.30M) | Time:00:00.07 | Mem:21.09M, Peak:21.09M | Scene, ViewLayer | Updating Images | Loading lineart.png
Fra:55 Mem:111.41M (Peak 132.51M) | Time:00:00.14 | Mem:42.19M, Peak:42.19M | Scene, ViewLayer | Updating Images | Loading background.png
Fra:55 Mem:131.52M (Peak 153.60M) | Time:00:00.33 | Mem:105.47M, Peak:105.47M | Scene, ViewLayer | Waiting for render to start
Fra:55 Mem:131.52M (Peak 153.60M) | Time:00:00.33 | Mem:105.47M, Peak:105.47M | Scene, ViewLayer | Updating Scene
Fra:55 Mem:131.52M (Peak 153.60M) | Time:00:00.33 | Mem:105.47M, Peak:105.47M | Scene, ViewLayer | Updating Shaders
Fra:55 Mem:131.52M (Peak 153.60M) | Time:00:00.33 | Mem:105.47M, Peak:105.47M | Scene, ViewLayer | Loading render kernels (may take a few minutes the first time)
Fra:55 Mem:131.63M (Peak 153.60M) | Time:00:00.33 | Mem:105.50M, Peak:105.50M | Scene, ViewLayer | Updating Procedurals
Fra:55 Mem:131.63M (Peak 153.60M) | Time:00:00.33 | Mem:105.50M, Peak:105.50M | Scene, ViewLayer | Updating Background
Fra:55 Mem:131.63M (Peak 153.60M) | Time:00:00.33 | Mem:105.50M, Peak:105.50M | Scene, ViewLayer | Updating Camera
Fra:55 Mem:131.63M (Peak 153.60M) | Time:00:00.33 | Mem:105.50M, Peak:105.50M | Scene, ViewLayer | Updating Meshes Flags
Fra:55 Mem:131.63M (Peak 153.60M) | Time:00:00.33 | Mem:105.50M, Peak:105.50M | Scene, ViewLayer | Updating Objects
Fra:55 Mem:131.63M (Peak 153.60M) | Time:00:00.33 | Mem:105.50M, Peak:105.50M | Scene, ViewLayer | Updating Objects | Copying Transformations to device
Fra:55 Mem:131.64M (Peak 153.60M) | Time:00:00.33 | Mem:105.51M, Peak:105.51M | Scene, ViewLayer | Updating Particle Systems
Fra:55 Mem:131.64M (Peak 153.60M) | Time:00:00.33 | Mem:105.51M, Peak:105.51M | Scene, ViewLayer | Updating Particle Systems | Copying Particles to device
Fra:55 Mem:131.64M (Peak 153.60M) | Time:00:00.33 | Mem:105.51M, Peak:105.51M | Scene, ViewLayer | Updating Meshes
Fra:55 Mem:131.64M (Peak 153.60M) | Time:00:00.33 | Mem:105.51M, Peak:105.51M | Scene, ViewLayer | Updating Objects | Applying Static Transformations
Fra:55 Mem:131.64M (Peak 153.60M) | Time:00:00.33 | Mem:105.51M, Peak:105.51M | Scene, ViewLayer | Updating Mesh | Computing attributes
Fra:55 Mem:131.65M (Peak 153.60M) | Time:00:00.33 | Mem:105.51M, Peak:105.51M | Scene, ViewLayer | Updating Mesh | Copying Attributes to device
Fra:55 Mem:131.65M (Peak 153.60M) | Time:00:00.33 | Mem:105.52M, Peak:105.52M | Scene, ViewLayer | Updating Scene BVH | Building
Fra:55 Mem:131.65M (Peak 153.60M) | Time:00:00.33 | Mem:105.52M, Peak:105.52M | Scene, ViewLayer | Updating Scene BVH | Building BVH
Fra:55 Mem:131.65M (Peak 153.60M) | Time:00:00.33 | Mem:105.53M, Peak:105.53M | Scene, ViewLayer | Updating Scene BVH | Building BVH 0%
Fra:55 Mem:131.65M (Peak 153.60M) | Time:00:00.33 | Mem:105.55M, Peak:105.57M | Scene, ViewLayer | Updating Scene BVH | Copying BVH to device
Fra:55 Mem:131.65M (Peak 153.60M) | Time:00:00.33 | Mem:105.55M, Peak:105.57M | Scene, ViewLayer | Updating Mesh | Computing normals
Fra:55 Mem:131.66M (Peak 153.60M) | Time:00:00.33 | Mem:105.55M, Peak:105.57M | Scene, ViewLayer | Updating Mesh | Copying Mesh to device
Fra:55 Mem:131.66M (Peak 153.60M) | Time:00:00.33 | Mem:105.57M, Peak:105.57M | Scene, ViewLayer | Updating Objects Flags
Fra:55 Mem:131.66M (Peak 153.60M) | Time:00:00.33 | Mem:105.57M, Peak:105.57M | Scene, ViewLayer | Updating Primitive Offsets
Fra:55 Mem:131.66M (Peak 153.60M) | Time:00:00.33 | Mem:105.57M, Peak:105.57M | Scene, ViewLayer | Updating Images
Fra:55 Mem:131.66M (Peak 153.60M) | Time:00:00.33 | Mem:105.57M, Peak:105.57M | Scene, ViewLayer | Updating Camera Volume
Fra:55 Mem:131.66M (Peak 153.60M) | Time:00:00.33 | Mem:105.57M, Peak:105.57M | Scene, ViewLayer | Updating Lookup Tables
Fra:55 Mem:131.66M (Peak 153.60M) | Time:00:00.33 | Mem:105.65M, Peak:105.65M | Scene, ViewLayer | Updating Lights
Fra:55 Mem:131.66M (Peak 153.60M) | Time:00:00.33 | Mem:105.65M, Peak:105.65M | Scene, ViewLayer | Updating Lights | Computing tree
Fra:55 Mem:131.68M (Peak 153.60M) | Time:00:00.33 | Mem:105.66M, Peak:105.66M | Scene, ViewLayer | Updating Integrator
Fra:55 Mem:131.68M (Peak 153.60M) | Time:00:00.33 | Mem:105.66M, Peak:105.66M | Scene, ViewLayer | Updating Film
Fra:55 Mem:131.68M (Peak 153.60M) | Time:00:00.33 | Mem:105.58M, Peak:105.66M | Scene, ViewLayer | Updating Lookup Tables
Fra:55 Mem:131.68M (Peak 153.60M) | Time:00:00.33 | Mem:105.67M, Peak:105.67M | Scene, ViewLayer | Updating Baking
Fra:55 Mem:131.68M (Peak 153.60M) | Time:00:00.33 | Mem:105.67M, Peak:105.67M | Scene, ViewLayer | Updating Device | Writing constant memory
Fra:55 Mem:131.68M (Peak 153.60M) | Time:00:00.33 | Mem:105.67M, Peak:105.67M | Scene, ViewLayer | Sample 0/16
Fra:55 Mem:137.88M (Peak 153.60M) | Time:00:00.73 | Remaining:00:06.02 | Mem:111.86M, Peak:111.86M | Scene, ViewLayer | Sample 1/16
